#
# There is insufficient memory for the Java Runtime Environment to continue.
# Native memory allocation (mmap) failed to map 268435456 bytes. Error detail: G1 virtual space
# Possible reasons:
#   The system is out of physical RAM or swap space
#   This process is running with CompressedOops enabled, and the Java Heap may be blocking the growth of the native heap
# Possible solutions:
#   Reduce memory load on the system
#   Increase physical memory or swap space
#   Check if swap backing store is full
#   Decrease Java heap size (-Xmx/-Xms)
#   Decrease number of Java threads
#   Decrease Java thread stack sizes (-Xss)
#   Set larger code cache with -XX:ReservedCodeCacheSize=
#   JVM is running with Zero Based Compressed Oops mode in which the Java heap is
#     placed in the first 32GB address space. The Java Heap base address is the
#     maximum limit for the native heap growth. Please use -XX:HeapBaseMinAddress
#     to set the Java Heap base and to place the Java Heap above 32GB virtual address.
# This output file may be truncated or incomplete.
#
#  Out of Memory Error (os_windows.cpp:3554), pid=11672, tid=17840
#
# JRE version:  (25.0.2+10) (build )
# Java VM: OpenJDK 64-Bit Server VM (25.0.2+10-LTS, mixed mode, sharing, tiered, compressed oops, compressed class ptrs, g1 gc, windows-amd64)
# No core dump will be written. Minidumps are not enabled by default on client versions of Windows
#

---------------  S U M M A R Y ------------

Command Line: -Dclassworlds.conf=C:\Program Files\Apache NetBeans\java\maven\bin\m2.conf -Dmaven.home=C:\Program Files\Apache NetBeans\java\maven -Dlibrary.jansi.path=C:\Program Files\Apache NetBeans\java\maven\lib\jansi-native -Dmaven.multiModuleProjectDirectory=H:\ProyectosJava\CineFis org.codehaus.plexus.classworlds.launcher.Launcher -Dmaven.ext.class.path=C:\Program Files\Apache NetBeans\java\maven-nblib\netbeans-eventspy.jar --no-transfer-progress clean install

Host: Intel(R) Core(TM) i5-9400 CPU @ 2.90GHz, 6 cores, 15G,  Windows 10 , 64 bit Build 19041 (10.0.19041.5915)
Time: Fri Jul 10 01:28:21 2026 Hora est. Pacífico, Sudamérica elapsed time: 0.009459 seconds (0d 0h 0m 0s)

---------------  T H R E A D  ---------------

Current thread (0x000002653fc396b0):  JavaThread "Unknown thread" [_thread_in_vm, id=17840, stack(0x0000009850100000,0x0000009850200000) (1024K)]

Stack: [0x0000009850100000,0x0000009850200000]
Native frames: (J=compiled Java code, j=interpreted, Vv=VM code, C=native code)
V  [jvm.dll+0x7a8bc9]  (no source info available)
V  [jvm.dll+0x77310d]  (no source info available)
V  [jvm.dll+0x9f55f3]  (no source info available)
V  [jvm.dll+0x9f7be1]  (no source info available)
V  [jvm.dll+0x9f82f3]  (no source info available)
V  [jvm.dll+0x2fce26]  (no source info available)
V  [jvm.dll+0x7a4df5]  (no source info available)
V  [jvm.dll+0x798257]  (no source info available)
V  [jvm.dll+0x3f5248]  (no source info available)
V  [jvm.dll+0x3fd1b6]  (no source info available)
V  [jvm.dll+0x3e991e]  (no source info available)
V  [jvm.dll+0x3e9bd8]  (no source info available)
V  [jvm.dll+0x3c0c05]  (no source info available)
V  [jvm.dll+0x3c188e]  (no source info available)
V  [jvm.dll+0x9bc474]  (no source info available)
V  [jvm.dll+0x459e72]  (no source info available)
V  [jvm.dll+0x9a02a2]  (no source info available)
V  [jvm.dll+0x4fa5c1]  (no source info available)
V  [jvm.dll+0x4fbeb1]  (no source info available)
C  [jli.dll+0x53fa]  (no source info available)
C  [ucrtbase.dll+0x21bb2]  (no source info available)
C  [KERNEL32.DLL+0x17374]  (no source info available)
C  [ntdll.dll+0x4cc91]  (no source info available)

Lock stack of current Java thread (top to bottom):


---------------  P R O C E S S  ---------------

Threads class SMR info:
_java_thread_list=0x00007ffe6090e008, length=0, elements={
}

Java Threads: ( => current thread )
Total: 0

Other Threads:
  0x000002653fc9ec30 WorkerThread "GC Thread#0"                     [id=15728, stack(0x0000009850200000,0x0000009850300000) (1024K)]
  0x000002653fcb7d60 ConcurrentGCThread "G1 Main Marker"            [id=16136, stack(0x0000009850300000,0x0000009850400000) (1024K)]
  0x000002653fcba0b0 WorkerThread "G1 Conc#0"                       [id=16524, stack(0x0000009850400000,0x0000009850500000) (1024K)]

[error occurred during error reporting (printing all threads), id 0xc0000005, EXCEPTION_ACCESS_VIOLATION (0xc0000005) at pc=0x00007ffe5ff3591a]
VM state: not at safepoint (not fully initialized)

VM Mutex/Monitor currently owned by a thread:  ([mutex/lock_event])
[0x00007ffe60996548] Heap_lock - owner thread: 0x000002653fc396b0

Heap address: 0x0000000700c00000, size: 4084 MB, Compressed Oops mode: Zero based, Oop shift amount: 3

CDS archive(s) mapped at: [0x0000000000000000-0x0000000000000000-0x0000000000000000), size 0, SharedBaseAddress: 0x0000000800000000, ArchiveRelocationMode: 1.
UseCompressedClassPointers 1, UseCompactObjectHeaders 0
Narrow klass pointer bits 32, Max shift 3
Narrow klass base: 0xffffffffffffffff, Narrow klass shift: -1
Encoding Range: [0xffffffffffffffff - 0x000000007fffffff), (2147483648 bytes)
Klass Range:    [0x0000000000000000 - 0x0000000000000000), (0 bytes)
Klass ID Range:  [4294967295 - 0) (1)
No protection zone.

GC Precious Log:
 CardTable entry size: 512
 Card Set container configuration: InlinePtr #cards 4 size 8 Array Of Cards #cards 16 size 48 Howl #buckets 8 coarsen threshold 3686 Howl Bitmap #cards 512 size 80 coarsen threshold 460 Card regions per heap region 1 cards per card region 4096

Heap:
 garbage-first heap   total reserved 4182016K, committed 0K, used 0K [0x0000000700c00000, 0x0000000800000000)
  region size 2048K, 0 young (0K), 0 survivors (0K)

Heap Regions: E=young(eden), S=young(survivor), O=old, HS=humongous(starts), HC=humongous(continues), CS=collection set, F=free, TAMS=top-at-mark-start, PB=parsable bottom

Card table byte_map: [0x0000026558040000,0x0000026558840000] _byte_map_base: 0x000002655483a000

Marking Bits: (CMBitMap*) 0x000002653fc9f3c0
 Bits: [0x0000026558840000, 0x000002655c810000)

GC Heap Usage History (0 events):
No events

Metaspace Usage History (0 events):
No events

Dll operation events (1 events):
Event: 0.006 Loaded shared library C:\Program Files\Apache NetBeans\jdk\bin\java.dll

Deoptimization events (0 events):
No events

Classes loaded (0 events):
No events

Classes unloaded (0 events):
No events

Classes redefined (0 events):
No events

Internal exceptions (0 events):
No events

VM Operations (0 events):
No events

Memory protections (0 events):
No events

Nmethod flushes (0 events):
No events

Events (0 events):
No events


Dynamic libraries:
0x00007ff65bd00000 - 0x00007ff65bd0e000 	C:\Program Files\Apache NetBeans\jdk\bin\java.exe
0x00007ffed0910000 - 0x00007ffed0b08000 	C:\Windows\SYSTEM32\ntdll.dll
0x00007ffecfd40000 - 0x00007ffecfe02000 	C:\Windows\System32\KERNEL32.DLL
0x00007ffece220000 - 0x00007ffece516000 	C:\Windows\System32\KERNELBASE.dll
0x00007ffece830000 - 0x00007ffece930000 	C:\Windows\System32\ucrtbase.dll
0x00007ffebdde0000 - 0x00007ffebddf6000 	C:\Program Files\Apache NetBeans\jdk\bin\jli.dll
0x00007ffec6510000 - 0x00007ffec652e000 	C:\Program Files\Apache NetBeans\jdk\bin\VCRUNTIME140.dll
0x00007ffed0720000 - 0x00007ffed08c1000 	C:\Windows\System32\USER32.dll
0x00007ffeb7d70000 - 0x00007ffeb800b000 	C:\Windows\WinSxS\amd64_microsoft.windows.common-controls_6595b64144ccf1df_6.0.19041.6456_none_60b8a6cb71f64256\COMCTL32.dll
0x00007ffece800000 - 0x00007ffece822000 	C:\Windows\System32\win32u.dll
0x00007ffed05a0000 - 0x00007ffed063e000 	C:\Windows\System32\msvcrt.dll
0x00007ffecf8f0000 - 0x00007ffecf91b000 	C:\Windows\System32\GDI32.dll
0x00007ffece100000 - 0x00007ffece219000 	C:\Windows\System32\gdi32full.dll
0x00007ffece520000 - 0x00007ffece5bd000 	C:\Windows\System32\msvcp_win.dll
0x00007ffecf450000 - 0x00007ffecf47f000 	C:\Windows\System32\IMM32.DLL
0x00007ffecad80000 - 0x00007ffecad8c000 	C:\Program Files\Apache NetBeans\jdk\bin\vcruntime140_1.dll
0x00007ffe99510000 - 0x00007ffe9959d000 	C:\Program Files\Apache NetBeans\jdk\bin\msvcp140.dll
0x00007ffe5fb60000 - 0x00007ffe60a86000 	C:\Program Files\Apache NetBeans\jdk\bin\server\jvm.dll
0x00007ffecf390000 - 0x00007ffecf441000 	C:\Windows\System32\ADVAPI32.dll
0x00007ffecfbf0000 - 0x00007ffecfc8f000 	C:\Windows\System32\sechost.dll
0x00007ffed0090000 - 0x00007ffed01b0000 	C:\Windows\System32\RPCRT4.dll
0x00007ffece7d0000 - 0x00007ffece7f7000 	C:\Windows\System32\bcrypt.dll
0x00007ffecfe10000 - 0x00007ffecfe7b000 	C:\Windows\System32\WS2_32.dll
0x00007ffecd980000 - 0x00007ffecd9cb000 	C:\Windows\SYSTEM32\POWRPROF.dll
0x00007ffec1ab0000 - 0x00007ffec1ad7000 	C:\Windows\SYSTEM32\WINMM.dll
0x00007ffec6170000 - 0x00007ffec617a000 	C:\Windows\SYSTEM32\VERSION.dll
0x00007ffecd940000 - 0x00007ffecd952000 	C:\Windows\SYSTEM32\UMPDC.dll
0x00007ffecbe30000 - 0x00007ffecbe42000 	C:\Windows\SYSTEM32\kernel.appcore.dll
0x00007ffec6660000 - 0x00007ffec666a000 	C:\Program Files\Apache NetBeans\jdk\bin\jimage.dll
0x00007ffeb8190000 - 0x00007ffeb8391000 	C:\Windows\SYSTEM32\DBGHELP.DLL
0x00007ffea8a70000 - 0x00007ffea8aa4000 	C:\Windows\SYSTEM32\dbgcore.DLL
0x00007ffece5c0000 - 0x00007ffece642000 	C:\Windows\System32\bcryptPrimitives.dll
0x00007ffebde00000 - 0x00007ffebde1e000 	C:\Program Files\Apache NetBeans\jdk\bin\java.dll
0x00007ffeceaf0000 - 0x00007ffecec1b000 	C:\Windows\System32\ole32.dll
0x00007ffed01d0000 - 0x00007ffed0524000 	C:\Windows\System32\combase.dll
0x00007ffecec20000 - 0x00007ffecf390000 	C:\Windows\System32\SHELL32.dll

JVMTI agents: none

dbghelp: loaded successfully - version: 4.0.5 - missing functions: none
symbol engine: initialized successfully - sym options: 0x614 - pdb path: .;C:\Program Files\Apache NetBeans\jdk\bin;C:\Windows\SYSTEM32;C:\Windows\WinSxS\amd64_microsoft.windows.common-controls_6595b64144ccf1df_6.0.19041.6456_none_60b8a6cb71f64256;C:\Program Files\Apache NetBeans\jdk\bin\server

VM Arguments:
jvm_args: -Dclassworlds.conf=C:\Program Files\Apache NetBeans\java\maven\bin\m2.conf -Dmaven.home=C:\Program Files\Apache NetBeans\java\maven -Dlibrary.jansi.path=C:\Program Files\Apache NetBeans\java\maven\lib\jansi-native -Dmaven.multiModuleProjectDirectory=H:\ProyectosJava\CineFis 
java_command: org.codehaus.plexus.classworlds.launcher.Launcher -Dmaven.ext.class.path=C:\Program Files\Apache NetBeans\java\maven-nblib\netbeans-eventspy.jar --no-transfer-progress clean install
java_class_path (initial): C:\Program Files\Apache NetBeans\java\maven\boot\plexus-classworlds-2.9.0.jar
Launcher Type: SUN_STANDARD

[Global flags]
     intx CICompilerCount                          = 3                                         {product} {ergonomic}
     uint ConcGCThreads                            = 2                                         {product} {ergonomic}
     uint G1ConcRefinementThreads                  = 6                                         {product} {ergonomic}
   size_t G1HeapRegionSize                         = 2097152                                   {product} {ergonomic}
   size_t InitialHeapSize                          = 268435456                                 {product} {ergonomic}
   size_t MarkStackSize                            = 4194304                                   {product} {ergonomic}
   size_t MarkStackSizeMax                         = 536870912                                 {product} {ergonomic}
   size_t MaxHeapSize                              = 4282384384                                {product} {ergonomic}
   size_t MinHeapDeltaBytes                        = 2097152                                   {product} {ergonomic}
   size_t MinHeapSize                              = 8388608                                   {product} {ergonomic}
    uintx NonNMethodCodeHeapSize                   = 5832704                                {pd product} {ergonomic}
    uintx NonProfiledCodeHeapSize                  = 122945536                              {pd product} {ergonomic}
    uintx ProfiledCodeHeapSize                     = 122880000                              {pd product} {ergonomic}
    uintx ReservedCodeCacheSize                    = 251658240                              {pd product} {ergonomic}
     bool SegmentedCodeCache                       = true                                      {product} {ergonomic}
   size_t SoftMaxHeapSize                          = 4282384384                             {manageable} {ergonomic}
     bool UseCompressedOops                        = true                           {product lp64_product} {ergonomic}
     bool UseG1GC                                  = true                                      {product} {ergonomic}
     bool UseLargePagesIndividualAllocation        = false                                  {pd product} {ergonomic}

Logging:
Log output configuration:
 #0: stdout all=warning uptime,level,tags foldmultilines=false
 #1: stderr all=off uptime,level,tags foldmultilines=false

Release file:
<release file has not been read>
Environment Variables:
JAVA_HOME=C:\Program Files\Apache NetBeans\jdk
PATH=C:\Program Files\Common Files\Oracle\Java\javapath;C:\Program Files (x86)\VMware\VMware Workstation\bin\;C:\Windows\system32;C:\Windows;C:\Windows\System32\Wbem;C:\Windows\System32\WindowsPowerShell\v1.0\;C:\Windows\System32\OpenSSH\;C:\Program Files\dotnet\;C:\Program Files (x86)\Microsoft SQL Server\170\Tools\Binn\;C:\Program Files\Microsoft SQL Server\170\Tools\Binn\;C:\Program Files\Microsoft SQL Server\Client SDK\ODBC\180\Tools\Binn\;C:\Program Files\Microsoft SQL Server\170\DTS\Binn\;C:\Program Files\Git\cmd;C:\Users\ksang\AppData\Local\Microsoft\WindowsApps;C:\Users\ksang\AppData\Local\Programs\Microsoft VS Code\bin;C:\Users\ksang\.dotnet\tools;C:\Program Files\Apache NetBeans\bin\
USERNAME=ksang
OS=Windows_NT
PROCESSOR_IDENTIFIER=Intel64 Family 6 Model 158 Stepping 10, GenuineIntel
TMP=C:\Users\ksang\AppData\Local\Temp
TEMP=C:\Users\ksang\AppData\Local\Temp




Compilation memory statistics disabled.

Periodic native trim disabled

---------------  S Y S T E M  ---------------

OS:
 Windows 10 , 64 bit Build 19041 (10.0.19041.5915)
OS uptime: 12 days 6:36 hours

CPU: total 6 (initial active 6) (6 cores per cpu, 1 threads per core) family 6 model 158 stepping 10 microcode 0xca, cx8, cmov, fxsr, mmx, 3dnowpref, sse, sse2, sse3, ssse3, sse4.1, sse4.2, popcnt, lzcnt, tsc, tscinvbit, avx, avx2, aes, erms, clmul, bmi1, bmi2, adx, fma, vzeroupper, clflush, clflushopt, rdtscp, f16c
Processor Information for the first 6 processors :
  Max Mhz: 2904, Current Mhz: 2904, Mhz Limit: 2904

Memory: 4k page, system-wide physical 16328M (4754M free)
TotalPageFile size 20931M (AvailPageFile size 89M)
current process WorkingSet (physical memory assigned to process): 12M, peak: 12M
current process commit charge ("private bytes"): 56M, peak: 312M

vm_info: OpenJDK 64-Bit Server VM (25.0.2+10-LTS) for windows-amd64 JRE (25.0.2+10-LTS), built on 2026-01-20T00:00:00Z with MS VC++ 17.12 (VS2022)

END.
