#
# There is insufficient memory for the Java Runtime Environment to continue.
# Native memory allocation (malloc) failed to allocate 328280 bytes. Error detail: Chunk::new
# Possible reasons:
#   The system is out of physical RAM or swap space
#   This process is running with CompressedOops enabled, and the Java Heap may be blocking the growth of the native heap
# Possible solutions:
#   Reduce memory load on the system
#   Increase physical memory or swap space
#   Check if swap backing store is full
#   Decrease Java heap size (-Xmx/-Xms)
#   Decrease number of Java threads
#   Decrease Java thread stack sizes (-Xss)
#   Set larger code cache with -XX:ReservedCodeCacheSize=
#   JVM is running with Zero Based Compressed Oops mode in which the Java heap is
#     placed in the first 32GB address space. The Java Heap base address is the
#     maximum limit for the native heap growth. Please use -XX:HeapBaseMinAddress
#     to set the Java Heap base and to place the Java Heap above 32GB virtual address.
# This output file may be truncated or incomplete.
#
#  Out of Memory Error (arena.cpp:186), pid=608, tid=3860
#
# JRE version: OpenJDK Runtime Environment Temurin-25.0.2+10 (25.0.2+10) (build 25.0.2+10-LTS)
# Java VM: OpenJDK 64-Bit Server VM Temurin-25.0.2+10 (25.0.2+10-LTS, mixed mode, sharing, tiered, compressed oops, compressed class ptrs, g1 gc, windows-amd64)
# No core dump will be written. Minidumps are not enabled by default on client versions of Windows
#

---------------  S U M M A R Y ------------

Command Line: fis.poo.cinefis.app.Principal

Host: Intel(R) Core(TM) i5-9400 CPU @ 2.90GHz, 6 cores, 15G,  Windows 10 , 64 bit Build 19041 (10.0.19041.5915)
Time: Fri Jul 10 01:31:53 2026 Hora est. Pacífico, Sudamérica elapsed time: 0.767801 seconds (0d 0h 0m 0s)

---------------  T H R E A D  ---------------

Current thread (0x0000015cff6ab6b0):  JavaThread "C2 CompilerThread1" daemon [_thread_in_native, id=3860, stack(0x00000017d9200000,0x00000017d9300000) (1024K)]


Current CompileTask:
C2:767  975 %     4       java.awt.image.AreaAveragingScaleFilter::accumPixels @ 161 (545 bytes)

Stack: [0x00000017d9200000,0x00000017d9300000]
Native frames: (J=compiled Java code, j=interpreted, Vv=VM code, C=native code)
V  [jvm.dll+0x7a8bc9]  (no source info available)
V  [jvm.dll+0x77310d]  (no source info available)
V  [jvm.dll+0x9f55f3]  (no source info available)
V  [jvm.dll+0x9f7be1]  (no source info available)
V  [jvm.dll+0x9f82f3]  (no source info available)
V  [jvm.dll+0x2fce26]  (no source info available)
V  [jvm.dll+0x111076]  (no source info available)
V  [jvm.dll+0x11139e]  (no source info available)
V  [jvm.dll+0x453757]  (no source info available)
V  [jvm.dll+0x254188]  (no source info available)
V  [jvm.dll+0x2c027c]  (no source info available)
V  [jvm.dll+0x2bf3cf]  (no source info available)
V  [jvm.dll+0x237140]  (no source info available)
V  [jvm.dll+0x2cf4c6]  (no source info available)
V  [jvm.dll+0x2cd74a]  (no source info available)
V  [jvm.dll+0x48fbee]  (no source info available)
V  [jvm.dll+0x996b0d]  (no source info available)
V  [jvm.dll+0x7a71a5]  (no source info available)
C  [ucrtbase.dll+0x21bb2]  (no source info available)
C  [KERNEL32.DLL+0x17374]  (no source info available)
C  [ntdll.dll+0x4cc91]  (no source info available)

Lock stack of current Java thread (top to bottom):


---------------  P R O C E S S  ---------------

Threads class SMR info:
_java_thread_list=0x0000015cff12be30, length=18, elements={
0x0000015cf8c94830, 0x0000015cf8c95540, 0x0000015cf8c96bc0, 0x0000015cf8c98b90,
0x0000015cf8c999d0, 0x0000015cf8c9a590, 0x0000015cf8c9ba90, 0x0000015cf8ca46b0,
0x0000015cfd030ed0, 0x0000015cfd035d30, 0x0000015cfd751d80, 0x0000015cfd610c90,
0x0000015cfd7789a0, 0x0000015cfd6684d0, 0x0000015ce657e890, 0x0000015cfebd5b10,
0x0000015cff6ab6b0, 0x0000015cfebd6af0
}

Java Threads: ( => current thread )
  0x0000015cf8c94830 JavaThread "Reference Handler"          daemon [_thread_blocked, id=8312, stack(0x00000017d7e00000,0x00000017d7f00000) (1024K)]
  0x0000015cf8c95540 JavaThread "Finalizer"                  daemon [_thread_blocked, id=796, stack(0x00000017d7f00000,0x00000017d8000000) (1024K)]
  0x0000015cf8c96bc0 JavaThread "Signal Dispatcher"          daemon [_thread_blocked, id=17464, stack(0x00000017d8000000,0x00000017d8100000) (1024K)]
  0x0000015cf8c98b90 JavaThread "Attach Listener"            daemon [_thread_blocked, id=19376, stack(0x00000017d8100000,0x00000017d8200000) (1024K)]
  0x0000015cf8c999d0 JavaThread "Service Thread"             daemon [_thread_blocked, id=12504, stack(0x00000017d8200000,0x00000017d8300000) (1024K)]
  0x0000015cf8c9a590 JavaThread "Monitor Deflation Thread"   daemon [_thread_blocked, id=15788, stack(0x00000017d8300000,0x00000017d8400000) (1024K)]
  0x0000015cf8c9ba90 JavaThread "C2 CompilerThread0"         daemon [_thread_in_native, id=9580, stack(0x00000017d8400000,0x00000017d8500000) (1024K)]
  0x0000015cf8ca46b0 JavaThread "C1 CompilerThread0"         daemon [_thread_in_native, id=15668, stack(0x00000017d8500000,0x00000017d8600000) (1024K)]
  0x0000015cfd030ed0 JavaThread "Notification Thread"        daemon [_thread_blocked, id=5972, stack(0x00000017d8600000,0x00000017d8700000) (1024K)]
  0x0000015cfd035d30 JavaThread "Common-Cleaner"             daemon [_thread_blocked, id=15924, stack(0x00000017d8700000,0x00000017d8800000) (1024K)]
  0x0000015cfd751d80 JavaThread "Java2D Disposer"            daemon [_thread_blocked, id=5012, stack(0x00000017d8800000,0x00000017d8900000) (1024K)]
  0x0000015cfd610c90 JavaThread "AWT-Shutdown"                      [_thread_blocked, id=10900, stack(0x00000017d8900000,0x00000017d8a00000) (1024K)]
  0x0000015cfd7789a0 JavaThread "AWT-Windows"                daemon [_thread_in_native, id=13876, stack(0x00000017d8a00000,0x00000017d8b00000) (1024K)]
  0x0000015cfd6684d0 JavaThread "AWT-EventQueue-0"                  [_thread_in_native, id=12416, stack(0x00000017d8b00000,0x00000017d8c00000) (1024K)]
  0x0000015ce657e890 JavaThread "DestroyJavaVM"                     [_thread_blocked, id=15148, stack(0x00000017d7600000,0x00000017d7700000) (1024K)]
  0x0000015cfebd5b10 JavaThread "Image Fetcher 0"            daemon [_thread_blocked, id=2912, stack(0x00000017d9100000,0x00000017d9200000) (1024K)]
=>0x0000015cff6ab6b0 JavaThread "C2 CompilerThread1"         daemon [_thread_in_native, id=3860, stack(0x00000017d9200000,0x00000017d9300000) (1024K)]
  0x0000015cfebd6af0 JavaThread "D3D Screen Updater"         daemon [_thread_blocked, id=18888, stack(0x00000017d9300000,0x00000017d9400000) (1024K)]
Total: 18

Other Threads:
  0x0000015cf8c81160 VMThread "VM Thread"                           [id=15616, stack(0x00000017d7d00000,0x00000017d7e00000) (1024K)]
  0x0000015cf8c716c0 WatcherThread "VM Periodic Task Thread"        [id=1764, stack(0x00000017d7c00000,0x00000017d7d00000) (1024K)]
  0x0000015ce894c2c0 WorkerThread "GC Thread#0"                     [id=12552, stack(0x00000017d7700000,0x00000017d7800000) (1024K)]
  0x0000015ce8966ba0 ConcurrentGCThread "G1 Main Marker"            [id=1320, stack(0x00000017d7800000,0x00000017d7900000) (1024K)]
  0x0000015ce8968750 WorkerThread "G1 Conc#0"                       [id=18556, stack(0x00000017d7900000,0x00000017d7a00000) (1024K)]
  0x0000015ce89a73b0 ConcurrentGCThread "G1 Refine#0"               [id=10372, stack(0x00000017d7a00000,0x00000017d7b00000) (1024K)]
  0x0000015ce89a7fc0 ConcurrentGCThread "G1 Service"                [id=16416, stack(0x00000017d7b00000,0x00000017d7c00000) (1024K)]
Total: 7

Threads with active compile tasks:
C2 CompilerThread0  785  974 % !   4       sun.awt.image.PNGImageDecoder::produceImage @ 960 (1917 bytes)
C1 CompilerThread0  785 1031       3       java.lang.invoke.VarHandleSegmentAsInts::set (16 bytes)
C2 CompilerThread1  785  975 %     4       java.awt.image.AreaAveragingScaleFilter::accumPixels @ 161 (545 bytes)
Total: 3

VM state: not at safepoint (normal execution)

VM Mutex/Monitor currently owned by a thread: None

Heap address: 0x0000000700c00000, size: 4084 MB, Compressed Oops mode: Zero based, Oop shift amount: 3

CDS archive(s) mapped at: [0x0000000093000000-0x0000000093dd0000-0x0000000093dd0000), size 14483456, SharedBaseAddress: 0x0000000093000000, ArchiveRelocationMode: 1.
Compressed class space mapped at: 0x0000000094000000-0x00000000d4000000, reserved size: 1073741824
UseCompressedClassPointers 1, UseCompactObjectHeaders 0
Narrow klass pointer bits 32, Max shift 3
Narrow klass base: 0x0000000093000000, Narrow klass shift: 0
Encoding Range: [0x0000000093000000 - 0x0000000193000000), (4294967296 bytes)
Klass Range:    [0x0000000093010000 - 0x00000000d4000000), (1090453504 bytes)
Klass ID Range:  [65536 - 1090519033) (1090453497)
Protection zone: [0x0000000093000000 - 0x0000000093010000), (65536 bytes)

GC Precious Log:
 CardTable entry size: 512
 Card Set container configuration: InlinePtr #cards 4 size 8 Array Of Cards #cards 16 size 48 Howl #buckets 8 coarsen threshold 3686 Howl Bitmap #cards 512 size 80 coarsen threshold 460 Card regions per heap region 1 cards per card region 4096
 CPUs: 6 total, 6 available
 Memory: 16328M
 Large Page Support: Disabled
 NUMA Support: Disabled
 Compressed Oops: Enabled (Zero based)
 Heap Region Size: 2M
 Heap Min Capacity: 8M
 Heap Initial Capacity: 256M
 Heap Max Capacity: 4084M
 Pre-touch: Disabled
 Parallel Workers: 6
 Concurrent Workers: 2
 Concurrent Refinement Workers: 6
 Periodic GC: Disabled

Heap:
 garbage-first heap   total reserved 4182016K, committed 264192K, used 29843K [0x0000000700c00000, 0x0000000800000000)
  region size 2048K, 11 young (22528K), 0 survivors (0K)

Heap Regions: E=young(eden), S=young(survivor), O=old, HS=humongous(starts), HC=humongous(continues), CS=collection set, F=free, TAMS=top-at-mark-start, PB=parsable bottom
|   0|0x0000000700c00000, 0x0000000700e00000, 0x0000000700e00000|100%|HS|  |TAMS 0x0000000700c00000| PB 0x0000000700c00000| Complete |  0
|   1|0x0000000700e00000, 0x0000000701000000, 0x0000000701000000|100%|HC|  |TAMS 0x0000000700e00000| PB 0x0000000700e00000| Complete |  0
|   2|0x0000000701000000, 0x0000000701200000, 0x0000000701200000|100%|HC|  |TAMS 0x0000000701000000| PB 0x0000000701000000| Complete |  0
|   3|0x0000000701200000, 0x0000000701400000, 0x0000000701400000|100%|HS|  |TAMS 0x0000000701200000| PB 0x0000000701200000| Complete |  0
|   4|0x0000000701400000, 0x0000000701400000, 0x0000000701600000|  0%| F|  |TAMS 0x0000000701400000| PB 0x0000000701400000| Untracked |  0
|   5|0x0000000701600000, 0x0000000701600000, 0x0000000701800000|  0%| F|  |TAMS 0x0000000701600000| PB 0x0000000701600000| Untracked |  0
|   6|0x0000000701800000, 0x0000000701800000, 0x0000000701a00000|  0%| F|  |TAMS 0x0000000701800000| PB 0x0000000701800000| Untracked |  0
|   7|0x0000000701a00000, 0x0000000701a00000, 0x0000000701c00000|  0%| F|  |TAMS 0x0000000701a00000| PB 0x0000000701a00000| Untracked |  0
|   8|0x0000000701c00000, 0x0000000701c00000, 0x0000000701e00000|  0%| F|  |TAMS 0x0000000701c00000| PB 0x0000000701c00000| Untracked |  0
|   9|0x0000000701e00000, 0x0000000701e00000, 0x0000000702000000|  0%| F|  |TAMS 0x0000000701e00000| PB 0x0000000701e00000| Untracked |  0
|  10|0x0000000702000000, 0x0000000702000000, 0x0000000702200000|  0%| F|  |TAMS 0x0000000702000000| PB 0x0000000702000000| Untracked |  0
|  11|0x0000000702200000, 0x0000000702200000, 0x0000000702400000|  0%| F|  |TAMS 0x0000000702200000| PB 0x0000000702200000| Untracked |  0
|  12|0x0000000702400000, 0x0000000702400000, 0x0000000702600000|  0%| F|  |TAMS 0x0000000702400000| PB 0x0000000702400000| Untracked |  0
|  13|0x0000000702600000, 0x0000000702600000, 0x0000000702800000|  0%| F|  |TAMS 0x0000000702600000| PB 0x0000000702600000| Untracked |  0
|  14|0x0000000702800000, 0x0000000702800000, 0x0000000702a00000|  0%| F|  |TAMS 0x0000000702800000| PB 0x0000000702800000| Untracked |  0
|  15|0x0000000702a00000, 0x0000000702a00000, 0x0000000702c00000|  0%| F|  |TAMS 0x0000000702a00000| PB 0x0000000702a00000| Untracked |  0
|  16|0x0000000702c00000, 0x0000000702c00000, 0x0000000702e00000|  0%| F|  |TAMS 0x0000000702c00000| PB 0x0000000702c00000| Untracked |  0
|  17|0x0000000702e00000, 0x0000000702e00000, 0x0000000703000000|  0%| F|  |TAMS 0x0000000702e00000| PB 0x0000000702e00000| Untracked |  0
|  18|0x0000000703000000, 0x0000000703000000, 0x0000000703200000|  0%| F|  |TAMS 0x0000000703000000| PB 0x0000000703000000| Untracked |  0
|  19|0x0000000703200000, 0x0000000703200000, 0x0000000703400000|  0%| F|  |TAMS 0x0000000703200000| PB 0x0000000703200000| Untracked |  0
|  20|0x0000000703400000, 0x0000000703400000, 0x0000000703600000|  0%| F|  |TAMS 0x0000000703400000| PB 0x0000000703400000| Untracked |  0
|  21|0x0000000703600000, 0x0000000703600000, 0x0000000703800000|  0%| F|  |TAMS 0x0000000703600000| PB 0x0000000703600000| Untracked |  0
|  22|0x0000000703800000, 0x0000000703800000, 0x0000000703a00000|  0%| F|  |TAMS 0x0000000703800000| PB 0x0000000703800000| Untracked |  0
|  23|0x0000000703a00000, 0x0000000703a00000, 0x0000000703c00000|  0%| F|  |TAMS 0x0000000703a00000| PB 0x0000000703a00000| Untracked |  0
|  24|0x0000000703c00000, 0x0000000703c00000, 0x0000000703e00000|  0%| F|  |TAMS 0x0000000703c00000| PB 0x0000000703c00000| Untracked |  0
|  25|0x0000000703e00000, 0x0000000703e00000, 0x0000000704000000|  0%| F|  |TAMS 0x0000000703e00000| PB 0x0000000703e00000| Untracked |  0
|  26|0x0000000704000000, 0x0000000704000000, 0x0000000704200000|  0%| F|  |TAMS 0x0000000704000000| PB 0x0000000704000000| Untracked |  0
|  27|0x0000000704200000, 0x0000000704200000, 0x0000000704400000|  0%| F|  |TAMS 0x0000000704200000| PB 0x0000000704200000| Untracked |  0
|  28|0x0000000704400000, 0x0000000704400000, 0x0000000704600000|  0%| F|  |TAMS 0x0000000704400000| PB 0x0000000704400000| Untracked |  0
|  29|0x0000000704600000, 0x0000000704600000, 0x0000000704800000|  0%| F|  |TAMS 0x0000000704600000| PB 0x0000000704600000| Untracked |  0
|  30|0x0000000704800000, 0x0000000704800000, 0x0000000704a00000|  0%| F|  |TAMS 0x0000000704800000| PB 0x0000000704800000| Untracked |  0
|  31|0x0000000704a00000, 0x0000000704a00000, 0x0000000704c00000|  0%| F|  |TAMS 0x0000000704a00000| PB 0x0000000704a00000| Untracked |  0
|  32|0x0000000704c00000, 0x0000000704c00000, 0x0000000704e00000|  0%| F|  |TAMS 0x0000000704c00000| PB 0x0000000704c00000| Untracked |  0
|  33|0x0000000704e00000, 0x0000000704e00000, 0x0000000705000000|  0%| F|  |TAMS 0x0000000704e00000| PB 0x0000000704e00000| Untracked |  0
|  34|0x0000000705000000, 0x0000000705000000, 0x0000000705200000|  0%| F|  |TAMS 0x0000000705000000| PB 0x0000000705000000| Untracked |  0
|  35|0x0000000705200000, 0x0000000705200000, 0x0000000705400000|  0%| F|  |TAMS 0x0000000705200000| PB 0x0000000705200000| Untracked |  0
|  36|0x0000000705400000, 0x0000000705400000, 0x0000000705600000|  0%| F|  |TAMS 0x0000000705400000| PB 0x0000000705400000| Untracked |  0
|  37|0x0000000705600000, 0x0000000705600000, 0x0000000705800000|  0%| F|  |TAMS 0x0000000705600000| PB 0x0000000705600000| Untracked |  0
|  38|0x0000000705800000, 0x0000000705800000, 0x0000000705a00000|  0%| F|  |TAMS 0x0000000705800000| PB 0x0000000705800000| Untracked |  0
|  39|0x0000000705a00000, 0x0000000705a00000, 0x0000000705c00000|  0%| F|  |TAMS 0x0000000705a00000| PB 0x0000000705a00000| Untracked |  0
|  40|0x0000000705c00000, 0x0000000705c00000, 0x0000000705e00000|  0%| F|  |TAMS 0x0000000705c00000| PB 0x0000000705c00000| Untracked |  0
|  41|0x0000000705e00000, 0x0000000705e00000, 0x0000000706000000|  0%| F|  |TAMS 0x0000000705e00000| PB 0x0000000705e00000| Untracked |  0
|  42|0x0000000706000000, 0x0000000706000000, 0x0000000706200000|  0%| F|  |TAMS 0x0000000706000000| PB 0x0000000706000000| Untracked |  0
|  43|0x0000000706200000, 0x0000000706200000, 0x0000000706400000|  0%| F|  |TAMS 0x0000000706200000| PB 0x0000000706200000| Untracked |  0
|  44|0x0000000706400000, 0x0000000706400000, 0x0000000706600000|  0%| F|  |TAMS 0x0000000706400000| PB 0x0000000706400000| Untracked |  0
|  45|0x0000000706600000, 0x0000000706600000, 0x0000000706800000|  0%| F|  |TAMS 0x0000000706600000| PB 0x0000000706600000| Untracked |  0
|  46|0x0000000706800000, 0x0000000706800000, 0x0000000706a00000|  0%| F|  |TAMS 0x0000000706800000| PB 0x0000000706800000| Untracked |  0
|  47|0x0000000706a00000, 0x0000000706a00000, 0x0000000706c00000|  0%| F|  |TAMS 0x0000000706a00000| PB 0x0000000706a00000| Untracked |  0
|  48|0x0000000706c00000, 0x0000000706c00000, 0x0000000706e00000|  0%| F|  |TAMS 0x0000000706c00000| PB 0x0000000706c00000| Untracked |  0
|  49|0x0000000706e00000, 0x0000000706e00000, 0x0000000707000000|  0%| F|  |TAMS 0x0000000706e00000| PB 0x0000000706e00000| Untracked |  0
|  50|0x0000000707000000, 0x0000000707000000, 0x0000000707200000|  0%| F|  |TAMS 0x0000000707000000| PB 0x0000000707000000| Untracked |  0
|  51|0x0000000707200000, 0x0000000707200000, 0x0000000707400000|  0%| F|  |TAMS 0x0000000707200000| PB 0x0000000707200000| Untracked |  0
|  52|0x0000000707400000, 0x0000000707400000, 0x0000000707600000|  0%| F|  |TAMS 0x0000000707400000| PB 0x0000000707400000| Untracked |  0
|  53|0x0000000707600000, 0x0000000707600000, 0x0000000707800000|  0%| F|  |TAMS 0x0000000707600000| PB 0x0000000707600000| Untracked |  0
|  54|0x0000000707800000, 0x0000000707800000, 0x0000000707a00000|  0%| F|  |TAMS 0x0000000707800000| PB 0x0000000707800000| Untracked |  0
|  55|0x0000000707a00000, 0x0000000707a00000, 0x0000000707c00000|  0%| F|  |TAMS 0x0000000707a00000| PB 0x0000000707a00000| Untracked |  0
|  56|0x0000000707c00000, 0x0000000707c00000, 0x0000000707e00000|  0%| F|  |TAMS 0x0000000707c00000| PB 0x0000000707c00000| Untracked |  0
|  57|0x0000000707e00000, 0x0000000707e00000, 0x0000000708000000|  0%| F|  |TAMS 0x0000000707e00000| PB 0x0000000707e00000| Untracked |  0
|  58|0x0000000708000000, 0x0000000708000000, 0x0000000708200000|  0%| F|  |TAMS 0x0000000708000000| PB 0x0000000708000000| Untracked |  0
|  59|0x0000000708200000, 0x0000000708200000, 0x0000000708400000|  0%| F|  |TAMS 0x0000000708200000| PB 0x0000000708200000| Untracked |  0
|  60|0x0000000708400000, 0x0000000708400000, 0x0000000708600000|  0%| F|  |TAMS 0x0000000708400000| PB 0x0000000708400000| Untracked |  0
|  61|0x0000000708600000, 0x0000000708600000, 0x0000000708800000|  0%| F|  |TAMS 0x0000000708600000| PB 0x0000000708600000| Untracked |  0
|  62|0x0000000708800000, 0x0000000708800000, 0x0000000708a00000|  0%| F|  |TAMS 0x0000000708800000| PB 0x0000000708800000| Untracked |  0
|  63|0x0000000708a00000, 0x0000000708a00000, 0x0000000708c00000|  0%| F|  |TAMS 0x0000000708a00000| PB 0x0000000708a00000| Untracked |  0
|  64|0x0000000708c00000, 0x0000000708c00000, 0x0000000708e00000|  0%| F|  |TAMS 0x0000000708c00000| PB 0x0000000708c00000| Untracked |  0
|  65|0x0000000708e00000, 0x0000000708e00000, 0x0000000709000000|  0%| F|  |TAMS 0x0000000708e00000| PB 0x0000000708e00000| Untracked |  0
|  66|0x0000000709000000, 0x0000000709000000, 0x0000000709200000|  0%| F|  |TAMS 0x0000000709000000| PB 0x0000000709000000| Untracked |  0
|  67|0x0000000709200000, 0x0000000709200000, 0x0000000709400000|  0%| F|  |TAMS 0x0000000709200000| PB 0x0000000709200000| Untracked |  0
|  68|0x0000000709400000, 0x0000000709400000, 0x0000000709600000|  0%| F|  |TAMS 0x0000000709400000| PB 0x0000000709400000| Untracked |  0
|  69|0x0000000709600000, 0x0000000709600000, 0x0000000709800000|  0%| F|  |TAMS 0x0000000709600000| PB 0x0000000709600000| Untracked |  0
|  70|0x0000000709800000, 0x0000000709800000, 0x0000000709a00000|  0%| F|  |TAMS 0x0000000709800000| PB 0x0000000709800000| Untracked |  0
|  71|0x0000000709a00000, 0x0000000709a00000, 0x0000000709c00000|  0%| F|  |TAMS 0x0000000709a00000| PB 0x0000000709a00000| Untracked |  0
|  72|0x0000000709c00000, 0x0000000709c00000, 0x0000000709e00000|  0%| F|  |TAMS 0x0000000709c00000| PB 0x0000000709c00000| Untracked |  0
|  73|0x0000000709e00000, 0x0000000709e00000, 0x000000070a000000|  0%| F|  |TAMS 0x0000000709e00000| PB 0x0000000709e00000| Untracked |  0
|  74|0x000000070a000000, 0x000000070a000000, 0x000000070a200000|  0%| F|  |TAMS 0x000000070a000000| PB 0x000000070a000000| Untracked |  0
|  75|0x000000070a200000, 0x000000070a200000, 0x000000070a400000|  0%| F|  |TAMS 0x000000070a200000| PB 0x000000070a200000| Untracked |  0
|  76|0x000000070a400000, 0x000000070a400000, 0x000000070a600000|  0%| F|  |TAMS 0x000000070a400000| PB 0x000000070a400000| Untracked |  0
|  77|0x000000070a600000, 0x000000070a600000, 0x000000070a800000|  0%| F|  |TAMS 0x000000070a600000| PB 0x000000070a600000| Untracked |  0
|  78|0x000000070a800000, 0x000000070a800000, 0x000000070aa00000|  0%| F|  |TAMS 0x000000070a800000| PB 0x000000070a800000| Untracked |  0
|  79|0x000000070aa00000, 0x000000070aa00000, 0x000000070ac00000|  0%| F|  |TAMS 0x000000070aa00000| PB 0x000000070aa00000| Untracked |  0
|  80|0x000000070ac00000, 0x000000070ac00000, 0x000000070ae00000|  0%| F|  |TAMS 0x000000070ac00000| PB 0x000000070ac00000| Untracked |  0
|  81|0x000000070ae00000, 0x000000070ae00000, 0x000000070b000000|  0%| F|  |TAMS 0x000000070ae00000| PB 0x000000070ae00000| Untracked |  0
|  82|0x000000070b000000, 0x000000070b000000, 0x000000070b200000|  0%| F|  |TAMS 0x000000070b000000| PB 0x000000070b000000| Untracked |  0
|  83|0x000000070b200000, 0x000000070b200000, 0x000000070b400000|  0%| F|  |TAMS 0x000000070b200000| PB 0x000000070b200000| Untracked |  0
|  84|0x000000070b400000, 0x000000070b400000, 0x000000070b600000|  0%| F|  |TAMS 0x000000070b400000| PB 0x000000070b400000| Untracked |  0
|  85|0x000000070b600000, 0x000000070b600000, 0x000000070b800000|  0%| F|  |TAMS 0x000000070b600000| PB 0x000000070b600000| Untracked |  0
|  86|0x000000070b800000, 0x000000070b800000, 0x000000070ba00000|  0%| F|  |TAMS 0x000000070b800000| PB 0x000000070b800000| Untracked |  0
|  87|0x000000070ba00000, 0x000000070ba00000, 0x000000070bc00000|  0%| F|  |TAMS 0x000000070ba00000| PB 0x000000070ba00000| Untracked |  0
|  88|0x000000070bc00000, 0x000000070bc00000, 0x000000070be00000|  0%| F|  |TAMS 0x000000070bc00000| PB 0x000000070bc00000| Untracked |  0
|  89|0x000000070be00000, 0x000000070be00000, 0x000000070c000000|  0%| F|  |TAMS 0x000000070be00000| PB 0x000000070be00000| Untracked |  0
|  90|0x000000070c000000, 0x000000070c000000, 0x000000070c200000|  0%| F|  |TAMS 0x000000070c000000| PB 0x000000070c000000| Untracked |  0
|  91|0x000000070c200000, 0x000000070c200000, 0x000000070c400000|  0%| F|  |TAMS 0x000000070c200000| PB 0x000000070c200000| Untracked |  0
|  92|0x000000070c400000, 0x000000070c400000, 0x000000070c600000|  0%| F|  |TAMS 0x000000070c400000| PB 0x000000070c400000| Untracked |  0
|  93|0x000000070c600000, 0x000000070c600000, 0x000000070c800000|  0%| F|  |TAMS 0x000000070c600000| PB 0x000000070c600000| Untracked |  0
|  94|0x000000070c800000, 0x000000070c800000, 0x000000070ca00000|  0%| F|  |TAMS 0x000000070c800000| PB 0x000000070c800000| Untracked |  0
|  95|0x000000070ca00000, 0x000000070ca00000, 0x000000070cc00000|  0%| F|  |TAMS 0x000000070ca00000| PB 0x000000070ca00000| Untracked |  0
|  96|0x000000070cc00000, 0x000000070cc00000, 0x000000070ce00000|  0%| F|  |TAMS 0x000000070cc00000| PB 0x000000070cc00000| Untracked |  0
|  97|0x000000070ce00000, 0x000000070ce00000, 0x000000070d000000|  0%| F|  |TAMS 0x000000070ce00000| PB 0x000000070ce00000| Untracked |  0
|  98|0x000000070d000000, 0x000000070d000000, 0x000000070d200000|  0%| F|  |TAMS 0x000000070d000000| PB 0x000000070d000000| Untracked |  0
|  99|0x000000070d200000, 0x000000070d200000, 0x000000070d400000|  0%| F|  |TAMS 0x000000070d200000| PB 0x000000070d200000| Untracked |  0
| 100|0x000000070d400000, 0x000000070d400000, 0x000000070d600000|  0%| F|  |TAMS 0x000000070d400000| PB 0x000000070d400000| Untracked |  0
| 101|0x000000070d600000, 0x000000070d600000, 0x000000070d800000|  0%| F|  |TAMS 0x000000070d600000| PB 0x000000070d600000| Untracked |  0
| 102|0x000000070d800000, 0x000000070d800000, 0x000000070da00000|  0%| F|  |TAMS 0x000000070d800000| PB 0x000000070d800000| Untracked |  0
| 103|0x000000070da00000, 0x000000070da00000, 0x000000070dc00000|  0%| F|  |TAMS 0x000000070da00000| PB 0x000000070da00000| Untracked |  0
| 104|0x000000070dc00000, 0x000000070dc00000, 0x000000070de00000|  0%| F|  |TAMS 0x000000070dc00000| PB 0x000000070dc00000| Untracked |  0
| 105|0x000000070de00000, 0x000000070de00000, 0x000000070e000000|  0%| F|  |TAMS 0x000000070de00000| PB 0x000000070de00000| Untracked |  0
| 106|0x000000070e000000, 0x000000070e000000, 0x000000070e200000|  0%| F|  |TAMS 0x000000070e000000| PB 0x000000070e000000| Untracked |  0
| 107|0x000000070e200000, 0x000000070e200000, 0x000000070e400000|  0%| F|  |TAMS 0x000000070e200000| PB 0x000000070e200000| Untracked |  0
| 108|0x000000070e400000, 0x000000070e400000, 0x000000070e600000|  0%| F|  |TAMS 0x000000070e400000| PB 0x000000070e400000| Untracked |  0
| 109|0x000000070e600000, 0x000000070e600000, 0x000000070e800000|  0%| F|  |TAMS 0x000000070e600000| PB 0x000000070e600000| Untracked |  0
| 110|0x000000070e800000, 0x000000070e800000, 0x000000070ea00000|  0%| F|  |TAMS 0x000000070e800000| PB 0x000000070e800000| Untracked |  0
| 111|0x000000070ea00000, 0x000000070ea00000, 0x000000070ec00000|  0%| F|  |TAMS 0x000000070ea00000| PB 0x000000070ea00000| Untracked |  0
| 112|0x000000070ec00000, 0x000000070ec00000, 0x000000070ee00000|  0%| F|  |TAMS 0x000000070ec00000| PB 0x000000070ec00000| Untracked |  0
| 113|0x000000070ee00000, 0x000000070ee00000, 0x000000070f000000|  0%| F|  |TAMS 0x000000070ee00000| PB 0x000000070ee00000| Untracked |  0
| 114|0x000000070f000000, 0x000000070f000000, 0x000000070f200000|  0%| F|  |TAMS 0x000000070f000000| PB 0x000000070f000000| Untracked |  0
| 115|0x000000070f200000, 0x000000070f200000, 0x000000070f400000|  0%| F|  |TAMS 0x000000070f200000| PB 0x000000070f200000| Untracked |  0
| 116|0x000000070f400000, 0x000000070f400000, 0x000000070f600000|  0%| F|  |TAMS 0x000000070f400000| PB 0x000000070f400000| Untracked |  0
| 117|0x000000070f600000, 0x000000070f7c7038, 0x000000070f800000| 88%| E|  |TAMS 0x000000070f600000| PB 0x000000070f600000| Complete |  0
| 118|0x000000070f800000, 0x000000070fa00000, 0x000000070fa00000|100%| E|CS|TAMS 0x000000070f800000| PB 0x000000070f800000| Complete |  0
| 119|0x000000070fa00000, 0x000000070fc00000, 0x000000070fc00000|100%| E|CS|TAMS 0x000000070fa00000| PB 0x000000070fa00000| Complete |  0
| 120|0x000000070fc00000, 0x000000070fe00000, 0x000000070fe00000|100%| E|CS|TAMS 0x000000070fc00000| PB 0x000000070fc00000| Complete |  0
| 121|0x000000070fe00000, 0x0000000710000000, 0x0000000710000000|100%| E|CS|TAMS 0x000000070fe00000| PB 0x000000070fe00000| Complete |  0
| 122|0x0000000710000000, 0x0000000710200000, 0x0000000710200000|100%| E|CS|TAMS 0x0000000710000000| PB 0x0000000710000000| Complete |  0
| 123|0x0000000710200000, 0x0000000710400000, 0x0000000710400000|100%| E|CS|TAMS 0x0000000710200000| PB 0x0000000710200000| Complete |  0
| 124|0x0000000710400000, 0x0000000710600000, 0x0000000710600000|100%| E|CS|TAMS 0x0000000710400000| PB 0x0000000710400000| Complete |  0
| 125|0x0000000710600000, 0x0000000710800000, 0x0000000710800000|100%| E|CS|TAMS 0x0000000710600000| PB 0x0000000710600000| Complete |  0
| 126|0x0000000710800000, 0x0000000710a00000, 0x0000000710a00000|100%| E|CS|TAMS 0x0000000710800000| PB 0x0000000710800000| Complete |  0
| 127|0x0000000710a00000, 0x0000000710c00000, 0x0000000710c00000|100%| E|CS|TAMS 0x0000000710a00000| PB 0x0000000710a00000| Complete |  0
|2041|0x00000007ffe00000, 0x00000007fff24ea8, 0x0000000800000000| 57%| O|  |TAMS 0x00000007ffe00000| PB 0x00000007ffe00000| Untracked |  0

Card table byte_map: [0x0000015cf1cf0000,0x0000015cf24f0000] _byte_map_base: 0x0000015cee4ea000

Marking Bits: (CMBitMap*) 0x0000015ce894ca50
 Bits: [0x0000015cf24f0000, 0x0000015cf64c0000)

Polling page: 0x0000015ce6710000

Metaspace:
Metaspace        used 8682K, committed 8832K, reserved 1114112K
 class space     used 965K, committed 1024K, reserved 1048576K

Usage:
  Non-class:      7.54 MB used.
      Class:    965.60 KB used.
       Both:      8.48 MB used.

Virtual space:
  Non-class space:       64.00 MB reserved,       7.62 MB ( 12%) committed,  1 nodes.
      Class space:        1.00 GB reserved,       1.00 MB ( <1%) committed,  1 nodes.
             Both:        1.06 GB reserved,       8.62 MB ( <1%) committed. 

Chunk freelists:
   Non-Class:  8.22 MB
       Class:  15.00 MB
        Both:  23.22 MB

MaxMetaspaceSize: unlimited
CompressedClassSpaceSize: 1.00 GB
Initial GC threshold: 21.00 MB
Current GC threshold: 21.00 MB
CDS: on
 - commit_granule_bytes: 65536.
 - commit_granule_words: 8192.
 - virtual_space_node_default_size: 8388608.
 - enlarge_chunks_in_place: 1.
UseCompressedClassPointers 1, UseCompactObjectHeaders 0
Narrow klass pointer bits 32, Max shift 3
Narrow klass base: 0x0000000093000000, Narrow klass shift: 0
Encoding Range: [0x0000000093000000 - 0x0000000193000000), (4294967296 bytes)
Klass Range:    [0x0000000093010000 - 0x00000000d4000000), (1090453504 bytes)
Klass ID Range:  [65536 - 1090519033) (1090453497)
Protection zone: [0x0000000093000000 - 0x0000000093010000), (65536 bytes)


Internal statistics:

num_allocs_failed_limit: 0.
num_arena_births: 100.
num_arena_deaths: 0.
num_vsnodes_births: 2.
num_vsnodes_deaths: 0.
num_space_committed: 138.
num_space_uncommitted: 0.
num_chunks_returned_to_freelist: 0.
num_chunks_taken_from_freelist: 134.
num_chunk_merges: 0.
num_chunk_splits: 83.
num_chunks_enlarged: 38.
num_inconsistent_stats: 0.

CodeHeap 'non-profiled nmethods': size=120064Kb used=288Kb max_used=288Kb free=119775Kb
 bounds [0x0000015c87ac0000, 0x0000015c87d30000, 0x0000015c8f000000]
CodeHeap 'profiled nmethods': size=120000Kb used=1504Kb max_used=1504Kb free=118495Kb
 bounds [0x0000015c80000000, 0x0000015c80270000, 0x0000015c87530000]
CodeHeap 'non-nmethods': size=5696Kb used=1544Kb max_used=1551Kb free=4151Kb
 bounds [0x0000015c87530000, 0x0000015c877a0000, 0x0000015c87ac0000]
CodeCache: size=245760Kb, used=3336Kb, max_used=3343Kb, free=242421Kb
 total_blobs=1719, nmethods=1046, adapters=576, full_count=0
Compilation: enabled, stopped_count=0, restarted_count=0

Compilation events (20 events):
Event: 0.739 Thread 0x0000015cf8ca46b0  995       1       java.awt.Component::getComponentOrientation (5 bytes)
Event: 0.739 Thread 0x0000015cf8ca46b0 nmethod 995 0x0000015c87b03208 code [0x0000015c87b03300, 0x0000015c87b033d0]
Event: 0.741 Thread 0x0000015cf8ca46b0  996       3       java.util.ArrayList::iterator (9 bytes)
Event: 0.742 Thread 0x0000015cf8ca46b0 nmethod 996 0x0000015c8015c488 code [0x0000015c8015c580, 0x0000015c8015c880]
Event: 0.742 Thread 0x0000015cf8ca46b0  997       3       java.util.ArrayList$Itr::<init> (31 bytes)
Event: 0.742 Thread 0x0000015cf8ca46b0 nmethod 997 0x0000015c8015c888 code [0x0000015c8015c980, 0x0000015c8015cca8]
Event: 0.745 Thread 0x0000015cff6ab6b0 nmethod 981% 0x0000015c87b03508 code [0x0000015c87b03600, 0x0000015c87b04218]
Event: 0.745 Thread 0x0000015cff6ab6b0  975 %     4       java.awt.image.AreaAveragingScaleFilter::accumPixels @ 161 (545 bytes)
Event: 0.750 Thread 0x0000015cf8ca46b0  998       1       java.util.concurrent.locks.AbstractQueuedSynchronizer::getState (5 bytes)
Event: 0.750 Thread 0x0000015cf8ca46b0 nmethod 998 0x0000015c87b04288 code [0x0000015c87b04380, 0x0000015c87b04448]
Event: 0.750 Thread 0x0000015cf8ca46b0  999       1       java.util.concurrent.locks.AbstractQueuedSynchronizer::setState (6 bytes)
Event: 0.750 Thread 0x0000015cf8ca46b0 nmethod 999 0x0000015c87b04588 code [0x0000015c87b04680, 0x0000015c87b04750]
Event: 0.752 Thread 0x0000015cf8ca46b0 1000       1       java.util.concurrent.locks.AbstractOwnableSynchronizer::setExclusiveOwnerThread (6 bytes)
Event: 0.752 Thread 0x0000015cf8ca46b0 nmethod 1000 0x0000015c87b04888 code [0x0000015c87b04980, 0x0000015c87b04a98]
Event: 0.753 Thread 0x0000015cf8ca46b0 1001       3       jdk.internal.foreign.MemorySessionImpl::checkValidStateRaw (33 bytes)
Event: 0.753 Thread 0x0000015cf8ca46b0 nmethod 1001 0x0000015c8015cd08 code [0x0000015c8015ce00, 0x0000015c8015cfe0]
Event: 0.754 Thread 0x0000015cf8ca46b0 1002       3       sun.awt.SunToolkit::getAppContext (42 bytes)
Event: 0.755 Thread 0x0000015cf8ca46b0 nmethod 1002 0x0000015c8015d008 code [0x0000015c8015d100, 0x0000015c8015e0a0]
Event: 0.757 Thread 0x0000015cf8ca46b0 1003       3       java.lang.String::indexOf (65 bytes)
Event: 0.758 Thread 0x0000015cf8ca46b0 nmethod 1003 0x0000015c8015e108 code [0x0000015c8015e200, 0x0000015c8015ea20]

GC Heap Usage History (0 events):
No events

Metaspace Usage History (0 events):
No events

Dll operation events (8 events):
Event: 0.006 Loaded shared library C:\Program Files\Apache NetBeans\jdk\bin\java.dll
Event: 0.043 Loaded shared library C:\Program Files\Apache NetBeans\jdk\bin\jimage.dll
Event: 0.046 Loaded shared library C:\Program Files\Apache NetBeans\jdk\bin\awt.dll
Event: 0.058 Loaded shared library C:\Program Files\Apache NetBeans\jdk\bin\net.dll
Event: 0.059 Loaded shared library C:\Program Files\Apache NetBeans\jdk\bin\nio.dll
Event: 0.061 Loaded shared library C:\Program Files\Apache NetBeans\jdk\bin\zip.dll
Event: 0.314 Loaded shared library C:\Program Files\Apache NetBeans\jdk\bin\freetype.dll
Event: 0.315 Loaded shared library C:\Program Files\Apache NetBeans\jdk\bin\fontmanager.dll

Deoptimization events (20 events):
Event: 0.521 Thread 0x0000015cfebd5b10 DEOPT PACKING pc=0x0000015c8012daae sp=0x00000017d91feeb0
Event: 0.521 Thread 0x0000015cfebd5b10 DEOPT UNPACKING pc=0x0000015c87581702 sp=0x00000017d91fe320 mode 0
Event: 0.521 Thread 0x0000015cfebd5b10 DEOPT PACKING pc=0x0000015c8012daae sp=0x00000017d91feeb0
Event: 0.521 Thread 0x0000015cfebd5b10 DEOPT UNPACKING pc=0x0000015c87581702 sp=0x00000017d91fe320 mode 0
Event: 0.521 Thread 0x0000015cfebd5b10 DEOPT PACKING pc=0x0000015c8012daae sp=0x00000017d91feeb0
Event: 0.521 Thread 0x0000015cfebd5b10 DEOPT UNPACKING pc=0x0000015c87581702 sp=0x00000017d91fe320 mode 0
Event: 0.522 Thread 0x0000015cfebd5b10 DEOPT PACKING pc=0x0000015c8012daae sp=0x00000017d91feeb0
Event: 0.522 Thread 0x0000015cfebd5b10 DEOPT UNPACKING pc=0x0000015c87581702 sp=0x00000017d91fe320 mode 0
Event: 0.522 Thread 0x0000015cfebd5b10 DEOPT PACKING pc=0x0000015c8012daae sp=0x00000017d91feeb0
Event: 0.522 Thread 0x0000015cfebd5b10 DEOPT UNPACKING pc=0x0000015c87581702 sp=0x00000017d91fe320 mode 0
Event: 0.560 Thread 0x0000015cfebd5b10 Uncommon trap: trap_request=0xffffff45 fr.pc=0x0000015c87afd768 relative=0x0000000000001ce8
Event: 0.560 Thread 0x0000015cfebd5b10 Uncommon trap: reason=unstable_if action=reinterpret pc=0x0000015c87afd768 method=sun.awt.image.PNGImageDecoder.produceImage()V @ 867 c2
Event: 0.560 Thread 0x0000015cfebd5b10 DEOPT PACKING pc=0x0000015c87afd768 sp=0x00000017d91fef30
Event: 0.560 Thread 0x0000015cfebd5b10 DEOPT UNPACKING pc=0x0000015c8764fc02 sp=0x00000017d91feea0 mode 2
Event: 0.565 Thread 0x0000015cfebd5b10 DEOPT PACKING pc=0x0000015c80146c43 sp=0x00000017d91fece0
Event: 0.565 Thread 0x0000015cfebd5b10 DEOPT UNPACKING pc=0x0000015c87581702 sp=0x00000017d91fe1d0 mode 0
Event: 0.565 Thread 0x0000015cfebd5b10 Uncommon trap: trap_request=0xffffff45 fr.pc=0x0000015c87b01370 relative=0x0000000000000370
Event: 0.565 Thread 0x0000015cfebd5b10 Uncommon trap: reason=unstable_if action=reinterpret pc=0x0000015c87b01370 method=sun.awt.image.ImageRepresentation.getOpaqueRGBImage()Ljava/awt/image/BufferedImage; @ 57 c2
Event: 0.565 Thread 0x0000015cfebd5b10 DEOPT PACKING pc=0x0000015c87b01370 sp=0x00000017d91fed40
Event: 0.565 Thread 0x0000015cfebd5b10 DEOPT UNPACKING pc=0x0000015c8764fc02 sp=0x00000017d91fecd0 mode 2

Classes loaded (20 events):
Event: 0.751 Loading class java/awt/Cursor$CursorDisposer
Event: 0.751 Loading class java/awt/Cursor$CursorDisposer done
Event: 0.752 Loading class java/awt/event/MouseEvent
Event: 0.752 Loading class java/awt/event/MouseEvent done
Event: 0.753 Loading class java/util/LinkedList$ListItr
Event: 0.753 Loading class java/util/LinkedList$ListItr done
Event: 0.755 Loading class sun/java2d/d3d/D3DSurfaceData$1Status
Event: 0.755 Loading class sun/java2d/d3d/D3DSurfaceData$1Status done
Event: 0.755 Loading class sun/java2d/d3d/D3DSurfaceData$1
Event: 0.755 Loading class sun/java2d/d3d/D3DSurfaceData$1 done
Event: 0.756 Loading class sun/java2d/pipe/BufferedPaints
Event: 0.756 Loading class sun/java2d/pipe/BufferedPaints done
Event: 0.757 Loading class java/awt/GraphicsCallback$PaintCallback
Event: 0.757 Loading class java/awt/GraphicsCallback
Event: 0.757 Loading class sun/awt/SunGraphicsCallback
Event: 0.757 Loading class sun/awt/SunGraphicsCallback done
Event: 0.757 Loading class java/awt/GraphicsCallback done
Event: 0.757 Loading class java/awt/GraphicsCallback$PaintCallback done
Event: 0.757 Loading class sun/java2d/d3d/D3DVolatileSurfaceManager
Event: 0.757 Loading class sun/java2d/d3d/D3DVolatileSurfaceManager done

Classes unloaded (0 events):
No events

Classes redefined (0 events):
No events

Internal exceptions (20 events):
Event: 0.143 Thread 0x0000015cfd6684d0 Exception <a 'java/lang/NoSuchMethodError'{0x0000000710741060}: 'java.lang.Object java.lang.invoke.DirectMethodHandle$Holder.invokeStaticInit(java.lang.Object, long, java.lang.Object)'> (0x0000000710741060) 
thrown [s\src\hotspot\share\interpreter\linkResolver.cpp, line 804]
Event: 0.144 Thread 0x0000015cfd6684d0 Exception <a 'java/lang/NoSuchMethodError'{0x0000000710749870}: 'java.lang.Object java.lang.invoke.DirectMethodHandle$Holder.invokeStaticInit(java.lang.Object, long)'> (0x0000000710749870) 
thrown [s\src\hotspot\share\interpreter\linkResolver.cpp, line 804]
Event: 0.235 Thread 0x0000015cfd6684d0 Exception <a 'java/lang/NoSuchMethodError'{0x0000000710774d08}: 'void java.lang.invoke.DirectMethodHandle$Holder.invokeSpecial(java.lang.Object, java.lang.Object, java.lang.Object)'> (0x0000000710774d08) 
thrown [s\src\hotspot\share\interpreter\linkResolver.cpp, line 804]
Event: 0.241 Thread 0x0000015cfd6684d0 Exception <a 'java/lang/NoSuchMethodError'{0x00000007107e72f8}: 'java.lang.Object java.lang.invoke.DirectMethodHandle$Holder.newInvokeSpecial(java.lang.Object, java.lang.Object, java.lang.Object, java.lang.Object, java.lang.Object)'> (0x00000007107e72f8) 
thrown [s\src\hotspot\share\interpreter\linkResolver.cpp, line 804]
Event: 0.245 Thread 0x0000015cfd6684d0 Exception <a 'java/lang/NoSuchMethodError'{0x000000071044fa78}: 'java.lang.Object java.lang.invoke.DirectMethodHandle$Holder.invokeStatic(java.lang.Object, int, java.lang.Object)'> (0x000000071044fa78) 
thrown [s\src\hotspot\share\interpreter\linkResolver.cpp, line 804]
Event: 0.266 Thread 0x0000015cfd6684d0 Exception <a 'java/lang/ClassNotFoundException'{0x000000071027d718}: com/sun/swing/internal/plaf/metal/resources/spi/metalProvider> (0x000000071027d718) 
thrown [s\src\hotspot\share\classfile\systemDictionary.cpp, line 327]
Event: 0.266 Thread 0x0000015cfd6684d0 Exception <a 'java/lang/ClassNotFoundException'{0x0000000710282140}: com/sun/swing/internal/plaf/basic/resources/spi/basicProvider> (0x0000000710282140) 
thrown [s\src\hotspot\share\classfile\systemDictionary.cpp, line 327]
Event: 0.274 Thread 0x0000015cfd6684d0 Exception <a 'java/lang/NoSuchMethodError'{0x00000007102b7218}: 'int java.lang.invoke.Invokers$Holder.invokeExact_MT(java.lang.Object, java.lang.Object)'> (0x00000007102b7218) 
thrown [s\src\hotspot\share\interpreter\linkResolver.cpp, line 804]
Event: 0.302 Thread 0x0000015cfd7789a0 Exception <a 'java/lang/NoSuchMethodError'{0x0000000710810108}: 'void java.lang.invoke.DirectMethodHandle$Holder.invokeVirtual(java.lang.Object, java.lang.Object)'> (0x0000000710810108) 
thrown [s\src\hotspot\share\interpreter\linkResolver.cpp, line 804]
Event: 0.311 Thread 0x0000015cfd6684d0 Exception <a 'java/lang/NoSuchMethodError'{0x000000071032bad0}: 'void java.lang.invoke.DirectMethodHandle$Holder.invokeStaticInit(java.lang.Object)'> (0x000000071032bad0) 
thrown [s\src\hotspot\share\interpreter\linkResolver.cpp, line 804]
Event: 0.321 Thread 0x0000015cfd6684d0 Exception <a 'java/lang/NoSuchMethodError'{0x0000000710360638}: 'long java.lang.invoke.DirectMethodHandle$Holder.invokeStaticInit(java.lang.Object, long, long, long, long)'> (0x0000000710360638) 
thrown [s\src\hotspot\share\interpreter\linkResolver.cpp, line 804]
Event: 0.321 Thread 0x0000015cfd6684d0 Exception <a 'java/lang/NoSuchMethodError'{0x0000000710369208}: 'java.lang.Object java.lang.invoke.DirectMethodHandle$Holder.invokeInterface(java.lang.Object, java.lang.Object, long, long)'> (0x0000000710369208) 
thrown [s\src\hotspot\share\interpreter\linkResolver.cpp, line 804]
Event: 0.322 Thread 0x0000015cfd6684d0 Exception <a 'java/lang/NoSuchMethodError'{0x0000000710381bc0}: 'void java.lang.invoke.DirectMethodHandle$Holder.invokeStaticInit(java.lang.Object, java.lang.Object, long, java.lang.Object)'> (0x0000000710381bc0) 
thrown [s\src\hotspot\share\interpreter\linkResolver.cpp, line 804]
Event: 0.322 Thread 0x0000015cfd6684d0 Exception <a 'java/lang/NoSuchMethodError'{0x000000071038a7f8}: 'long java.lang.invoke.DirectMethodHandle$Holder.invokeStatic(java.lang.Object, long, long)'> (0x000000071038a7f8) 
thrown [s\src\hotspot\share\interpreter\linkResolver.cpp, line 804]
Event: 0.325 Thread 0x0000015cfd6684d0 Exception <a 'java/lang/NoSuchMethodError'{0x00000007103acb78}: 'java.lang.Object java.lang.invoke.DirectMethodHandle$Holder.newInvokeSpecial(java.lang.Object, int, java.lang.Object)'> (0x00000007103acb78) 
thrown [s\src\hotspot\share\interpreter\linkResolver.cpp, line 804]
Event: 0.383 Thread 0x0000015cfd6684d0 Exception <a 'java/lang/NoSuchMethodError'{0x000000071004c190}: 'void java.lang.invoke.DelegatingMethodHandle$Holder.reinvoke_L(java.lang.Object, java.lang.Object, java.lang.Object, long, float)'> (0x000000071004c190) 
thrown [s\src\hotspot\share\interpreter\linkResolver.cpp, line 804]
Event: 0.385 Thread 0x0000015cfd6684d0 Exception <a 'java/lang/NoSuchMethodError'{0x00000007100646a0}: 'java.lang.Object java.lang.invoke.DirectMethodHandle$Holder.invokeStatic(java.lang.Object, java.lang.Object, java.lang.Object, java.lang.Object, long)'> (0x00000007100646a0) 
thrown [s\src\hotspot\share\interpreter\linkResolver.cpp, line 804]
Event: 0.387 Thread 0x0000015cfd6684d0 Exception <a 'java/lang/NoSuchMethodError'{0x0000000710086cf8}: 'float java.lang.invoke.DelegatingMethodHandle$Holder.reinvoke_L(java.lang.Object, java.lang.Object, java.lang.Object, long)'> (0x0000000710086cf8) 
thrown [s\src\hotspot\share\interpreter\linkResolver.cpp, line 804]
Event: 0.737 Thread 0x0000015cfd6684d0 Exception <a 'java/lang/NoSuchMethodError'{0x00000007100acd88}: 'void java.lang.invoke.DirectMethodHandle$Holder.invokeStatic(java.lang.Object, java.lang.Object, java.lang.Object)'> (0x00000007100acd88) 
thrown [s\src\hotspot\share\interpreter\linkResolver.cpp, line 804]
Event: 0.738 Thread 0x0000015cfd6684d0 Exception <a 'java/lang/NoSuchMethodError'{0x00000007100bc1b8}: 'void java.lang.invoke.DirectMethodHandle$Holder.invokeStatic(java.lang.Object, java.lang.Object)'> (0x00000007100bc1b8) 
thrown [s\src\hotspot\share\interpreter\linkResolver.cpp, line 804]

VM Operations (10 events):
Event: 0.265 Executing non-safepoint VM operation: HandshakeAllThreads (Deoptimize)
Event: 0.265 Executing non-safepoint VM operation: HandshakeAllThreads (Deoptimize) done
Event: 0.286 Executing non-safepoint VM operation: HandshakeAllThreads (Deoptimize)
Event: 0.286 Executing non-safepoint VM operation: HandshakeAllThreads (Deoptimize) done
Event: 0.288 Executing non-safepoint VM operation: HandshakeAllThreads (Deoptimize)
Event: 0.288 Executing non-safepoint VM operation: HandshakeAllThreads (Deoptimize) done
Event: 0.442 Executing non-safepoint VM operation: HandshakeAllThreads (Deoptimize)
Event: 0.442 Executing non-safepoint VM operation: HandshakeAllThreads (Deoptimize) done
Event: 0.566 Executing non-safepoint VM operation: HandshakeAllThreads (Deoptimize)
Event: 0.566 Executing non-safepoint VM operation: HandshakeAllThreads (Deoptimize) done

Memory protections (0 events):
No events

Nmethod flushes (0 events):
No events

Events (20 events):
Event: 0.019 Thread 0x0000015ce657e890 Thread added: 0x0000015ce657e890
Event: 0.027 Thread 0x0000015ce657e890 Thread added: 0x0000015cf8c94830
Event: 0.027 Thread 0x0000015ce657e890 Thread added: 0x0000015cf8c95540
Event: 0.027 Thread 0x0000015ce657e890 Thread added: 0x0000015cf8c96bc0
Event: 0.027 Thread 0x0000015ce657e890 Thread added: 0x0000015cf8c98b90
Event: 0.027 Thread 0x0000015ce657e890 Thread added: 0x0000015cf8c999d0
Event: 0.027 Thread 0x0000015ce657e890 Thread added: 0x0000015cf8c9a590
Event: 0.027 Thread 0x0000015ce657e890 Thread added: 0x0000015cf8c9ba90
Event: 0.027 Thread 0x0000015ce657e890 Thread added: 0x0000015cf8ca46b0
Event: 0.030 Thread 0x0000015ce657e890 Thread added: 0x0000015cfd030ed0
Event: 0.031 Thread 0x0000015ce657e890 Thread added: 0x0000015cfd035d30
Event: 0.083 Thread 0x0000015ce657e890 Thread added: 0x0000015cfd751d80
Event: 0.083 Thread 0x0000015ce657e890 Thread added: 0x0000015cfd610c90
Event: 0.084 Thread 0x0000015ce657e890 Thread added: 0x0000015cfd7789a0
Event: 0.091 Thread 0x0000015ce657e890 Thread added: 0x0000015cfd6684d0
Event: 0.091 Thread 0x0000015ce657e890 Thread exited: 0x0000015ce657e890
Event: 0.091 Thread 0x0000015ce657e890 Thread added: 0x0000015ce657e890
Event: 0.418 Thread 0x0000015cfd6684d0 Thread added: 0x0000015cfebd5b10
Event: 0.737 Thread 0x0000015cf8ca46b0 Thread added: 0x0000015cff6ab6b0
Event: 0.757 Thread 0x0000015cfd6684d0 Thread added: 0x0000015cfebd6af0


Dynamic libraries:
0x00007ff65bd00000 - 0x00007ff65bd0e000 	C:\Program Files\Apache NetBeans\jdk\bin\java.exe
0x00007ffed0910000 - 0x00007ffed0b08000 	C:\Windows\SYSTEM32\ntdll.dll
0x00007ffecfd40000 - 0x00007ffecfe02000 	C:\Windows\System32\KERNEL32.DLL
0x00007ffece220000 - 0x00007ffece516000 	C:\Windows\System32\KERNELBASE.dll
0x00007ffece830000 - 0x00007ffece930000 	C:\Windows\System32\ucrtbase.dll
0x00007ffebdde0000 - 0x00007ffebddf6000 	C:\Program Files\Apache NetBeans\jdk\bin\jli.dll
0x00007ffec6510000 - 0x00007ffec652e000 	C:\Program Files\Apache NetBeans\jdk\bin\VCRUNTIME140.dll
0x00007ffed0720000 - 0x00007ffed08c1000 	C:\Windows\System32\USER32.dll
0x00007ffece800000 - 0x00007ffece822000 	C:\Windows\System32\win32u.dll
0x00007ffeb7d70000 - 0x00007ffeb800b000 	C:\Windows\WinSxS\amd64_microsoft.windows.common-controls_6595b64144ccf1df_6.0.19041.6456_none_60b8a6cb71f64256\COMCTL32.dll
0x00007ffecf8f0000 - 0x00007ffecf91b000 	C:\Windows\System32\GDI32.dll
0x00007ffed05a0000 - 0x00007ffed063e000 	C:\Windows\System32\msvcrt.dll
0x00007ffece100000 - 0x00007ffece219000 	C:\Windows\System32\gdi32full.dll
0x00007ffece520000 - 0x00007ffece5bd000 	C:\Windows\System32\msvcp_win.dll
0x00007ffecf450000 - 0x00007ffecf47f000 	C:\Windows\System32\IMM32.DLL
0x00007ffecad80000 - 0x00007ffecad8c000 	C:\Program Files\Apache NetBeans\jdk\bin\vcruntime140_1.dll
0x00007ffe99510000 - 0x00007ffe9959d000 	C:\Program Files\Apache NetBeans\jdk\bin\msvcp140.dll
0x00007ffe5fb60000 - 0x00007ffe60a86000 	C:\Program Files\Apache NetBeans\jdk\bin\server\jvm.dll
0x00007ffecf390000 - 0x00007ffecf441000 	C:\Windows\System32\ADVAPI32.dll
0x00007ffecfbf0000 - 0x00007ffecfc8f000 	C:\Windows\System32\sechost.dll
0x00007ffed0090000 - 0x00007ffed01b0000 	C:\Windows\System32\RPCRT4.dll
0x00007ffece7d0000 - 0x00007ffece7f7000 	C:\Windows\System32\bcrypt.dll
0x00007ffecfe10000 - 0x00007ffecfe7b000 	C:\Windows\System32\WS2_32.dll
0x00007ffecd980000 - 0x00007ffecd9cb000 	C:\Windows\SYSTEM32\POWRPROF.dll
0x00007ffec6170000 - 0x00007ffec617a000 	C:\Windows\SYSTEM32\VERSION.dll
0x00007ffec1ab0000 - 0x00007ffec1ad7000 	C:\Windows\SYSTEM32\WINMM.dll
0x00007ffecd940000 - 0x00007ffecd952000 	C:\Windows\SYSTEM32\UMPDC.dll
0x00007ffecbe30000 - 0x00007ffecbe42000 	C:\Windows\SYSTEM32\kernel.appcore.dll
0x00007ffec6660000 - 0x00007ffec666a000 	C:\Program Files\Apache NetBeans\jdk\bin\jimage.dll
0x00007ffeb8190000 - 0x00007ffeb8391000 	C:\Windows\SYSTEM32\DBGHELP.DLL
0x00007ffea8a70000 - 0x00007ffea8aa4000 	C:\Windows\SYSTEM32\dbgcore.DLL
0x00007ffece5c0000 - 0x00007ffece642000 	C:\Windows\System32\bcryptPrimitives.dll
0x00007ffebde00000 - 0x00007ffebde1e000 	C:\Program Files\Apache NetBeans\jdk\bin\java.dll
0x00007ffeceaf0000 - 0x00007ffecec1b000 	C:\Windows\System32\ole32.dll
0x00007ffed01d0000 - 0x00007ffed0524000 	C:\Windows\System32\combase.dll
0x00007ffecec20000 - 0x00007ffecf390000 	C:\Windows\System32\SHELL32.dll
0x00007ffecc030000 - 0x00007ffecc7d5000 	C:\Windows\SYSTEM32\windows.storage.dll
0x00007ffecd9d0000 - 0x00007ffecd9fb000 	C:\Windows\SYSTEM32\Wldp.dll
0x00007ffecffc0000 - 0x00007ffed008d000 	C:\Windows\System32\OLEAUT32.dll
0x00007ffecfc90000 - 0x00007ffecfd3d000 	C:\Windows\System32\SHCORE.dll
0x00007ffecfe80000 - 0x00007ffecfedb000 	C:\Windows\System32\shlwapi.dll
0x00007ffecded0000 - 0x00007ffecdef4000 	C:\Windows\SYSTEM32\profapi.dll
0x00007ffe72970000 - 0x00007ffe72af0000 	C:\Program Files\Apache NetBeans\jdk\bin\awt.dll
0x00007ffecb460000 - 0x00007ffecb4f4000 	C:\Windows\SYSTEM32\apphelp.dll
0x00007ffebdda0000 - 0x00007ffebddb1000 	C:\Program Files\Apache NetBeans\jdk\bin\net.dll
0x00007ffecd650000 - 0x00007ffecd6ba000 	C:\Windows\system32\mswsock.dll
0x00007ffebdd80000 - 0x00007ffebdd96000 	C:\Program Files\Apache NetBeans\jdk\bin\nio.dll
0x00007ffebddc0000 - 0x00007ffebddd7000 	C:\Program Files\Apache NetBeans\jdk\bin\zip.dll
0x00007ffecb940000 - 0x00007ffecb9de000 	C:\Windows\system32\uxtheme.dll
0x00007ffecfac0000 - 0x00007ffecfbd5000 	C:\Windows\System32\MSCTF.dll
0x00007ffecbc50000 - 0x00007ffecbc7e000 	C:\Windows\system32\DWMAPI.DLL
0x00007ffea4110000 - 0x00007ffea4238000 	C:\Windows\system32\opengl32.dll
0x00007ffebdc30000 - 0x00007ffebdc5c000 	C:\Windows\SYSTEM32\GLU32.dll
0x00007ffec39e0000 - 0x00007ffec3bb1000 	C:\Windows\system32\d3d9.dll
0x00007ffec1e40000 - 0x00007ffec1f42000 	C:\Windows\System32\DriverStore\FileRepository\nv_dispi.inf_amd64_1c83a5d7cffd7bff\nvldumdx.dll
0x00007ffecdb60000 - 0x00007ffecdb72000 	C:\Windows\SYSTEM32\msasn1.dll
0x00007ffec6130000 - 0x00007ffec6161000 	C:\Windows\SYSTEM32\cryptnet.dll
0x00007ffecdfa0000 - 0x00007ffece0fd000 	C:\Windows\System32\CRYPT32.dll
0x00007ffecd8b0000 - 0x00007ffecd8bc000 	C:\Windows\SYSTEM32\cryptbase.dll
0x00007ffece650000 - 0x00007ffece6c3000 	C:\Windows\System32\WINTRUST.DLL
0x00007ffed01b0000 - 0x00007ffed01cd000 	C:\Windows\System32\imagehlp.dll
0x00007ffecd8c0000 - 0x00007ffecd8d8000 	C:\Windows\SYSTEM32\CRYPTSP.dll
0x00007ffeccf70000 - 0x00007ffeccfa8000 	C:\Windows\system32\rsaenh.dll
0x00007ffe47770000 - 0x00007ffe4918b000 	C:\Windows\System32\DriverStore\FileRepository\nv_dispi.inf_amd64_1c83a5d7cffd7bff\nvd3dumx.dll
0x00007ffecc7f0000 - 0x00007ffecc813000 	C:\Windows\SYSTEM32\gpapi.dll
0x00007ffec5920000 - 0x00007ffec595b000 	C:\Windows\SYSTEM32\dxcore.dll
0x00007ffece6d0000 - 0x00007ffece71e000 	C:\Windows\System32\cfgmgr32.dll
0x00007ffe97050000 - 0x00007ffe970d7000 	C:\Program Files\Apache NetBeans\jdk\bin\freetype.dll
0x00007ffe88900000 - 0x00007ffe889ef000 	C:\Program Files\Apache NetBeans\jdk\bin\fontmanager.dll
0x00007ffecf920000 - 0x00007ffecf9c9000 	C:\Windows\System32\clbcatq.dll
0x00007ffecb730000 - 0x00007ffecb8e6000 	C:\Windows\SYSTEM32\WindowsCodecs.dll
0x00007ffebf4a0000 - 0x00007ffebf4de000 	C:\Windows\system32\dataexchange.dll
0x00007ffec8da0000 - 0x00007ffec9004000 	C:\Windows\system32\d3d11.dll
0x00007ffec9d80000 - 0x00007ffec9f64000 	C:\Windows\system32\dcomp.dll
0x00007ffecc820000 - 0x00007ffecc916000 	C:\Windows\system32\dxgi.dll
0x00007ffec5ce0000 - 0x00007ffec5ee3000 	C:\Windows\system32\twinapi.appcore.dll
0x00007ffebe540000 - 0x00007ffebe639000 	C:\Windows\SYSTEM32\textinputframework.dll
0x00007ffecac60000 - 0x00007ffecad52000 	C:\Windows\System32\CoreMessaging.dll
0x00007ffeca670000 - 0x00007ffeca9cb000 	C:\Windows\System32\CoreUIComponents.dll
0x00007ffecd1c0000 - 0x00007ffecd1f3000 	C:\Windows\SYSTEM32\ntmarta.dll
0x00007ffeca9d0000 - 0x00007ffecab27000 	C:\Windows\SYSTEM32\wintypes.dll

JVMTI agents: none

dbghelp: loaded successfully - version: 4.0.5 - missing functions: none
symbol engine: initialized successfully - sym options: 0x614 - pdb path: .;C:\Program Files\Apache NetBeans\jdk\bin;C:\Windows\SYSTEM32;C:\Windows\WinSxS\amd64_microsoft.windows.common-controls_6595b64144ccf1df_6.0.19041.6456_none_60b8a6cb71f64256;C:\Program Files\Apache NetBeans\jdk\bin\server;C:\Windows\System32\DriverStore\FileRepository\nv_dispi.inf_amd64_1c83a5d7cffd7bff

VM Arguments:
java_command: fis.poo.cinefis.app.Principal
java_class_path (initial): H:\ProyectosJava\CineFis\target\classes;C:\Users\ksang\.m2\repository\org\netbeans\external\AbsoluteLayout\RELEASE290\AbsoluteLayout-RELEASE290.jar
Launcher Type: SUN_STANDARD

[Global flags]
     intx CICompilerCount                          = 3                                         {product} {ergonomic}
     uint ConcGCThreads                            = 2                                         {product} {ergonomic}
     uint G1ConcRefinementThreads                  = 6                                         {product} {ergonomic}
   size_t G1HeapRegionSize                         = 2097152                                   {product} {ergonomic}
   size_t InitialHeapSize                          = 268435456                                 {product} {ergonomic}
   size_t MarkStackSize                            = 4194304                                   {product} {ergonomic}
   size_t MarkStackSizeMax                         = 536870912                                 {product} {ergonomic}
   size_t MaxHeapSize                              = 4282384384                                {product} {ergonomic}
   size_t MaxNewSize                               = 2569011200                                {product} {ergonomic}
   size_t MinHeapDeltaBytes                        = 2097152                                   {product} {ergonomic}
   size_t MinHeapSize                              = 8388608                                   {product} {ergonomic}
    uintx NonNMethodCodeHeapSize                   = 5832704                                {pd product} {ergonomic}
    uintx NonProfiledCodeHeapSize                  = 122945536                              {pd product} {ergonomic}
    uintx ProfiledCodeHeapSize                     = 122880000                              {pd product} {ergonomic}
    uintx ReservedCodeCacheSize                    = 251658240                              {pd product} {ergonomic}
     bool SegmentedCodeCache                       = true                                      {product} {ergonomic}
   size_t SoftMaxHeapSize                          = 4282384384                             {manageable} {ergonomic}
     bool UseCompressedOops                        = true                           {product lp64_product} {ergonomic}
     bool UseG1GC                                  = true                                      {product} {ergonomic}
     bool UseLargePagesIndividualAllocation        = false                                  {pd product} {ergonomic}

Logging:
Log output configuration:
 #0: stdout all=warning uptime,level,tags foldmultilines=false
 #1: stderr all=off uptime,level,tags foldmultilines=false

Release file:
IMPLEMENTOR="Eclipse Adoptium" 
IMPLEMENTOR_VERSION="Temurin-25.0.2+10" 
JAVA_RUNTIME_VERSION="25.0.2+10-LTS" 
JAVA_VERSION="25.0.2" 
JAVA_VERSION_DATE="2026-01-20" 
LIBC="default" 
MODULES="java.base java.compiler java.datatransfer java.xml java.prefs java.desktop java.instrument java.logging java.management java.security.sasl java.naming java.rmi java.management.rmi java.net.http java.scripting java.security.jgss java.transaction.xa java.sql java.sql.rowset java.xml.crypto java.se java.smartcardio jdk.accessibility jdk.internal.jvmstat jdk.attach jdk.charsets jdk.internal.opt jdk.zipfs jdk.compiler jdk.crypto.cryptoki jdk.crypto.ec jdk.crypto.mscapi jdk.dynalink jdk.internal.ed jdk.editpad jdk.internal.vm.ci jdk.graal.compiler jdk.graal.compiler.management jdk.hotspot.agent jdk.httpserver jdk.incubator.vector jdk.internal.le jdk.internal.md jdk.jartool jdk.javadoc jdk.jcmd jdk.management jdk.management.agent jdk.jconsole jdk.jdeps jdk.jdwp.agent jdk.jdi jdk.jfr jdk.jlink jdk.jpackage jdk.jshell jdk.jsobject jdk.jstatd jdk.localedata jdk.management.jfr jdk.naming.dns jdk.naming.rmi jdk.net jdk.nio.mapmode jdk.sctp jdk.security.auth jdk.security.jgss jdk.unsupported jdk.unsupported.desktop jdk.xml.dom" 
OS_ARCH="x86_64" 
OS_NAME="Windows" 
SOURCE=".:git:9e3c947043a4" 
BUILD_SOURCE="git:458965074606f027bd5afce2cfd5c1055dea0438"
BUILD_SOURCE_REPO="https://github.com/adoptium/temurin-build.git"
SOURCE_REPO="https://github.com/adoptium/jdk25u.git"
FULL_VERSION="25.0.2+10-LTS"
SEMANTIC_VERSION="25.0.2+10"
BUILD_INFO="OS: Windows Server 2022 Version: 10.0"
JVM_VARIANT="Hotspot"
JVM_VERSION="25.0.2+10-LTS"
IMAGE_TYPE="JDK"

Environment Variables:
JAVA_HOME=C:\Program Files\Apache NetBeans\jdk
PATH=C:\Program Files\Common Files\Oracle\Java\javapath;C:\Program Files (x86)\VMware\VMware Workstation\bin\;C:\Windows\system32;C:\Windows;C:\Windows\System32\Wbem;C:\Windows\System32\WindowsPowerShell\v1.0\;C:\Windows\System32\OpenSSH\;C:\Program Files\dotnet\;C:\Program Files (x86)\Microsoft SQL Server\170\Tools\Binn\;C:\Program Files\Microsoft SQL Server\170\Tools\Binn\;C:\Program Files\Microsoft SQL Server\Client SDK\ODBC\180\Tools\Binn\;C:\Program Files\Microsoft SQL Server\170\DTS\Binn\;C:\Program Files\Git\cmd;C:\Users\ksang\AppData\Local\Microsoft\WindowsApps;C:\Users\ksang\AppData\Local\Programs\Microsoft VS Code\bin;C:\Users\ksang\.dotnet\tools;C:\Program Files\Apache NetBeans\bin\
USERNAME=ksang
OS=Windows_NT
PROCESSOR_IDENTIFIER=Intel64 Family 6 Model 158 Stepping 10, GenuineIntel
TMP=C:\Users\ksang\AppData\Local\Temp
TEMP=C:\Users\ksang\AppData\Local\Temp




Compilation memory statistics disabled.

Periodic native trim disabled

---------------  S Y S T E M  ---------------

OS:
 Windows 10 , 64 bit Build 19041 (10.0.19041.5915)
OS uptime: 12 days 6:40 hours

CPU: total 6 (initial active 6) (6 cores per cpu, 1 threads per core) family 6 model 158 stepping 10 microcode 0xca, cx8, cmov, fxsr, mmx, 3dnowpref, sse, sse2, sse3, ssse3, sse4.1, sse4.2, popcnt, lzcnt, tsc, tscinvbit, avx, avx2, aes, erms, clmul, bmi1, bmi2, adx, fma, vzeroupper, clflush, clflushopt, rdtscp, f16c
Processor Information for the first 6 processors :
  Max Mhz: 2904, Current Mhz: 2904, Mhz Limit: 2904

Memory: 4k page, system-wide physical 16328M (4884M free)
TotalPageFile size 20931M (AvailPageFile size 5M)
current process WorkingSet (physical memory assigned to process): 120M, peak: 123M
current process commit charge ("private bytes"): 393M, peak: 401M

vm_info: OpenJDK 64-Bit Server VM (25.0.2+10-LTS) for windows-amd64 JRE (25.0.2+10-LTS), built on 2026-01-20T00:00:00Z with MS VC++ 17.12 (VS2022)

END.
