#
# There is insufficient memory for the Java Runtime Environment to continue.
# Native memory allocation (mmap) failed to map 65536 bytes. Error detail: Failed to commit metaspace.
# Possible reasons:
#   The system is out of physical RAM or swap space
#   This process is running with CompressedOops enabled, and the Java Heap may be blocking the growth of the native heap
# Possible solutions:
#   Reduce memory load on the system
#   Increase physical memory or swap space
#   Check if swap backing store is full
#   Decrease Java heap size (-Xmx/-Xms)
#   Decrease number of Java threads
#   Decrease Java thread stack sizes (-Xss)
#   Set larger code cache with -XX:ReservedCodeCacheSize=
#   JVM is running with Zero Based Compressed Oops mode in which the Java heap is
#     placed in the first 32GB address space. The Java Heap base address is the
#     maximum limit for the native heap growth. Please use -XX:HeapBaseMinAddress
#     to set the Java Heap base and to place the Java Heap above 32GB virtual address.
# This output file may be truncated or incomplete.
#
#  Out of Memory Error (virtualSpaceNode.cpp:113), pid=868, tid=8580
#
# JRE version: OpenJDK Runtime Environment Temurin-25.0.2+10 (25.0.2+10) (build 25.0.2+10-LTS)
# Java VM: OpenJDK 64-Bit Server VM Temurin-25.0.2+10 (25.0.2+10-LTS, mixed mode, sharing, tiered, compressed oops, compressed class ptrs, g1 gc, windows-amd64)
# No core dump will be written. Minidumps are not enabled by default on client versions of Windows
#

---------------  S U M M A R Y ------------

Command Line: fis.poo.cinefis.app.Principal

Host: Intel(R) Core(TM) i5-9400 CPU @ 2.90GHz, 6 cores, 15G,  Windows 10 , 64 bit Build 19041 (10.0.19041.5915)
Time: Fri Jul 10 01:29:23 2026 Hora est. Pacífico, Sudamérica elapsed time: 0.093318 seconds (0d 0h 0m 0s)

---------------  T H R E A D  ---------------

Current thread (0x0000020845281df0):  JavaThread "AWT-EventQueue-0"        [_thread_in_vm, id=8580, stack(0x0000006b03700000,0x0000006b03800000) (1024K)]

Stack: [0x0000006b03700000,0x0000006b03800000]
Native frames: (J=compiled Java code, j=interpreted, Vv=VM code, C=native code)
V  [jvm.dll+0x7a8bc9]  (no source info available)
V  [jvm.dll+0x77310d]  (no source info available)
V  [jvm.dll+0x9f55f3]  (no source info available)
V  [jvm.dll+0x9f7be1]  (no source info available)
V  [jvm.dll+0x9f82f3]  (no source info available)
V  [jvm.dll+0x2fce26]  (no source info available)
V  [jvm.dll+0x9f24ce]  (no source info available)
V  [jvm.dll+0x73e0d4]  (no source info available)
V  [jvm.dll+0x73e13a]  (no source info available)
V  [jvm.dll+0x740a2d]  (no source info available)
V  [jvm.dll+0x7407b5]  (no source info available)
V  [jvm.dll+0x29aba2]  (no source info available)
V  [jvm.dll+0x73eafe]  (no source info available)
V  [jvm.dll+0x2e24a4]  (no source info available)
V  [jvm.dll+0x28a19f]  (no source info available)
V  [jvm.dll+0x280016]  (no source info available)
V  [jvm.dll+0x6689e1]  (no source info available)
V  [jvm.dll+0x292ac1]  (no source info available)
V  [jvm.dll+0x964cff]  (no source info available)
V  [jvm.dll+0x965d5a]  (no source info available)
V  [jvm.dll+0x966463]  (no source info available)
V  [jvm.dll+0x28aa0e]  (no source info available)
V  [jvm.dll+0x28002f]  (no source info available)
V  [jvm.dll+0x6689e1]  (no source info available)
V  [jvm.dll+0x292ac1]  (no source info available)
V  [jvm.dll+0x964cff]  (no source info available)
V  [jvm.dll+0x965d5a]  (no source info available)
V  [jvm.dll+0x966292]  (no source info available)
V  [jvm.dll+0x521608]  (no source info available)
C  [java.dll+0x1a01]  (no source info available)
C  0x000002083108d193  (no source info available)

The last pc belongs to native method entry point (kind = native) (printed below).
Java frames: (J=compiled Java code, j=interpreted, Vv=VM code)
j  java.lang.ClassLoader.findBootstrapClass(Ljava/lang/String;)Ljava/lang/Class;+0 java.base@25.0.2
j  java.lang.ClassLoader.findBootstrapClassOrNull(Ljava/lang/String;)Ljava/lang/Class;+10 java.base@25.0.2
j  java.lang.System$1.findBootstrapClassOrNull(Ljava/lang/String;)Ljava/lang/Class;+1 java.base@25.0.2
j  jdk.internal.loader.ClassLoaders$BootClassLoader.loadClassOrNull(Ljava/lang/String;Z)Ljava/lang/Class;+4 java.base@25.0.2
j  jdk.internal.loader.BuiltinClassLoader.loadClassOrNull(Ljava/lang/String;)Ljava/lang/Class;+3 java.base@25.0.2
j  jdk.internal.loader.BuiltinClassLoader.loadClassOrNull(Ljava/lang/String;Z)Ljava/lang/Class;+66 java.base@25.0.2
j  jdk.internal.loader.BuiltinClassLoader.loadClass(Ljava/lang/String;Z)Ljava/lang/Class;+3 java.base@25.0.2
j  java.lang.ClassLoader.loadClass(Ljava/lang/String;)Ljava/lang/Class;+3 java.base@25.0.2
v  ~StubRoutines::call_stub 0x00000208310812ed
j  fis.poo.cinefis.app.Principal.lambda$main$0()V+0
j  fis.poo.cinefis.app.Principal$$Lambda+0x000000008c040210.run()V+0
j  java.awt.event.InvocationEvent.dispatch()V+47 java.desktop@25.0.2
j  java.awt.EventQueue.dispatchEventImpl(Ljava/awt/AWTEvent;Ljava/lang/Object;)V+21 java.desktop@25.0.2
j  java.awt.EventQueue.dispatchEvent(Ljava/awt/AWTEvent;)V+22 java.desktop@25.0.2
j  java.awt.EventDispatchThread.pumpOneEventForFilters(I)V+81 java.desktop@25.0.2
j  java.awt.EventDispatchThread.pumpEventsForFilter(ILjava/awt/Conditional;Ljava/awt/EventFilter;)V+35 java.desktop@25.0.2
j  java.awt.EventDispatchThread.pumpEventsForHierarchy(ILjava/awt/Conditional;Ljava/awt/Component;)V+11 java.desktop@25.0.2
j  java.awt.EventDispatchThread.pumpEvents(ILjava/awt/Conditional;)V+4 java.desktop@25.0.2
j  java.awt.EventDispatchThread.pumpEvents(Ljava/awt/Conditional;)V+3 java.desktop@25.0.2
j  java.awt.EventDispatchThread.run()V+9 java.desktop@25.0.2
v  ~StubRoutines::call_stub 0x00000208310812ed
Lock stack of current Java thread (top to bottom):
LockStack[1]: java.lang.Object 
{0x00000007109cb050} - klass: 'java/lang/Object' - flags: 

 - ---- fields (total size 2 words):
LockStack[0]: [I 
{0x00000007109c9c18} - klass: {type array int} - flags: is_cloneable_fast 

 - length: 0

native method entry point (kind = native)  [0x000002083108cdc0, 0x000002083108d8b8]  2808 bytes
[MachCode]
  0x000002083108cdc0: 488b 4b08 | 0fb7 492e | 584c 8d74 | ccf8 6800 | 0000 0068 | 0000 0000 | 5055 488b | ec41 5548 
  0x000002083108cde0: 8b43 084c | 8d68 3848 | 8b40 0868 | 0000 0000 | 5348 8b50 | 1848 8b52 | 7048 8b12 | 5248 8b53 
  0x000002083108ce00: 1048 85d2 | 7407 4881 | c2d0 0000 | 0052 488b | 5010 5249 | 8bc6 482b | c548 c1e8 | 0350 6800 
  0x000002083108ce20: 0000 0068 | f7ff ffff | 41c6 87f1 | 0400 0001 | 488b 4310 | 4885 c074 | 208b 8890 | 0000 0083 
  0x000002083108ce40: c102 8988 | 9000 0000 | 2388 a400 | 0000 0f84 | b209 0000 | e9cf 0000 | 0048 8b43 | 1848 85c0 
  0x000002083108ce60: 0f85 b000 | 0000 e805 | 0000 00e9 | 9900 0000 | 488b d348 | 8d44 2408 | 4c89 6dc0 | 498b cfc5 
  0x000002083108ce80: f877 4989 | af38 0400 | 0049 8987 | 2804 0000 | 4883 ec20 | 40f6 c40f | 0f84 1900 | 0000 4883 
  0x000002083108cea0: ec08 48b8 | 0032 fd5f | fe7f 0000 | ffd0 4883 | c408 e90c | 0000 0048 | b800 32fd | 5ffe 7f00 
  0x000002083108cec0: 00ff d048 | 83c4 2049 | c787 2804 | 0000 0000 | 0000 49c7 | 8738 0400 | 0000 0000 | 0049 c787 
  0x000002083108cee0: 3004 0000 | 0000 0000 | c5f8 7749 | 837f 0800 | 0f84 0500 | 0000 e9e5 | 42ff ff4c | 8b6d c04c 
  0x000002083108cf00: 8b75 c84e | 8d74 f500 | c348 8b43 | 1848 85c0 | 0f84 1200 | 0000 8b48 | 0883 c102 | 8948 0823 
  0x000002083108cf20: 482c 0f84 | de08 0000 | 493b a770 | 0500 000f | 8748 0000 | 0089 8424 | 00f0 ffff | 8984 2400 
  0x000002083108cf40: e0ff ff89 | 8424 00d0 | ffff 8984 | 2400 c0ff | ff89 8424 | 00b0 ffff | 8984 2400 | a0ff ff89 
  0x000002083108cf60: 8424 0090 | ffff 8984 | 2400 80ff | ff49 3ba7 | 6805 0000 | 7607 4989 | a770 0500 | 0041 c687 
  0x000002083108cf80: f104 0000 | 0048 8b5d | e84c 8b5b | 0845 0fb7 | 5b2e 41c1 | e303 492b | e348 83ec | 2048 83e4 
  0x000002083108cfa0: f04c 8b5b | 604d 85db | 0f85 ab00 | 0000 e805 | 0000 00e9 | 9900 0000 | 488b d348 | 8d44 2408 
  0x000002083108cfc0: 4c89 6dc0 | 498b cfc5 | f877 4989 | af38 0400 | 0049 8987 | 2804 0000 | 4883 ec20 | 40f6 c40f 
  0x000002083108cfe0: 0f84 1900 | 0000 4883 | ec08 48b8 | 305b fd5f | fe7f 0000 | ffd0 4883 | c408 e90c | 0000 0048 
  0x000002083108d000: b830 5bfd | 5ffe 7f00 | 00ff d048 | 83c4 2049 | c787 2804 | 0000 0000 | 0000 49c7 | 8738 0400 
  0x000002083108d020: 0000 0000 | 0049 c787 | 3004 0000 | 0000 0000 | c5f8 7749 | 837f 0800 | 0f84 0500 | 0000 e99d 
  0x000002083108d040: 41ff ff4c | 8b6d c04c | 8b75 c84e | 8d74 f500 | c348 8b5d | e84c 8b5b | 6041 ffd3 | 488b 5de8 
  0x000002083108d060: 4889 4518 | 440f b75b | 2c41 f6c3 | 080f 841b | 0000 004c | 8b5b 084d | 8b5b 084d | 8b5b 184d 
  0x000002083108d080: 8b5b 704d | 8b1b 4c89 | 5d10 488d | 5510 488b | 4358 49ba | 302f 3860 | fe7f 0000 | 493b c20f 
  0x000002083108d0a0: 85ab 0000 | 00e8 0500 | 0000 e999 | 0000 0048 | 8bd3 488d | 4424 084c | 896d c049 | 8bcf c5f8 
  0x000002083108d0c0: 7749 89af | 3804 0000 | 4989 8728 | 0400 0048 | 83ec 2040 | f6c4 0f0f | 8419 0000 | 0048 83ec 
  0x000002083108d0e0: 0848 b830 | 5bfd 5ffe | 7f00 00ff | d048 83c4 | 08e9 0c00 | 0000 48b8 | 305b fd5f | fe7f 0000 
  0x000002083108d100: ffd0 4883 | c420 49c7 | 8728 0400 | 0000 0000 | 0049 c787 | 3804 0000 | 0000 0000 | 49c7 8730 
  0x000002083108d120: 0400 0000 | 0000 00c5 | f877 4983 | 7f08 000f | 8405 0000 | 00e9 a640 | ffff 4c8b | 6dc0 4c8b 
  0x000002083108d140: 75c8 4e8d | 74f5 00c3 | 488b 5de8 | 488b 4358 | 498d 8f48 | 0400 004c | 8d15 d500 | 0000 4d89 
  0x000002083108d160: 9730 0400 | 00c5 f877 | 4989 af38 | 0400 0049 | 89a7 2804 | 0000 41c7 | 87d4 0400 | 0004 0000 
  0x000002083108d180: 0049 3ba7 | c805 0000 | 7607 4989 | a7c8 0500 | 00ff d049 | 3ba7 c805 | 0000 720b | 49c7 87c8 
  0x000002083108d1a0: 0500 0000 | 0000 00c5 | f877 4883 | ec10 c5fb | 1104 2448 | 83ec 1048 | 8904 2448 | c744 2408 
  0x000002083108d1c0: 0000 0000 | 41c7 87d4 | 0400 0005 | 0000 00f0 | 8344 24c0 | 0049 3b6f | 280f 870e | 0000 0041 
  0x000002083108d1e0: 83bf d004 | 0000 000f | 8420 0000 | 0049 8bcf | 4c8b e448 | 83ec 2048 | 83e4 f048 | b8b0 c1fe 
  0x000002083108d200: 5ffe 7f00 | 00ff d049 | 8be4 4d33 | e441 c787 | d404 0000 | 0800 0000 | 4d8b 97f0 | 0500 0049 
  0x000002083108d220: 83fa 0074 | 3549 c787 | f005 0000 | 0000 0000 | 41ff e249 | ba60 be08 | 3108 0200 | 0041 ffd2 
  0x000002083108d240: 4883 ec10 | c5fb 1104 | 2448 83ec | 1048 8904 | 2448 c744 | 2408 0000 | 0000 49c7 | 8728 0400 
  0x000002083108d260: 0000 0000 | 0049 c787 | 3804 0000 | 0000 0000 | 49c7 8730 | 0400 0000 | 0000 00c5 | f877 4d8b 
  0x000002083108d280: 9fb8 0400 | 0041 c783 | 0001 0000 | 0000 0000 | 49bb 5aa7 | 0831 0802 | 0000 4c3b | 5d18 0f85 
  0x000002083108d2a0: 5501 0000 | 488b 0424 | 4883 c410 | 4885 c00f | 842f 0100 | 00a8 030f | 8508 0000 | 0048 8b00 
  0x000002083108d2c0: e91f 0100 | 00a8 010f | 8509 0000 | 0048 8b40 | fee9 0e01 | 0000 488b | 40ff 4180 | 7f48 000f 
  0x000002083108d2e0: 84ff 0000 | 0048 83f8 | 000f 84f5 | 0000 004d | 8b5f 384d | 85db 0f84 | 1400 0000 | 4983 eb08 
  0x000002083108d300: 4d89 5f38 | 4d03 5f40 | 4989 03e9 | d400 0000 | 4883 ec70 | 4889 0424 | 4889 4c24 | 0848 8954 
  0x000002083108d320: 2410 4c89 | 4424 184c | 894c 2420 | 4c89 5424 | 284c 895c | 2430 c5fb | 1144 2440 | c5fb 114c 
  0x000002083108d340: 2448 c5fb | 1154 2450 | c5fb 115c | 2458 c5fb | 1164 2460 | c5fb 116c | 2468 498b | d748 8bc8 
  0x000002083108d360: 4883 ec20 | 40f6 c40f | 0f84 1900 | 0000 4883 | ec08 48b8 | d081 f15f | fe7f 0000 | ffd0 4883 
  0x000002083108d380: c408 e90c | 0000 0048 | b8d0 81f1 | 5ffe 7f00 | 00ff d048 | 83c4 20c5 | fb10 6c24 | 68c5 fb10 
  0x000002083108d3a0: 6424 60c5 | fb10 5c24 | 58c5 fb10 | 5424 50c5 | fb10 4c24 | 48c5 fb10 | 4424 404c | 8b5c 2430 
  0x000002083108d3c0: 4c8b 5424 | 284c 8b4c | 2420 4c8b | 4424 1848 | 8b54 2410 | 488b 4c24 | 0848 8b04 | 2448 83c4 
  0x000002083108d3e0: 70c5 f877 | 4889 4510 | 4883 ec10 | 4889 0424 | 48c7 4424 | 0800 0000 | 0041 83bf | 5005 0000 
  0x000002083108d400: 020f 85bf | 0000 0048 | 81ec 8000 | 0000 4889 | 4424 7848 | 894c 2470 | 4889 5424 | 6848 895c 
  0x000002083108d420: 2460 4889 | 6c24 5048 | 8974 2448 | 4889 7c24 | 404c 8944 | 2438 4c89 | 4c24 304c | 8954 2428 
  0x000002083108d440: 4c89 5c24 | 204c 8964 | 2418 4c89 | 6c24 104c | 8974 2408 | 4c89 3c24 | 4c8b e448 | 83ec 2048 
  0x000002083108d460: 83e4 f048 | b8a0 1638 | 60fe 7f00 | 00ff d049 | 8be4 4c8b | 3c24 4c8b | 7424 084c | 8b6c 2410 
  0x000002083108d480: 4c8b 6424 | 184c 8b5c | 2420 4c8b | 5424 284c | 8b4c 2430 | 4c8b 4424 | 3848 8b7c | 2440 488b 
  0x000002083108d4a0: 7424 4848 | 8b6c 2450 | 488b 5c24 | 6048 8b54 | 2468 488b | 4c24 7048 | 8b44 2478 | 4881 c480 
  0x000002083108d4c0: 0000 004d | 33e4 488b | 5de8 4c8b | 6b08 4d8d | 6d38 4983 | 7f08 000f | 84bb 0000 | 00e8 0500 
  0x000002083108d4e0: 0000 e996 | 0000 0048 | 8d44 2408 | 4c89 6dc0 | 498b cfc5 | f877 4989 | af38 0400 | 0049 8987 
  0x000002083108d500: 2804 0000 | 4883 ec20 | 40f6 c40f | 0f84 1900 | 0000 4883 | ec08 48b8 | 7079 fd5f | fe7f 0000 
  0x000002083108d520: ffd0 4883 | c408 e90c | 0000 0048 | b870 79fd | 5ffe 7f00 | 00ff d048 | 83c4 2049 | c787 2804 
  0x000002083108d540: 0000 0000 | 0000 49c7 | 8738 0400 | 0000 0000 | 0049 c787 | 3004 0000 | 0000 0000 | c5f8 7749 
  0x000002083108d560: 837f 0800 | 0f84 0500 | 0000 e971 | 3cff ff4c | 8b6d c04c | 8b75 c84e | 8d74 f500 | c348 b970 
  0x000002083108d580: 006a 60fe | 7f00 0048 | 83e4 f048 | b870 9024 | 60fe 7f00 | 00ff d0f4 | 440f b75b | 2c41 f6c3 
  0x000002083108d5a0: 200f 8472 | 0100 0048 | 8d55 a84c | 8b5a 084d | 85db 0f85 | bb00 0000 | e805 0000 | 00e9 9600 
  0x000002083108d5c0: 0000 488d | 4424 084c | 896d c049 | 8bcf c5f8 | 7749 89af | 3804 0000 | 4989 8728 | 0400 0048 
  0x000002083108d5e0: 83ec 2040 | f6c4 0f0f | 8419 0000 | 0048 83ec | 0848 b8a0 | 78fd 5ffe | 7f00 00ff | d048 83c4 
  0x000002083108d600: 08e9 0c00 | 0000 48b8 | a078 fd5f | fe7f 0000 | ffd0 4883 | c420 49c7 | 8728 0400 | 0000 0000 
  0x000002083108d620: 0049 c787 | 3804 0000 | 0000 0000 | 49c7 8730 | 0400 0000 | 0000 00c5 | f877 4983 | 7f08 000f 
  0x000002083108d640: 8405 0000 | 00e9 963b | ffff 4c8b | 6dc0 4c8b | 75c8 4e8d | 74f5 00c3 | 48b9 7000 | 6a60 fe7f 
  0x000002083108d660: 0000 4883 | e4f0 48b8 | 7090 2460 | fe7f 0000 | ffd0 f44c | 896d c04c | 8b4a 0848 | c742 0800 
  0x000002083108d680: 0000 0045 | 8b87 d806 | 0000 4f3b | 4c07 f80f | 8542 0000 | 0041 83af | d806 0000 | 084f 3b4c 
  0x000002083108d6a0: 07f0 0f84 | 2a00 0000 | 498b 01a8 | 020f 8512 | 0000 004c | 8bc0 4983 | c801 f04d | 0fb1 010f 
  0x000002083108d6c0: 840d 0000 | 0041 8387 | d806 0000 | 08e9 0500 | 0000 e93e | 0000 004c | 894a 0848 | 8bca 4883 
  0x000002083108d6e0: ec20 40f6 | c40f 0f84 | 1900 0000 | 4883 ec08 | 48b8 f04a | fd5f fe7f | 0000 ffd0 | 4883 c408 
  0x000002083108d700: e90c 0000 | 0048 b8f0 | 4afd 5ffe | 7f00 00ff | d048 83c4 | 204c 8b6d | c041 c687 | 9603 0000 
  0x000002083108d720: 0149 3b6f | 280f 8705 | 0000 00e9 | ab00 0000 | 4883 ec10 | c5fb 1104 | 2448 83ec | 1048 8904 
  0x000002083108d740: 2448 c744 | 2408 0000 | 0000 c5f8 | 7749 89af | 3804 0000 | 49ba 4ad7 | 0831 0802 | 0000 4d89 
  0x000002083108d760: 9730 0400 | 0049 89a7 | 2804 0000 | 498b cf48 | 83ec 2040 | f6c4 0f0f | 8419 0000 | 0048 83ec 
  0x000002083108d780: 0848 b890 | 31fd 5ffe | 7f00 00ff | d048 83c4 | 08e9 0c00 | 0000 48b8 | 9031 fd5f | fe7f 0000 
  0x000002083108d7a0: ffd0 4883 | c420 49c7 | 8728 0400 | 0000 0000 | 0049 c787 | 3804 0000 | 0000 0000 | 49c7 8730 
  0x000002083108d7c0: 0400 0000 | 0000 00c5 | f877 488b | 0424 4883 | c410 c5fb | 1004 2448 | 83c4 1048 | 8b04 2448 
  0x000002083108d7e0: 83c4 10c5 | fb10 0424 | 4883 c410 | 4c8b 5d18 | 41ff d34c | 8b5d f8c9 | 41c6 8796 | 0300 0000 
  0x000002083108d800: 5f49 8be3 | ffe7 ba00 | 0000 00e8 | 0500 0000 | e996 0000 | 0048 8d44 | 2408 4c89 | 6dc0 498b 
  0x000002083108d820: cfc5 f877 | 4989 af38 | 0400 0049 | 8987 2804 | 0000 4883 | ec20 40f6 | c40f 0f84 | 1900 0000 
  0x000002083108d840: 4883 ec08 | 48b8 e040 | fd5f fe7f | 0000 ffd0 | 4883 c408 | e90c 0000 | 0048 b8e0 | 40fd 5ffe 
  0x000002083108d860: 7f00 00ff | d048 83c4 | 2049 c787 | 2804 0000 | 0000 0000 | 49c7 8738 | 0400 0000 | 0000 0049 
  0x000002083108d880: c787 3004 | 0000 0000 | 0000 c5f8 | 7749 837f | 0800 0f84 | 0500 0000 | e943 39ff | ff4c 8b6d 
  0x000002083108d8a0: c04c 8b75 | c84e 8d74 | f500 c348 | 8b5d e8e9 | 74f6 ffff | 0f1f 4000 
[/MachCode]

---------------  P R O C E S S  ---------------

Threads class SMR info:
_java_thread_list=0x00000208408896f0, length=15, elements={
0x00000208403e6d40, 0x00000208403e7ba0, 0x00000208403e9220, 0x00000208403eaec0,
0x00000208402900d0, 0x00000208403f26e0, 0x00000208403f4840, 0x00000208403f5450,
0x00000208403ed8c0, 0x00000208403f1740, 0x00000208403f1f10, 0x00000208403ec920,
0x00000208403ee090, 0x0000020845281df0, 0x0000020845287bb0
}

Java Threads: ( => current thread )
  0x00000208403e6d40 JavaThread "Reference Handler"          daemon [_thread_blocked, id=17832, stack(0x0000006b02a00000,0x0000006b02b00000) (1024K)]
  0x00000208403e7ba0 JavaThread "Finalizer"                  daemon [_thread_blocked, id=80, stack(0x0000006b02b00000,0x0000006b02c00000) (1024K)]
  0x00000208403e9220 JavaThread "Signal Dispatcher"          daemon [_thread_blocked, id=15536, stack(0x0000006b02c00000,0x0000006b02d00000) (1024K)]
  0x00000208403eaec0 JavaThread "Attach Listener"            daemon [_thread_blocked, id=7840, stack(0x0000006b02d00000,0x0000006b02e00000) (1024K)]
  0x00000208402900d0 JavaThread "Service Thread"             daemon [_thread_blocked, id=8952, stack(0x0000006b02e00000,0x0000006b02f00000) (1024K)]
  0x00000208403f26e0 JavaThread "Monitor Deflation Thread"   daemon [_thread_blocked, id=1424, stack(0x0000006b02f00000,0x0000006b03000000) (1024K)]
  0x00000208403f4840 JavaThread "C2 CompilerThread0"         daemon [_thread_blocked, id=12616, stack(0x0000006b03000000,0x0000006b03100000) (1024K)]
  0x00000208403f5450 JavaThread "C1 CompilerThread0"         daemon [_thread_blocked, id=680, stack(0x0000006b03100000,0x0000006b03200000) (1024K)]
  0x00000208403ed8c0 JavaThread "Notification Thread"        daemon [_thread_blocked, id=10120, stack(0x0000006b03200000,0x0000006b03300000) (1024K)]
  0x00000208403f1740 JavaThread "Common-Cleaner"             daemon [_thread_blocked, id=13820, stack(0x0000006b03300000,0x0000006b03400000) (1024K)]
  0x00000208403f1f10 JavaThread "Java2D Disposer"            daemon [_thread_blocked, id=17168, stack(0x0000006b03400000,0x0000006b03500000) (1024K)]
  0x00000208403ec920 JavaThread "AWT-Shutdown"                      [_thread_blocked, id=1536, stack(0x0000006b03500000,0x0000006b03600000) (1024K)]
  0x00000208403ee090 JavaThread "AWT-Windows"                daemon [_thread_in_native, id=10836, stack(0x0000006b03600000,0x0000006b03700000) (1024K)]
=>0x0000020845281df0 JavaThread "AWT-EventQueue-0"                  [_thread_in_vm, id=8580, stack(0x0000006b03700000,0x0000006b03800000) (1024K)]
  0x0000020845287bb0 JavaThread "DestroyJavaVM"                     [_thread_blocked, id=5196, stack(0x0000006b02200000,0x0000006b02300000) (1024K)]
Total: 15

Other Threads:
  0x00000208403d2a60 VMThread "VM Thread"                           [id=18668, stack(0x0000006b02900000,0x0000006b02a00000) (1024K)]
  0x00000208403c06a0 WatcherThread "VM Periodic Task Thread"        [id=17344, stack(0x0000006b02800000,0x0000006b02900000) (1024K)]
  0x00000208210ba7c0 WorkerThread "GC Thread#0"                     [id=5296, stack(0x0000006b02300000,0x0000006b02400000) (1024K)]
  0x00000208210d3770 ConcurrentGCThread "G1 Main Marker"            [id=9908, stack(0x0000006b02400000,0x0000006b02500000) (1024K)]
  0x00000208210d6c60 WorkerThread "G1 Conc#0"                       [id=14936, stack(0x0000006b02500000,0x0000006b02600000) (1024K)]
  0x0000020821118850 ConcurrentGCThread "G1 Refine#0"               [id=16848, stack(0x0000006b02600000,0x0000006b02700000) (1024K)]
  0x0000020821119260 ConcurrentGCThread "G1 Service"                [id=7492, stack(0x0000006b02700000,0x0000006b02800000) (1024K)]
Total: 7

Threads with active compile tasks:
Total: 0

VM state: not at safepoint (normal execution)

VM Mutex/Monitor currently owned by a thread:  ([mutex/lock_event])
[0x00007ffe609941c8] Metaspace_lock - owner thread: 0x0000020845281df0

Heap address: 0x0000000700c00000, size: 4084 MB, Compressed Oops mode: Zero based, Oop shift amount: 3

CDS archive(s) mapped at: [0x000000008b000000-0x000000008bdd0000-0x000000008bdd0000), size 14483456, SharedBaseAddress: 0x000000008b000000, ArchiveRelocationMode: 1.
Compressed class space mapped at: 0x000000008c000000-0x00000000cc000000, reserved size: 1073741824
UseCompressedClassPointers 1, UseCompactObjectHeaders 0
Narrow klass pointer bits 32, Max shift 3
Narrow klass base: 0x000000008b000000, Narrow klass shift: 0
Encoding Range: [0x000000008b000000 - 0x000000018b000000), (4294967296 bytes)
Klass Range:    [0x000000008b010000 - 0x00000000cc000000), (1090453504 bytes)
Klass ID Range:  [65536 - 1090519033) (1090453497)
Protection zone: [0x000000008b000000 - 0x000000008b010000), (65536 bytes)

GC Precious Log:
 CardTable entry size: 512
 Card Set container configuration: InlinePtr #cards 4 size 8 Array Of Cards #cards 16 size 48 Howl #buckets 8 coarsen threshold 3686 Howl Bitmap #cards 512 size 80 coarsen threshold 460 Card regions per heap region 1 cards per card region 4096
 CPUs: 6 total, 6 available
 Memory: 16328M
 Large Page Support: Disabled
 NUMA Support: Disabled
 Compressed Oops: Enabled (Zero based)
 Heap Region Size: 2M
 Heap Min Capacity: 8M
 Heap Initial Capacity: 256M
 Heap Max Capacity: 4084M
 Pre-touch: Disabled
 Parallel Workers: 6
 Concurrent Workers: 2
 Concurrent Refinement Workers: 6
 Periodic GC: Disabled

Heap:
 garbage-first heap   total reserved 4182016K, committed 264192K, used 3219K [0x0000000700c00000, 0x0000000800000000)
  region size 2048K, 2 young (4096K), 0 survivors (0K)

Heap Regions: E=young(eden), S=young(survivor), O=old, HS=humongous(starts), HC=humongous(continues), CS=collection set, F=free, TAMS=top-at-mark-start, PB=parsable bottom
|   0|0x0000000700c00000, 0x0000000700c00000, 0x0000000700e00000|  0%| F|  |TAMS 0x0000000700c00000| PB 0x0000000700c00000| Untracked |  0
|   1|0x0000000700e00000, 0x0000000700e00000, 0x0000000701000000|  0%| F|  |TAMS 0x0000000700e00000| PB 0x0000000700e00000| Untracked |  0
|   2|0x0000000701000000, 0x0000000701000000, 0x0000000701200000|  0%| F|  |TAMS 0x0000000701000000| PB 0x0000000701000000| Untracked |  0
|   3|0x0000000701200000, 0x0000000701200000, 0x0000000701400000|  0%| F|  |TAMS 0x0000000701200000| PB 0x0000000701200000| Untracked |  0
|   4|0x0000000701400000, 0x0000000701400000, 0x0000000701600000|  0%| F|  |TAMS 0x0000000701400000| PB 0x0000000701400000| Untracked |  0
|   5|0x0000000701600000, 0x0000000701600000, 0x0000000701800000|  0%| F|  |TAMS 0x0000000701600000| PB 0x0000000701600000| Untracked |  0
|   6|0x0000000701800000, 0x0000000701800000, 0x0000000701a00000|  0%| F|  |TAMS 0x0000000701800000| PB 0x0000000701800000| Untracked |  0
|   7|0x0000000701a00000, 0x0000000701a00000, 0x0000000701c00000|  0%| F|  |TAMS 0x0000000701a00000| PB 0x0000000701a00000| Untracked |  0
|   8|0x0000000701c00000, 0x0000000701c00000, 0x0000000701e00000|  0%| F|  |TAMS 0x0000000701c00000| PB 0x0000000701c00000| Untracked |  0
|   9|0x0000000701e00000, 0x0000000701e00000, 0x0000000702000000|  0%| F|  |TAMS 0x0000000701e00000| PB 0x0000000701e00000| Untracked |  0
|  10|0x0000000702000000, 0x0000000702000000, 0x0000000702200000|  0%| F|  |TAMS 0x0000000702000000| PB 0x0000000702000000| Untracked |  0
|  11|0x0000000702200000, 0x0000000702200000, 0x0000000702400000|  0%| F|  |TAMS 0x0000000702200000| PB 0x0000000702200000| Untracked |  0
|  12|0x0000000702400000, 0x0000000702400000, 0x0000000702600000|  0%| F|  |TAMS 0x0000000702400000| PB 0x0000000702400000| Untracked |  0
|  13|0x0000000702600000, 0x0000000702600000, 0x0000000702800000|  0%| F|  |TAMS 0x0000000702600000| PB 0x0000000702600000| Untracked |  0
|  14|0x0000000702800000, 0x0000000702800000, 0x0000000702a00000|  0%| F|  |TAMS 0x0000000702800000| PB 0x0000000702800000| Untracked |  0
|  15|0x0000000702a00000, 0x0000000702a00000, 0x0000000702c00000|  0%| F|  |TAMS 0x0000000702a00000| PB 0x0000000702a00000| Untracked |  0
|  16|0x0000000702c00000, 0x0000000702c00000, 0x0000000702e00000|  0%| F|  |TAMS 0x0000000702c00000| PB 0x0000000702c00000| Untracked |  0
|  17|0x0000000702e00000, 0x0000000702e00000, 0x0000000703000000|  0%| F|  |TAMS 0x0000000702e00000| PB 0x0000000702e00000| Untracked |  0
|  18|0x0000000703000000, 0x0000000703000000, 0x0000000703200000|  0%| F|  |TAMS 0x0000000703000000| PB 0x0000000703000000| Untracked |  0
|  19|0x0000000703200000, 0x0000000703200000, 0x0000000703400000|  0%| F|  |TAMS 0x0000000703200000| PB 0x0000000703200000| Untracked |  0
|  20|0x0000000703400000, 0x0000000703400000, 0x0000000703600000|  0%| F|  |TAMS 0x0000000703400000| PB 0x0000000703400000| Untracked |  0
|  21|0x0000000703600000, 0x0000000703600000, 0x0000000703800000|  0%| F|  |TAMS 0x0000000703600000| PB 0x0000000703600000| Untracked |  0
|  22|0x0000000703800000, 0x0000000703800000, 0x0000000703a00000|  0%| F|  |TAMS 0x0000000703800000| PB 0x0000000703800000| Untracked |  0
|  23|0x0000000703a00000, 0x0000000703a00000, 0x0000000703c00000|  0%| F|  |TAMS 0x0000000703a00000| PB 0x0000000703a00000| Untracked |  0
|  24|0x0000000703c00000, 0x0000000703c00000, 0x0000000703e00000|  0%| F|  |TAMS 0x0000000703c00000| PB 0x0000000703c00000| Untracked |  0
|  25|0x0000000703e00000, 0x0000000703e00000, 0x0000000704000000|  0%| F|  |TAMS 0x0000000703e00000| PB 0x0000000703e00000| Untracked |  0
|  26|0x0000000704000000, 0x0000000704000000, 0x0000000704200000|  0%| F|  |TAMS 0x0000000704000000| PB 0x0000000704000000| Untracked |  0
|  27|0x0000000704200000, 0x0000000704200000, 0x0000000704400000|  0%| F|  |TAMS 0x0000000704200000| PB 0x0000000704200000| Untracked |  0
|  28|0x0000000704400000, 0x0000000704400000, 0x0000000704600000|  0%| F|  |TAMS 0x0000000704400000| PB 0x0000000704400000| Untracked |  0
|  29|0x0000000704600000, 0x0000000704600000, 0x0000000704800000|  0%| F|  |TAMS 0x0000000704600000| PB 0x0000000704600000| Untracked |  0
|  30|0x0000000704800000, 0x0000000704800000, 0x0000000704a00000|  0%| F|  |TAMS 0x0000000704800000| PB 0x0000000704800000| Untracked |  0
|  31|0x0000000704a00000, 0x0000000704a00000, 0x0000000704c00000|  0%| F|  |TAMS 0x0000000704a00000| PB 0x0000000704a00000| Untracked |  0
|  32|0x0000000704c00000, 0x0000000704c00000, 0x0000000704e00000|  0%| F|  |TAMS 0x0000000704c00000| PB 0x0000000704c00000| Untracked |  0
|  33|0x0000000704e00000, 0x0000000704e00000, 0x0000000705000000|  0%| F|  |TAMS 0x0000000704e00000| PB 0x0000000704e00000| Untracked |  0
|  34|0x0000000705000000, 0x0000000705000000, 0x0000000705200000|  0%| F|  |TAMS 0x0000000705000000| PB 0x0000000705000000| Untracked |  0
|  35|0x0000000705200000, 0x0000000705200000, 0x0000000705400000|  0%| F|  |TAMS 0x0000000705200000| PB 0x0000000705200000| Untracked |  0
|  36|0x0000000705400000, 0x0000000705400000, 0x0000000705600000|  0%| F|  |TAMS 0x0000000705400000| PB 0x0000000705400000| Untracked |  0
|  37|0x0000000705600000, 0x0000000705600000, 0x0000000705800000|  0%| F|  |TAMS 0x0000000705600000| PB 0x0000000705600000| Untracked |  0
|  38|0x0000000705800000, 0x0000000705800000, 0x0000000705a00000|  0%| F|  |TAMS 0x0000000705800000| PB 0x0000000705800000| Untracked |  0
|  39|0x0000000705a00000, 0x0000000705a00000, 0x0000000705c00000|  0%| F|  |TAMS 0x0000000705a00000| PB 0x0000000705a00000| Untracked |  0
|  40|0x0000000705c00000, 0x0000000705c00000, 0x0000000705e00000|  0%| F|  |TAMS 0x0000000705c00000| PB 0x0000000705c00000| Untracked |  0
|  41|0x0000000705e00000, 0x0000000705e00000, 0x0000000706000000|  0%| F|  |TAMS 0x0000000705e00000| PB 0x0000000705e00000| Untracked |  0
|  42|0x0000000706000000, 0x0000000706000000, 0x0000000706200000|  0%| F|  |TAMS 0x0000000706000000| PB 0x0000000706000000| Untracked |  0
|  43|0x0000000706200000, 0x0000000706200000, 0x0000000706400000|  0%| F|  |TAMS 0x0000000706200000| PB 0x0000000706200000| Untracked |  0
|  44|0x0000000706400000, 0x0000000706400000, 0x0000000706600000|  0%| F|  |TAMS 0x0000000706400000| PB 0x0000000706400000| Untracked |  0
|  45|0x0000000706600000, 0x0000000706600000, 0x0000000706800000|  0%| F|  |TAMS 0x0000000706600000| PB 0x0000000706600000| Untracked |  0
|  46|0x0000000706800000, 0x0000000706800000, 0x0000000706a00000|  0%| F|  |TAMS 0x0000000706800000| PB 0x0000000706800000| Untracked |  0
|  47|0x0000000706a00000, 0x0000000706a00000, 0x0000000706c00000|  0%| F|  |TAMS 0x0000000706a00000| PB 0x0000000706a00000| Untracked |  0
|  48|0x0000000706c00000, 0x0000000706c00000, 0x0000000706e00000|  0%| F|  |TAMS 0x0000000706c00000| PB 0x0000000706c00000| Untracked |  0
|  49|0x0000000706e00000, 0x0000000706e00000, 0x0000000707000000|  0%| F|  |TAMS 0x0000000706e00000| PB 0x0000000706e00000| Untracked |  0
|  50|0x0000000707000000, 0x0000000707000000, 0x0000000707200000|  0%| F|  |TAMS 0x0000000707000000| PB 0x0000000707000000| Untracked |  0
|  51|0x0000000707200000, 0x0000000707200000, 0x0000000707400000|  0%| F|  |TAMS 0x0000000707200000| PB 0x0000000707200000| Untracked |  0
|  52|0x0000000707400000, 0x0000000707400000, 0x0000000707600000|  0%| F|  |TAMS 0x0000000707400000| PB 0x0000000707400000| Untracked |  0
|  53|0x0000000707600000, 0x0000000707600000, 0x0000000707800000|  0%| F|  |TAMS 0x0000000707600000| PB 0x0000000707600000| Untracked |  0
|  54|0x0000000707800000, 0x0000000707800000, 0x0000000707a00000|  0%| F|  |TAMS 0x0000000707800000| PB 0x0000000707800000| Untracked |  0
|  55|0x0000000707a00000, 0x0000000707a00000, 0x0000000707c00000|  0%| F|  |TAMS 0x0000000707a00000| PB 0x0000000707a00000| Untracked |  0
|  56|0x0000000707c00000, 0x0000000707c00000, 0x0000000707e00000|  0%| F|  |TAMS 0x0000000707c00000| PB 0x0000000707c00000| Untracked |  0
|  57|0x0000000707e00000, 0x0000000707e00000, 0x0000000708000000|  0%| F|  |TAMS 0x0000000707e00000| PB 0x0000000707e00000| Untracked |  0
|  58|0x0000000708000000, 0x0000000708000000, 0x0000000708200000|  0%| F|  |TAMS 0x0000000708000000| PB 0x0000000708000000| Untracked |  0
|  59|0x0000000708200000, 0x0000000708200000, 0x0000000708400000|  0%| F|  |TAMS 0x0000000708200000| PB 0x0000000708200000| Untracked |  0
|  60|0x0000000708400000, 0x0000000708400000, 0x0000000708600000|  0%| F|  |TAMS 0x0000000708400000| PB 0x0000000708400000| Untracked |  0
|  61|0x0000000708600000, 0x0000000708600000, 0x0000000708800000|  0%| F|  |TAMS 0x0000000708600000| PB 0x0000000708600000| Untracked |  0
|  62|0x0000000708800000, 0x0000000708800000, 0x0000000708a00000|  0%| F|  |TAMS 0x0000000708800000| PB 0x0000000708800000| Untracked |  0
|  63|0x0000000708a00000, 0x0000000708a00000, 0x0000000708c00000|  0%| F|  |TAMS 0x0000000708a00000| PB 0x0000000708a00000| Untracked |  0
|  64|0x0000000708c00000, 0x0000000708c00000, 0x0000000708e00000|  0%| F|  |TAMS 0x0000000708c00000| PB 0x0000000708c00000| Untracked |  0
|  65|0x0000000708e00000, 0x0000000708e00000, 0x0000000709000000|  0%| F|  |TAMS 0x0000000708e00000| PB 0x0000000708e00000| Untracked |  0
|  66|0x0000000709000000, 0x0000000709000000, 0x0000000709200000|  0%| F|  |TAMS 0x0000000709000000| PB 0x0000000709000000| Untracked |  0
|  67|0x0000000709200000, 0x0000000709200000, 0x0000000709400000|  0%| F|  |TAMS 0x0000000709200000| PB 0x0000000709200000| Untracked |  0
|  68|0x0000000709400000, 0x0000000709400000, 0x0000000709600000|  0%| F|  |TAMS 0x0000000709400000| PB 0x0000000709400000| Untracked |  0
|  69|0x0000000709600000, 0x0000000709600000, 0x0000000709800000|  0%| F|  |TAMS 0x0000000709600000| PB 0x0000000709600000| Untracked |  0
|  70|0x0000000709800000, 0x0000000709800000, 0x0000000709a00000|  0%| F|  |TAMS 0x0000000709800000| PB 0x0000000709800000| Untracked |  0
|  71|0x0000000709a00000, 0x0000000709a00000, 0x0000000709c00000|  0%| F|  |TAMS 0x0000000709a00000| PB 0x0000000709a00000| Untracked |  0
|  72|0x0000000709c00000, 0x0000000709c00000, 0x0000000709e00000|  0%| F|  |TAMS 0x0000000709c00000| PB 0x0000000709c00000| Untracked |  0
|  73|0x0000000709e00000, 0x0000000709e00000, 0x000000070a000000|  0%| F|  |TAMS 0x0000000709e00000| PB 0x0000000709e00000| Untracked |  0
|  74|0x000000070a000000, 0x000000070a000000, 0x000000070a200000|  0%| F|  |TAMS 0x000000070a000000| PB 0x000000070a000000| Untracked |  0
|  75|0x000000070a200000, 0x000000070a200000, 0x000000070a400000|  0%| F|  |TAMS 0x000000070a200000| PB 0x000000070a200000| Untracked |  0
|  76|0x000000070a400000, 0x000000070a400000, 0x000000070a600000|  0%| F|  |TAMS 0x000000070a400000| PB 0x000000070a400000| Untracked |  0
|  77|0x000000070a600000, 0x000000070a600000, 0x000000070a800000|  0%| F|  |TAMS 0x000000070a600000| PB 0x000000070a600000| Untracked |  0
|  78|0x000000070a800000, 0x000000070a800000, 0x000000070aa00000|  0%| F|  |TAMS 0x000000070a800000| PB 0x000000070a800000| Untracked |  0
|  79|0x000000070aa00000, 0x000000070aa00000, 0x000000070ac00000|  0%| F|  |TAMS 0x000000070aa00000| PB 0x000000070aa00000| Untracked |  0
|  80|0x000000070ac00000, 0x000000070ac00000, 0x000000070ae00000|  0%| F|  |TAMS 0x000000070ac00000| PB 0x000000070ac00000| Untracked |  0
|  81|0x000000070ae00000, 0x000000070ae00000, 0x000000070b000000|  0%| F|  |TAMS 0x000000070ae00000| PB 0x000000070ae00000| Untracked |  0
|  82|0x000000070b000000, 0x000000070b000000, 0x000000070b200000|  0%| F|  |TAMS 0x000000070b000000| PB 0x000000070b000000| Untracked |  0
|  83|0x000000070b200000, 0x000000070b200000, 0x000000070b400000|  0%| F|  |TAMS 0x000000070b200000| PB 0x000000070b200000| Untracked |  0
|  84|0x000000070b400000, 0x000000070b400000, 0x000000070b600000|  0%| F|  |TAMS 0x000000070b400000| PB 0x000000070b400000| Untracked |  0
|  85|0x000000070b600000, 0x000000070b600000, 0x000000070b800000|  0%| F|  |TAMS 0x000000070b600000| PB 0x000000070b600000| Untracked |  0
|  86|0x000000070b800000, 0x000000070b800000, 0x000000070ba00000|  0%| F|  |TAMS 0x000000070b800000| PB 0x000000070b800000| Untracked |  0
|  87|0x000000070ba00000, 0x000000070ba00000, 0x000000070bc00000|  0%| F|  |TAMS 0x000000070ba00000| PB 0x000000070ba00000| Untracked |  0
|  88|0x000000070bc00000, 0x000000070bc00000, 0x000000070be00000|  0%| F|  |TAMS 0x000000070bc00000| PB 0x000000070bc00000| Untracked |  0
|  89|0x000000070be00000, 0x000000070be00000, 0x000000070c000000|  0%| F|  |TAMS 0x000000070be00000| PB 0x000000070be00000| Untracked |  0
|  90|0x000000070c000000, 0x000000070c000000, 0x000000070c200000|  0%| F|  |TAMS 0x000000070c000000| PB 0x000000070c000000| Untracked |  0
|  91|0x000000070c200000, 0x000000070c200000, 0x000000070c400000|  0%| F|  |TAMS 0x000000070c200000| PB 0x000000070c200000| Untracked |  0
|  92|0x000000070c400000, 0x000000070c400000, 0x000000070c600000|  0%| F|  |TAMS 0x000000070c400000| PB 0x000000070c400000| Untracked |  0
|  93|0x000000070c600000, 0x000000070c600000, 0x000000070c800000|  0%| F|  |TAMS 0x000000070c600000| PB 0x000000070c600000| Untracked |  0
|  94|0x000000070c800000, 0x000000070c800000, 0x000000070ca00000|  0%| F|  |TAMS 0x000000070c800000| PB 0x000000070c800000| Untracked |  0
|  95|0x000000070ca00000, 0x000000070ca00000, 0x000000070cc00000|  0%| F|  |TAMS 0x000000070ca00000| PB 0x000000070ca00000| Untracked |  0
|  96|0x000000070cc00000, 0x000000070cc00000, 0x000000070ce00000|  0%| F|  |TAMS 0x000000070cc00000| PB 0x000000070cc00000| Untracked |  0
|  97|0x000000070ce00000, 0x000000070ce00000, 0x000000070d000000|  0%| F|  |TAMS 0x000000070ce00000| PB 0x000000070ce00000| Untracked |  0
|  98|0x000000070d000000, 0x000000070d000000, 0x000000070d200000|  0%| F|  |TAMS 0x000000070d000000| PB 0x000000070d000000| Untracked |  0
|  99|0x000000070d200000, 0x000000070d200000, 0x000000070d400000|  0%| F|  |TAMS 0x000000070d200000| PB 0x000000070d200000| Untracked |  0
| 100|0x000000070d400000, 0x000000070d400000, 0x000000070d600000|  0%| F|  |TAMS 0x000000070d400000| PB 0x000000070d400000| Untracked |  0
| 101|0x000000070d600000, 0x000000070d600000, 0x000000070d800000|  0%| F|  |TAMS 0x000000070d600000| PB 0x000000070d600000| Untracked |  0
| 102|0x000000070d800000, 0x000000070d800000, 0x000000070da00000|  0%| F|  |TAMS 0x000000070d800000| PB 0x000000070d800000| Untracked |  0
| 103|0x000000070da00000, 0x000000070da00000, 0x000000070dc00000|  0%| F|  |TAMS 0x000000070da00000| PB 0x000000070da00000| Untracked |  0
| 104|0x000000070dc00000, 0x000000070dc00000, 0x000000070de00000|  0%| F|  |TAMS 0x000000070dc00000| PB 0x000000070dc00000| Untracked |  0
| 105|0x000000070de00000, 0x000000070de00000, 0x000000070e000000|  0%| F|  |TAMS 0x000000070de00000| PB 0x000000070de00000| Untracked |  0
| 106|0x000000070e000000, 0x000000070e000000, 0x000000070e200000|  0%| F|  |TAMS 0x000000070e000000| PB 0x000000070e000000| Untracked |  0
| 107|0x000000070e200000, 0x000000070e200000, 0x000000070e400000|  0%| F|  |TAMS 0x000000070e200000| PB 0x000000070e200000| Untracked |  0
| 108|0x000000070e400000, 0x000000070e400000, 0x000000070e600000|  0%| F|  |TAMS 0x000000070e400000| PB 0x000000070e400000| Untracked |  0
| 109|0x000000070e600000, 0x000000070e600000, 0x000000070e800000|  0%| F|  |TAMS 0x000000070e600000| PB 0x000000070e600000| Untracked |  0
| 110|0x000000070e800000, 0x000000070e800000, 0x000000070ea00000|  0%| F|  |TAMS 0x000000070e800000| PB 0x000000070e800000| Untracked |  0
| 111|0x000000070ea00000, 0x000000070ea00000, 0x000000070ec00000|  0%| F|  |TAMS 0x000000070ea00000| PB 0x000000070ea00000| Untracked |  0
| 112|0x000000070ec00000, 0x000000070ec00000, 0x000000070ee00000|  0%| F|  |TAMS 0x000000070ec00000| PB 0x000000070ec00000| Untracked |  0
| 113|0x000000070ee00000, 0x000000070ee00000, 0x000000070f000000|  0%| F|  |TAMS 0x000000070ee00000| PB 0x000000070ee00000| Untracked |  0
| 114|0x000000070f000000, 0x000000070f000000, 0x000000070f200000|  0%| F|  |TAMS 0x000000070f000000| PB 0x000000070f000000| Untracked |  0
| 115|0x000000070f200000, 0x000000070f200000, 0x000000070f400000|  0%| F|  |TAMS 0x000000070f200000| PB 0x000000070f200000| Untracked |  0
| 116|0x000000070f400000, 0x000000070f400000, 0x000000070f600000|  0%| F|  |TAMS 0x000000070f400000| PB 0x000000070f400000| Untracked |  0
| 117|0x000000070f600000, 0x000000070f600000, 0x000000070f800000|  0%| F|  |TAMS 0x000000070f600000| PB 0x000000070f600000| Untracked |  0
| 118|0x000000070f800000, 0x000000070f800000, 0x000000070fa00000|  0%| F|  |TAMS 0x000000070f800000| PB 0x000000070f800000| Untracked |  0
| 119|0x000000070fa00000, 0x000000070fa00000, 0x000000070fc00000|  0%| F|  |TAMS 0x000000070fa00000| PB 0x000000070fa00000| Untracked |  0
| 120|0x000000070fc00000, 0x000000070fc00000, 0x000000070fe00000|  0%| F|  |TAMS 0x000000070fc00000| PB 0x000000070fc00000| Untracked |  0
| 121|0x000000070fe00000, 0x000000070fe00000, 0x0000000710000000|  0%| F|  |TAMS 0x000000070fe00000| PB 0x000000070fe00000| Untracked |  0
| 122|0x0000000710000000, 0x0000000710000000, 0x0000000710200000|  0%| F|  |TAMS 0x0000000710000000| PB 0x0000000710000000| Untracked |  0
| 123|0x0000000710200000, 0x0000000710200000, 0x0000000710400000|  0%| F|  |TAMS 0x0000000710200000| PB 0x0000000710200000| Untracked |  0
| 124|0x0000000710400000, 0x0000000710400000, 0x0000000710600000|  0%| F|  |TAMS 0x0000000710400000| PB 0x0000000710400000| Untracked |  0
| 125|0x0000000710600000, 0x0000000710600000, 0x0000000710800000|  0%| F|  |TAMS 0x0000000710600000| PB 0x0000000710600000| Untracked |  0
| 126|0x0000000710800000, 0x0000000710a00000, 0x0000000710a00000|100%| E|  |TAMS 0x0000000710800000| PB 0x0000000710800000| Complete |  0
| 127|0x0000000710a00000, 0x0000000710c00000, 0x0000000710c00000|100%| E|CS|TAMS 0x0000000710a00000| PB 0x0000000710a00000| Complete |  0
|2041|0x00000007ffe00000, 0x00000007fff24ea8, 0x0000000800000000| 57%| O|  |TAMS 0x00000007ffe00000| PB 0x00000007ffe00000| Untracked |  0

Card table byte_map: [0x0000020839460000,0x0000020839c60000] _byte_map_base: 0x0000020835c5a000

Marking Bits: (CMBitMap*) 0x00000208210baf50
 Bits: [0x0000020839c60000, 0x000002083dc30000)

Polling page: 0x000002081ee80000

Metaspace:
Metaspace        used 2341K, committed 2496K, reserved 1114112K
 class space     used 204K, committed 320K, reserved 1048576K

Usage:
  Non-class:      2.09 MB used.
      Class:    204.60 KB used.
       Both:      2.29 MB used.

Virtual space:
  Non-class space:       64.00 MB reserved,       2.12 MB (  3%) committed,  1 nodes.
      Class space:        1.00 GB reserved,     320.00 KB ( <1%) committed,  1 nodes.
             Both:        1.06 GB reserved,       2.44 MB ( <1%) committed. 

Chunk freelists:
   Non-Class:  11.96 MB
       Class:  15.73 MB
        Both:  27.69 MB

MaxMetaspaceSize: unlimited
CompressedClassSpaceSize: 1.00 GB
Initial GC threshold: 21.00 MB
Current GC threshold: 21.00 MB
CDS: on
 - commit_granule_bytes: 65536.
 - commit_granule_words: 8192.
 - virtual_space_node_default_size: 8388608.
 - enlarge_chunks_in_place: 1.
UseCompressedClassPointers 1, UseCompactObjectHeaders 0
Narrow klass pointer bits 32, Max shift 3
Narrow klass base: 0x000000008b000000, Narrow klass shift: 0
Encoding Range: [0x000000008b000000 - 0x000000018b000000), (4294967296 bytes)
Klass Range:    [0x000000008b010000 - 0x00000000cc000000), (1090453504 bytes)
Klass ID Range:  [65536 - 1090519033) (1090453497)
Protection zone: [0x000000008b000000 - 0x000000008b010000), (65536 bytes)


Internal statistics:

num_allocs_failed_limit: 0.
num_arena_births: 22.
num_arena_deaths: 0.
num_vsnodes_births: 2.
num_vsnodes_deaths: 0.
num_space_committed: 39.
num_space_uncommitted: 0.
num_chunks_returned_to_freelist: 0.
num_chunks_taken_from_freelist: 28.
num_chunk_merges: 0.
num_chunk_splits: 22.
num_chunks_enlarged: 10.
num_inconsistent_stats: 0.

CodeHeap 'non-profiled nmethods': size=120064Kb used=59Kb max_used=59Kb free=120004Kb
 bounds [0x0000020831610000, 0x0000020831880000, 0x0000020838b50000]
CodeHeap 'profiled nmethods': size=120000Kb used=186Kb max_used=186Kb free=119813Kb
 bounds [0x0000020829b50000, 0x0000020829dc0000, 0x0000020831080000]
CodeHeap 'non-nmethods': size=5696Kb used=1353Kb max_used=1353Kb free=4342Kb
 bounds [0x0000020831080000, 0x00000208312f0000, 0x0000020831610000]
CodeCache: size=245760Kb, used=1598Kb, max_used=1598Kb, free=244159Kb
 total_blobs=635, nmethods=154, adapters=385, full_count=0
Compilation: enabled, stopped_count=0, restarted_count=0

Compilation events (20 events):
Event: 0.086 Thread 0x00000208403f5450  144       3       jdk.internal.classfile.impl.BufWriterImpl::writeU2 (38 bytes)
Event: 0.086 Thread 0x00000208403f5450 nmethod 144 0x0000020829b7b908 code [0x0000020829b7ba00, 0x0000020829b7bcd8]
Event: 0.086 Thread 0x00000208403f5450  145       1       java.lang.invoke.MethodHandle::type (5 bytes)
Event: 0.086 Thread 0x00000208403f5450 nmethod 145 0x000002083161df88 code [0x000002083161e080, 0x000002083161e148]
Event: 0.086 Thread 0x00000208403f5450  148       3       java.lang.invoke.LambdaForm$BasicType::basicType (187 bytes)
Event: 0.087 Thread 0x00000208403f5450 nmethod 148 0x0000020829b7bd08 code [0x0000020829b7be00, 0x0000020829b7cae8]
Event: 0.087 Thread 0x00000208403f5450  146       1       jdk.internal.util.WeakReferenceKey::hashCode (5 bytes)
Event: 0.087 Thread 0x00000208403f5450 nmethod 146 0x000002083161e588 code [0x000002083161e680, 0x000002083161e748]
Event: 0.087 Thread 0x00000208403f5450  149       1       java.lang.invoke.MethodTypeForm::erasedType (5 bytes)
Event: 0.087 Thread 0x00000208403f5450 nmethod 149 0x000002083161e888 code [0x000002083161e980, 0x000002083161ea48]
Event: 0.089 Thread 0x00000208403f5450  150       3       java.lang.AbstractStringBuilder::append (100 bytes)
Event: 0.089 Thread 0x00000208403f5450 nmethod 150 0x0000020829b7cb08 code [0x0000020829b7cc00, 0x0000020829b7d2e0]
Event: 0.089 Thread 0x00000208403f5450  151       3       java.lang.StringBuilder::append (8 bytes)
Event: 0.089 Thread 0x00000208403f5450 nmethod 151 0x0000020829b7d308 code [0x0000020829b7d400, 0x0000020829b7d550]
Event: 0.090 Thread 0x00000208403f5450  152       1       java.lang.Class::getModule (5 bytes)
Event: 0.090 Thread 0x00000208403f5450 nmethod 152 0x000002083161eb88 code [0x000002083161ec80, 0x000002083161ed48]
Event: 0.091 Thread 0x00000208403f5450  154       3       jdk.internal.util.ArraysSupport::vectorizedHashCode (158 bytes)
Event: 0.091 Thread 0x00000208403f5450 nmethod 154 0x0000020829b7d608 code [0x0000020829b7d700, 0x0000020829b7e820]
Event: 0.091 Thread 0x00000208403f5450  153       3       java.lang.String::isEmpty (14 bytes)
Event: 0.091 Thread 0x00000208403f5450 nmethod 153 0x0000020829b7e888 code [0x0000020829b7e980, 0x0000020829b7eae8]

GC Heap Usage History (0 events):
No events

Metaspace Usage History (0 events):
No events

Dll operation events (6 events):
Event: 0.006 Loaded shared library C:\Program Files\Apache NetBeans\jdk\bin\java.dll
Event: 0.042 Loaded shared library C:\Program Files\Apache NetBeans\jdk\bin\jimage.dll
Event: 0.045 Loaded shared library C:\Program Files\Apache NetBeans\jdk\bin\awt.dll
Event: 0.056 Loaded shared library C:\Program Files\Apache NetBeans\jdk\bin\net.dll
Event: 0.057 Loaded shared library C:\Program Files\Apache NetBeans\jdk\bin\nio.dll
Event: 0.059 Loaded shared library C:\Program Files\Apache NetBeans\jdk\bin\zip.dll

Deoptimization events (0 events):
No events

Classes loaded (20 events):
Event: 0.091 Loading class javax/swing/UnsupportedLookAndFeelException
Event: 0.091 Loading class javax/swing/UnsupportedLookAndFeelException done
Event: 0.091 Loading class javax/swing/JPanel
Event: 0.091 Loading class javax/swing/JComponent
Event: 0.091 Loading class javax/swing/JComponent done
Event: 0.092 Loading class javax/swing/JPanel done
Event: 0.092 Loading class java/awt/LayoutManager
Event: 0.092 Loading class java/awt/LayoutManager done
Event: 0.092 Loading class javax/swing/GroupLayout$Group
Event: 0.092 Loading class javax/swing/GroupLayout$Spring
Event: 0.092 Loading class javax/swing/GroupLayout$Spring done
Event: 0.092 Loading class javax/swing/GroupLayout$Group done
Event: 0.092 Loading class javax/swing/GroupLayout$ParallelGroup
Event: 0.092 Loading class javax/swing/GroupLayout$ParallelGroup done
Event: 0.092 Loading class javax/swing/JLabel
Event: 0.092 Loading class javax/swing/JLabel done
Event: 0.092 Loading class javax/swing/GroupLayout$SequentialGroup
Event: 0.092 Loading class javax/swing/GroupLayout$SequentialGroup done
Event: 0.092 Loading class javax/swing/JTextField
Event: 0.092 Loading class javax/swing/text/JTextComponent

Classes unloaded (0 events):
No events

Classes redefined (0 events):
No events

Internal exceptions (4 events):
Event: 0.038 Thread 0x000002081eccd0b0 Exception <a 'java/lang/ClassNotFoundException'{0x0000000710a41028}: sun/awt/resources/spi/awtProvider> (0x0000000710a41028) 
thrown [s\src\hotspot\share\classfile\systemDictionary.cpp, line 327]
Event: 0.048 Thread 0x000002081eccd0b0 Exception <a 'java/io/FileNotFoundException'{0x0000000710a6e790}> (0x0000000710a6e790) 
thrown [s\src\hotspot\share\prims\jni.cpp, line 516]
Event: 0.050 Thread 0x000002081eccd0b0 Exception <a 'java/io/FileNotFoundException'{0x0000000710a81140}> (0x0000000710a81140) 
thrown [s\src\hotspot\share\prims\jni.cpp, line 516]
Event: 0.067 Thread 0x000002081eccd0b0 Exception <a 'java/lang/NoSuchMethodError'{0x0000000710a9da40}: 'java.lang.Object java.lang.invoke.DirectMethodHandle$Holder.invokeStaticInit(java.lang.Object)'> (0x0000000710a9da40) 
thrown [s\src\hotspot\share\interpreter\linkResolver.cpp, line 804]

VM Operations (0 events):
No events

Memory protections (0 events):
No events

Nmethod flushes (0 events):
No events

Events (17 events):
Event: 0.018 Thread 0x000002081eccd0b0 Thread added: 0x000002081eccd0b0
Event: 0.025 Thread 0x000002081eccd0b0 Thread added: 0x00000208403e6d40
Event: 0.026 Thread 0x000002081eccd0b0 Thread added: 0x00000208403e7ba0
Event: 0.026 Thread 0x000002081eccd0b0 Thread added: 0x00000208403e9220
Event: 0.026 Thread 0x000002081eccd0b0 Thread added: 0x00000208403eaec0
Event: 0.026 Thread 0x000002081eccd0b0 Thread added: 0x00000208402900d0
Event: 0.026 Thread 0x000002081eccd0b0 Thread added: 0x00000208403f26e0
Event: 0.026 Thread 0x000002081eccd0b0 Thread added: 0x00000208403f4840
Event: 0.026 Thread 0x000002081eccd0b0 Thread added: 0x00000208403f5450
Event: 0.029 Thread 0x000002081eccd0b0 Thread added: 0x00000208403ed8c0
Event: 0.031 Thread 0x000002081eccd0b0 Thread added: 0x00000208403f1740
Event: 0.080 Thread 0x000002081eccd0b0 Thread added: 0x00000208403f1f10
Event: 0.080 Thread 0x000002081eccd0b0 Thread added: 0x00000208403ec920
Event: 0.080 Thread 0x000002081eccd0b0 Thread added: 0x00000208403ee090
Event: 0.088 Thread 0x000002081eccd0b0 Thread added: 0x0000020845281df0
Event: 0.088 Thread 0x000002081eccd0b0 Thread exited: 0x000002081eccd0b0
Event: 0.088 Thread 0x0000020845287bb0 Thread added: 0x0000020845287bb0


Dynamic libraries:
0x00007ff65bd00000 - 0x00007ff65bd0e000 	C:\Program Files\Apache NetBeans\jdk\bin\java.exe
0x00007ffed0910000 - 0x00007ffed0b08000 	C:\Windows\SYSTEM32\ntdll.dll
0x00007ffecfd40000 - 0x00007ffecfe02000 	C:\Windows\System32\KERNEL32.DLL
0x00007ffece220000 - 0x00007ffece516000 	C:\Windows\System32\KERNELBASE.dll
0x00007ffece830000 - 0x00007ffece930000 	C:\Windows\System32\ucrtbase.dll
0x00007ffebdde0000 - 0x00007ffebddf6000 	C:\Program Files\Apache NetBeans\jdk\bin\jli.dll
0x00007ffec6510000 - 0x00007ffec652e000 	C:\Program Files\Apache NetBeans\jdk\bin\VCRUNTIME140.dll
0x00007ffed0720000 - 0x00007ffed08c1000 	C:\Windows\System32\USER32.dll
0x00007ffece800000 - 0x00007ffece822000 	C:\Windows\System32\win32u.dll
0x00007ffeb7d70000 - 0x00007ffeb800b000 	C:\Windows\WinSxS\amd64_microsoft.windows.common-controls_6595b64144ccf1df_6.0.19041.6456_none_60b8a6cb71f64256\COMCTL32.dll
0x00007ffecf8f0000 - 0x00007ffecf91b000 	C:\Windows\System32\GDI32.dll
0x00007ffed05a0000 - 0x00007ffed063e000 	C:\Windows\System32\msvcrt.dll
0x00007ffece100000 - 0x00007ffece219000 	C:\Windows\System32\gdi32full.dll
0x00007ffece520000 - 0x00007ffece5bd000 	C:\Windows\System32\msvcp_win.dll
0x00007ffecf450000 - 0x00007ffecf47f000 	C:\Windows\System32\IMM32.DLL
0x00007ffecad80000 - 0x00007ffecad8c000 	C:\Program Files\Apache NetBeans\jdk\bin\vcruntime140_1.dll
0x00007ffe99510000 - 0x00007ffe9959d000 	C:\Program Files\Apache NetBeans\jdk\bin\msvcp140.dll
0x00007ffe5fb60000 - 0x00007ffe60a86000 	C:\Program Files\Apache NetBeans\jdk\bin\server\jvm.dll
0x00007ffecf390000 - 0x00007ffecf441000 	C:\Windows\System32\ADVAPI32.dll
0x00007ffecfbf0000 - 0x00007ffecfc8f000 	C:\Windows\System32\sechost.dll
0x00007ffed0090000 - 0x00007ffed01b0000 	C:\Windows\System32\RPCRT4.dll
0x00007ffece7d0000 - 0x00007ffece7f7000 	C:\Windows\System32\bcrypt.dll
0x00007ffecfe10000 - 0x00007ffecfe7b000 	C:\Windows\System32\WS2_32.dll
0x00007ffecd980000 - 0x00007ffecd9cb000 	C:\Windows\SYSTEM32\POWRPROF.dll
0x00007ffec6170000 - 0x00007ffec617a000 	C:\Windows\SYSTEM32\VERSION.dll
0x00007ffec1ab0000 - 0x00007ffec1ad7000 	C:\Windows\SYSTEM32\WINMM.dll
0x00007ffecd940000 - 0x00007ffecd952000 	C:\Windows\SYSTEM32\UMPDC.dll
0x00007ffecbe30000 - 0x00007ffecbe42000 	C:\Windows\SYSTEM32\kernel.appcore.dll
0x00007ffec6660000 - 0x00007ffec666a000 	C:\Program Files\Apache NetBeans\jdk\bin\jimage.dll
0x00007ffeb8190000 - 0x00007ffeb8391000 	C:\Windows\SYSTEM32\DBGHELP.DLL
0x00007ffea8a70000 - 0x00007ffea8aa4000 	C:\Windows\SYSTEM32\dbgcore.DLL
0x00007ffece5c0000 - 0x00007ffece642000 	C:\Windows\System32\bcryptPrimitives.dll
0x00007ffebde00000 - 0x00007ffebde1e000 	C:\Program Files\Apache NetBeans\jdk\bin\java.dll
0x00007ffeceaf0000 - 0x00007ffecec1b000 	C:\Windows\System32\ole32.dll
0x00007ffed01d0000 - 0x00007ffed0524000 	C:\Windows\System32\combase.dll
0x00007ffecec20000 - 0x00007ffecf390000 	C:\Windows\System32\SHELL32.dll
0x00007ffecc030000 - 0x00007ffecc7d5000 	C:\Windows\SYSTEM32\windows.storage.dll
0x00007ffecd9d0000 - 0x00007ffecd9fb000 	C:\Windows\SYSTEM32\Wldp.dll
0x00007ffecffc0000 - 0x00007ffed008d000 	C:\Windows\System32\OLEAUT32.dll
0x00007ffecfc90000 - 0x00007ffecfd3d000 	C:\Windows\System32\SHCORE.dll
0x00007ffecfe80000 - 0x00007ffecfedb000 	C:\Windows\System32\shlwapi.dll
0x00007ffecded0000 - 0x00007ffecdef4000 	C:\Windows\SYSTEM32\profapi.dll
0x00007ffe72970000 - 0x00007ffe72af0000 	C:\Program Files\Apache NetBeans\jdk\bin\awt.dll
0x00007ffecb460000 - 0x00007ffecb4f4000 	C:\Windows\SYSTEM32\apphelp.dll
0x00007ffebdda0000 - 0x00007ffebddb1000 	C:\Program Files\Apache NetBeans\jdk\bin\net.dll
0x00007ffecd650000 - 0x00007ffecd6ba000 	C:\Windows\system32\mswsock.dll
0x00007ffebdd80000 - 0x00007ffebdd96000 	C:\Program Files\Apache NetBeans\jdk\bin\nio.dll
0x00007ffebddc0000 - 0x00007ffebddd7000 	C:\Program Files\Apache NetBeans\jdk\bin\zip.dll
0x00007ffecb940000 - 0x00007ffecb9de000 	C:\Windows\system32\uxtheme.dll
0x00007ffecfac0000 - 0x00007ffecfbd5000 	C:\Windows\System32\MSCTF.dll

JVMTI agents: none

dbghelp: loaded successfully - version: 4.0.5 - missing functions: none
symbol engine: initialized successfully - sym options: 0x614 - pdb path: .;C:\Program Files\Apache NetBeans\jdk\bin;C:\Windows\SYSTEM32;C:\Windows\WinSxS\amd64_microsoft.windows.common-controls_6595b64144ccf1df_6.0.19041.6456_none_60b8a6cb71f64256;C:\Program Files\Apache NetBeans\jdk\bin\server

VM Arguments:
java_command: fis.poo.cinefis.app.Principal
java_class_path (initial): H:\ProyectosJava\CineFis\target\classes;C:\Users\ksang\.m2\repository\org\netbeans\external\AbsoluteLayout\RELEASE290\AbsoluteLayout-RELEASE290.jar
Launcher Type: SUN_STANDARD

[Global flags]
     intx CICompilerCount                          = 3                                         {product} {ergonomic}
     uint ConcGCThreads                            = 2                                         {product} {ergonomic}
     uint G1ConcRefinementThreads                  = 6                                         {product} {ergonomic}
   size_t G1HeapRegionSize                         = 2097152                                   {product} {ergonomic}
   size_t InitialHeapSize                          = 268435456                                 {product} {ergonomic}
   size_t MarkStackSize                            = 4194304                                   {product} {ergonomic}
   size_t MarkStackSizeMax                         = 536870912                                 {product} {ergonomic}
   size_t MaxHeapSize                              = 4282384384                                {product} {ergonomic}
   size_t MaxNewSize                               = 2569011200                                {product} {ergonomic}
   size_t MinHeapDeltaBytes                        = 2097152                                   {product} {ergonomic}
   size_t MinHeapSize                              = 8388608                                   {product} {ergonomic}
    uintx NonNMethodCodeHeapSize                   = 5832704                                {pd product} {ergonomic}
    uintx NonProfiledCodeHeapSize                  = 122945536                              {pd product} {ergonomic}
    uintx ProfiledCodeHeapSize                     = 122880000                              {pd product} {ergonomic}
    uintx ReservedCodeCacheSize                    = 251658240                              {pd product} {ergonomic}
     bool SegmentedCodeCache                       = true                                      {product} {ergonomic}
   size_t SoftMaxHeapSize                          = 4282384384                             {manageable} {ergonomic}
     bool UseCompressedOops                        = true                           {product lp64_product} {ergonomic}
     bool UseG1GC                                  = true                                      {product} {ergonomic}
     bool UseLargePagesIndividualAllocation        = false                                  {pd product} {ergonomic}

Logging:
Log output configuration:
 #0: stdout all=warning uptime,level,tags foldmultilines=false
 #1: stderr all=off uptime,level,tags foldmultilines=false

Release file:
<release file has not been read>
Environment Variables:
JAVA_HOME=C:\Program Files\Apache NetBeans\jdk
PATH=C:\Program Files\Common Files\Oracle\Java\javapath;C:\Program Files (x86)\VMware\VMware Workstation\bin\;C:\Windows\system32;C:\Windows;C:\Windows\System32\Wbem;C:\Windows\System32\WindowsPowerShell\v1.0\;C:\Windows\System32\OpenSSH\;C:\Program Files\dotnet\;C:\Program Files (x86)\Microsoft SQL Server\170\Tools\Binn\;C:\Program Files\Microsoft SQL Server\170\Tools\Binn\;C:\Program Files\Microsoft SQL Server\Client SDK\ODBC\180\Tools\Binn\;C:\Program Files\Microsoft SQL Server\170\DTS\Binn\;C:\Program Files\Git\cmd;C:\Users\ksang\AppData\Local\Microsoft\WindowsApps;C:\Users\ksang\AppData\Local\Programs\Microsoft VS Code\bin;C:\Users\ksang\.dotnet\tools;C:\Program Files\Apache NetBeans\bin\
USERNAME=ksang
OS=Windows_NT
PROCESSOR_IDENTIFIER=Intel64 Family 6 Model 158 Stepping 10, GenuineIntel
TMP=C:\Users\ksang\AppData\Local\Temp
TEMP=C:\Users\ksang\AppData\Local\Temp




Compilation memory statistics disabled.

Periodic native trim disabled

---------------  S Y S T E M  ---------------

OS:
 Windows 10 , 64 bit Build 19041 (10.0.19041.5915)
OS uptime: 12 days 6:37 hours

CPU: total 6 (initial active 6) (6 cores per cpu, 1 threads per core) family 6 model 158 stepping 10 microcode 0xca, cx8, cmov, fxsr, mmx, 3dnowpref, sse, sse2, sse3, ssse3, sse4.1, sse4.2, popcnt, lzcnt, tsc, tscinvbit, avx, avx2, aes, erms, clmul, bmi1, bmi2, adx, fma, vzeroupper, clflush, clflushopt, rdtscp, f16c
Processor Information for the first 6 processors :
  Max Mhz: 2904, Current Mhz: 2904, Mhz Limit: 2904

Memory: 4k page, system-wide physical 16328M (4790M free)
TotalPageFile size 20931M (AvailPageFile size 4M)
current process WorkingSet (physical memory assigned to process): 50M, peak: 50M
current process commit charge ("private bytes"): 348M, peak: 348M

vm_info: OpenJDK 64-Bit Server VM (25.0.2+10-LTS) for windows-amd64 JRE (25.0.2+10-LTS), built on 2026-01-20T00:00:00Z with MS VC++ 17.12 (VS2022)

END.
