#
# There is insufficient memory for the Java Runtime Environment to continue.
# Native memory allocation (mmap) failed to map 65536 bytes. Error detail: Failed to commit metaspace.
# Possible reasons:
#   The system is out of physical RAM or swap space
#   This process is running with CompressedOops enabled, and the Java Heap may be blocking the growth of the native heap
# Possible solutions:
#   Reduce memory load on the system
#   Increase physical memory or swap space
#   Check if swap backing store is full
#   Decrease Java heap size (-Xmx/-Xms)
#   Decrease number of Java threads
#   Decrease Java thread stack sizes (-Xss)
#   Set larger code cache with -XX:ReservedCodeCacheSize=
#   JVM is running with Zero Based Compressed Oops mode in which the Java heap is
#     placed in the first 32GB address space. The Java Heap base address is the
#     maximum limit for the native heap growth. Please use -XX:HeapBaseMinAddress
#     to set the Java Heap base and to place the Java Heap above 32GB virtual address.
# This output file may be truncated or incomplete.
#
#  Out of Memory Error (virtualSpaceNode.cpp:113), pid=16004, tid=10092
#
# JRE version: OpenJDK Runtime Environment Temurin-25.0.2+10 (25.0.2+10) (build 25.0.2+10-LTS)
# Java VM: OpenJDK 64-Bit Server VM Temurin-25.0.2+10 (25.0.2+10-LTS, mixed mode, sharing, tiered, compressed oops, compressed class ptrs, g1 gc, windows-amd64)
# No core dump will be written. Minidumps are not enabled by default on client versions of Windows
#

---------------  S U M M A R Y ------------

Command Line: fis.poo.cinefis.vista.VistaLogin

Host: Intel(R) Core(TM) i5-9400 CPU @ 2.90GHz, 6 cores, 15G,  Windows 10 , 64 bit Build 19041 (10.0.19041.5915)
Time: Fri Jul 10 01:29:50 2026 Hora est. Pacífico, Sudamérica elapsed time: 0.260095 seconds (0d 0h 0m 0s)

---------------  T H R E A D  ---------------

Current thread (0x000002047e6f9ee0):  JavaThread "AWT-EventQueue-0"        [_thread_in_vm, id=10092, stack(0x0000005953800000,0x0000005953900000) (1024K)]

Stack: [0x0000005953800000,0x0000005953900000]
Native frames: (J=compiled Java code, j=interpreted, Vv=VM code, C=native code)
V  [jvm.dll+0x7a8bc9]  (no source info available)
V  [jvm.dll+0x77310d]  (no source info available)
V  [jvm.dll+0x9f55f3]  (no source info available)
V  [jvm.dll+0x9f7be1]  (no source info available)
V  [jvm.dll+0x9f82f3]  (no source info available)
V  [jvm.dll+0x2fce26]  (no source info available)
V  [jvm.dll+0x9f24ce]  (no source info available)
V  [jvm.dll+0x73e0d4]  (no source info available)
V  [jvm.dll+0x73e13a]  (no source info available)
V  [jvm.dll+0x740a2d]  (no source info available)
V  [jvm.dll+0x7407b5]  (no source info available)
V  [jvm.dll+0x29aba2]  (no source info available)
V  [jvm.dll+0x73eafe]  (no source info available)
V  [jvm.dll+0x2e24a4]  (no source info available)
V  [jvm.dll+0x28a19f]  (no source info available)
V  [jvm.dll+0x280016]  (no source info available)
V  [jvm.dll+0x6689e1]  (no source info available)
V  [jvm.dll+0x292ac1]  (no source info available)
V  [jvm.dll+0x964cff]  (no source info available)
V  [jvm.dll+0x965d5a]  (no source info available)
V  [jvm.dll+0x966292]  (no source info available)
V  [jvm.dll+0x965fe6]  (no source info available)
V  [jvm.dll+0x2e4ce2]  (no source info available)
V  [jvm.dll+0x472f96]  (no source info available)
C  0x000002046eb1aa67  (no source info available)

The last pc belongs to anewarray (printed below).
Java frames: (J=compiled Java code, j=interpreted, Vv=VM code)
j  javax.swing.plaf.nimbus.NimbusStyle.validate()V+1136 java.desktop@25.0.2
j  javax.swing.plaf.nimbus.NimbusStyle.getValues(Ljavax/swing/plaf/synth/SynthContext;)Ljavax/swing/plaf/nimbus/NimbusStyle$Values;+1 java.desktop@25.0.2
j  javax.swing.plaf.nimbus.NimbusStyle.getInsets(Ljavax/swing/plaf/synth/SynthContext;Ljava/awt/Insets;)Ljava/awt/Insets;+18 java.desktop@25.0.2
j  javax.swing.plaf.synth.SynthStyle.installDefaults(Ljavax/swing/plaf/synth/SynthContext;Ljavax/swing/plaf/synth/SynthUI;)V+40 java.desktop@25.0.2
j  javax.swing.plaf.synth.SynthLookAndFeel.updateStyle(Ljavax/swing/plaf/synth/SynthContext;Ljavax/swing/plaf/synth/SynthUI;)Ljavax/swing/plaf/synth/SynthStyle;+39 java.desktop@25.0.2
j  javax.swing.plaf.synth.SynthPanelUI.updateStyle(Ljavax/swing/JPanel;)V+10 java.desktop@25.0.2
j  javax.swing.plaf.synth.SynthPanelUI.installDefaults(Ljavax/swing/JPanel;)V+2 java.desktop@25.0.2
j  javax.swing.plaf.basic.BasicPanelUI.installUI(Ljavax/swing/JComponent;)V+12 java.desktop@25.0.2
j  javax.swing.plaf.synth.SynthPanelUI.installUI(Ljavax/swing/JComponent;)V+7 java.desktop@25.0.2
j  javax.swing.JComponent.setUI(Ljavax/swing/plaf/ComponentUI;)V+52 java.desktop@25.0.2
j  javax.swing.JPanel.setUI(Ljavax/swing/plaf/PanelUI;)V+2 java.desktop@25.0.2
j  javax.swing.JPanel.updateUI()V+8 java.desktop@25.0.2
j  javax.swing.JPanel.<init>(Ljava/awt/LayoutManager;Z)V+24 java.desktop@25.0.2
j  javax.swing.JPanel.<init>(Z)V+9 java.desktop@25.0.2
j  javax.swing.JPanel.<init>()V+2 java.desktop@25.0.2
j  javax.swing.JRootPane.createGlassPane()Ljava/awt/Component;+4 java.desktop@25.0.2
j  javax.swing.JRootPane.<init>()V+11 java.desktop@25.0.2
j  javax.swing.JFrame.createRootPane()Ljavax/swing/JRootPane;+4 java.desktop@25.0.2
j  javax.swing.JFrame.frameInit()V+16 java.desktop@25.0.2
j  javax.swing.JFrame.<init>()V+20 java.desktop@25.0.2
j  fis.poo.cinefis.vista.VistaLogin.<init>()V+1
j  fis.poo.cinefis.vista.VistaLogin.lambda$main$0()V+4
j  fis.poo.cinefis.vista.VistaLogin$$Lambda+0x000000001a041158.run()V+0
j  java.awt.event.InvocationEvent.dispatch()V+47 java.desktop@25.0.2
j  java.awt.EventQueue.dispatchEventImpl(Ljava/awt/AWTEvent;Ljava/lang/Object;)V+21 java.desktop@25.0.2
j  java.awt.EventQueue.dispatchEvent(Ljava/awt/AWTEvent;)V+22 java.desktop@25.0.2
j  java.awt.EventDispatchThread.pumpOneEventForFilters(I)V+81 java.desktop@25.0.2
j  java.awt.EventDispatchThread.pumpEventsForFilter(ILjava/awt/Conditional;Ljava/awt/EventFilter;)V+35 java.desktop@25.0.2
j  java.awt.EventDispatchThread.pumpEventsForHierarchy(ILjava/awt/Conditional;Ljava/awt/Component;)V+11 java.desktop@25.0.2
j  java.awt.EventDispatchThread.pumpEvents(ILjava/awt/Conditional;)V+4 java.desktop@25.0.2
j  java.awt.EventDispatchThread.pumpEvents(Ljava/awt/Conditional;)V+3 java.desktop@25.0.2
j  java.awt.EventDispatchThread.run()V+9 java.desktop@25.0.2
v  ~StubRoutines::call_stub 0x000002046eb012ed
Lock stack of current Java thread (top to bottom):

anewarray  189 anewarray  [0x000002046eb1aa00, 0x000002046eb1aaf0]  240 bytes
[MachCode]
  0x000002046eb1aa00: 8b04 2448 | 83c4 0845 | 0fb7 4501 | 410f c841 | c1e8 1048 | 8b55 e848 | 8b52 0848 | 8b52 08e8 
  0x000002046eb1aa20: 0500 0000 | e9ab 0000 | 004c 8bc8 | 488d 4424 | 084c 896d | c049 8bcf | c5f8 7749 | 89af 3804 
  0x000002046eb1aa40: 0000 4989 | 8728 0400 | 0048 83ec | 2040 f6c4 | 0f0f 8419 | 0000 0048 | 83ec 0848 | b840 2ffd 
  0x000002046eb1aa60: 5ffe 7f00 | 00ff d048 | 83c4 08e9 | 0c00 0000 | 48b8 402f | fd5f fe7f | 0000 ffd0 | 4883 c420 
  0x000002046eb1aa80: 49c7 8728 | 0400 0000 | 0000 0049 | c787 3804 | 0000 0000 | 0000 49c7 | 8730 0400 | 0000 0000 
  0x000002046eb1aaa0: 00c5 f877 | 4983 7f08 | 000f 8405 | 0000 00e9 | 2c67 feff | 498b 8780 | 0400 0049 | c787 8004 
  0x000002046eb1aac0: 0000 0000 | 0000 4c8b | 6dc0 4c8b | 75c8 4e8d | 74f5 00c3 | 410f b65d | 0349 83c5 | 0349 ba40 
  0x000002046eb1aae0: a99a 60fe | 7f00 0041 | ff24 da0f | 1f44 0000 
[/MachCode]

---------------  P R O C E S S  ---------------

Threads class SMR info:
_java_thread_list=0x000002047e8187c0, length=15, elements={
0x000002047de74ce0, 0x000002047de76150, 0x000002047de787c0, 0x000002047de7b6a0,
0x000002047de7ce10, 0x000002047de7c640, 0x000002047de83db0, 0x000002047de849c0,
0x000002047de7aed0, 0x000002047de7e580, 0x000002047de77ff0, 0x000002047e6f6830,
0x000002047e6f29b0, 0x000002047e6f9ee0, 0x000002047e6f6060
}

Java Threads: ( => current thread )
  0x000002047de74ce0 JavaThread "Reference Handler"          daemon [_thread_blocked, id=3808, stack(0x0000005952b00000,0x0000005952c00000) (1024K)]
  0x000002047de76150 JavaThread "Finalizer"                  daemon [_thread_blocked, id=16028, stack(0x0000005952c00000,0x0000005952d00000) (1024K)]
  0x000002047de787c0 JavaThread "Signal Dispatcher"          daemon [_thread_blocked, id=17108, stack(0x0000005952d00000,0x0000005952e00000) (1024K)]
  0x000002047de7b6a0 JavaThread "Attach Listener"            daemon [_thread_blocked, id=2128, stack(0x0000005952e00000,0x0000005952f00000) (1024K)]
  0x000002047de7ce10 JavaThread "Service Thread"             daemon [_thread_blocked, id=7948, stack(0x0000005952f00000,0x0000005953000000) (1024K)]
  0x000002047de7c640 JavaThread "Monitor Deflation Thread"   daemon [_thread_blocked, id=1436, stack(0x0000005953000000,0x0000005953100000) (1024K)]
  0x000002047de83db0 JavaThread "C2 CompilerThread0"         daemon [_thread_blocked, id=13552, stack(0x0000005953100000,0x0000005953200000) (1024K)]
  0x000002047de849c0 JavaThread "C1 CompilerThread0"         daemon [_thread_in_vm, id=1512, stack(0x0000005953200000,0x0000005953300000) (1024K)]
  0x000002047de7aed0 JavaThread "Notification Thread"        daemon [_thread_blocked, id=13448, stack(0x0000005953300000,0x0000005953400000) (1024K)]
  0x000002047de7e580 JavaThread "Common-Cleaner"             daemon [_thread_blocked, id=14800, stack(0x0000005953400000,0x0000005953500000) (1024K)]
  0x000002047de77ff0 JavaThread "Java2D Disposer"            daemon [_thread_blocked, id=16172, stack(0x0000005953500000,0x0000005953600000) (1024K)]
  0x000002047e6f6830 JavaThread "AWT-Shutdown"                      [_thread_blocked, id=14456, stack(0x0000005953600000,0x0000005953700000) (1024K)]
  0x000002047e6f29b0 JavaThread "AWT-Windows"                daemon [_thread_in_native, id=14692, stack(0x0000005953700000,0x0000005953800000) (1024K)]
=>0x000002047e6f9ee0 JavaThread "AWT-EventQueue-0"                  [_thread_in_vm, id=10092, stack(0x0000005953800000,0x0000005953900000) (1024K)]
  0x000002047e6f6060 JavaThread "DestroyJavaVM"                     [_thread_blocked, id=7924, stack(0x0000005952300000,0x0000005952400000) (1024K)]
Total: 15

Other Threads:
  0x000002047de61110 VMThread "VM Thread"                           [id=16684, stack(0x0000005952a00000,0x0000005952b00000) (1024K)]
  0x000002047de53a80 WatcherThread "VM Periodic Task Thread"        [id=8316, stack(0x0000005952900000,0x0000005952a00000) (1024K)]
  0x000002045eb3c1d0 WorkerThread "GC Thread#0"                     [id=16780, stack(0x0000005952400000,0x0000005952500000) (1024K)]
  0x000002045eb56ab0 ConcurrentGCThread "G1 Main Marker"            [id=14744, stack(0x0000005952500000,0x0000005952600000) (1024K)]
  0x000002045eb57650 WorkerThread "G1 Conc#0"                       [id=8928, stack(0x0000005952600000,0x0000005952700000) (1024K)]
  0x000002045eb9b4b0 ConcurrentGCThread "G1 Refine#0"               [id=17500, stack(0x0000005952700000,0x0000005952800000) (1024K)]
  0x000002045eb9c0c0 ConcurrentGCThread "G1 Service"                [id=696, stack(0x0000005952800000,0x0000005952900000) (1024K)]
Total: 7

Threads with active compile tasks:
C1 CompilerThread0  311  573       3       jdk.internal.classfile.impl.Util::writeAttribute (67 bytes)
Total: 1

VM state: not at safepoint (normal execution)

VM Mutex/Monitor currently owned by a thread:  ([mutex/lock_event])
[0x00007ffe609941c8] Metaspace_lock - owner thread: 0x000002047e6f9ee0

Heap address: 0x0000000700c00000, size: 4084 MB, Compressed Oops mode: Zero based, Oop shift amount: 3

CDS archive(s) mapped at: [0x0000000019000000-0x0000000019dd0000-0x0000000019dd0000), size 14483456, SharedBaseAddress: 0x0000000019000000, ArchiveRelocationMode: 1.
Compressed class space mapped at: 0x000000001a000000-0x000000005a000000, reserved size: 1073741824
UseCompressedClassPointers 1, UseCompactObjectHeaders 0
Narrow klass pointer bits 32, Max shift 3
Narrow klass base: 0x0000000019000000, Narrow klass shift: 0
Encoding Range: [0x0000000019000000 - 0x0000000119000000), (4294967296 bytes)
Klass Range:    [0x0000000019010000 - 0x000000005a000000), (1090453504 bytes)
Klass ID Range:  [65536 - 1090519033) (1090453497)
Protection zone: [0x0000000019000000 - 0x0000000019010000), (65536 bytes)

GC Precious Log:
 CardTable entry size: 512
 Card Set container configuration: InlinePtr #cards 4 size 8 Array Of Cards #cards 16 size 48 Howl #buckets 8 coarsen threshold 3686 Howl Bitmap #cards 512 size 80 coarsen threshold 460 Card regions per heap region 1 cards per card region 4096
 CPUs: 6 total, 6 available
 Memory: 16328M
 Large Page Support: Disabled
 NUMA Support: Disabled
 Compressed Oops: Enabled (Zero based)
 Heap Region Size: 2M
 Heap Min Capacity: 8M
 Heap Initial Capacity: 256M
 Heap Max Capacity: 4084M
 Pre-touch: Disabled
 Parallel Workers: 6
 Concurrent Workers: 2
 Concurrent Refinement Workers: 6
 Periodic GC: Disabled

Heap:
 garbage-first heap   total reserved 4182016K, committed 264192K, used 9363K [0x0000000700c00000, 0x0000000800000000)
  region size 2048K, 5 young (10240K), 0 survivors (0K)

Heap Regions: E=young(eden), S=young(survivor), O=old, HS=humongous(starts), HC=humongous(continues), CS=collection set, F=free, TAMS=top-at-mark-start, PB=parsable bottom
|   0|0x0000000700c00000, 0x0000000700c00000, 0x0000000700e00000|  0%| F|  |TAMS 0x0000000700c00000| PB 0x0000000700c00000| Untracked |  0
|   1|0x0000000700e00000, 0x0000000700e00000, 0x0000000701000000|  0%| F|  |TAMS 0x0000000700e00000| PB 0x0000000700e00000| Untracked |  0
|   2|0x0000000701000000, 0x0000000701000000, 0x0000000701200000|  0%| F|  |TAMS 0x0000000701000000| PB 0x0000000701000000| Untracked |  0
|   3|0x0000000701200000, 0x0000000701200000, 0x0000000701400000|  0%| F|  |TAMS 0x0000000701200000| PB 0x0000000701200000| Untracked |  0
|   4|0x0000000701400000, 0x0000000701400000, 0x0000000701600000|  0%| F|  |TAMS 0x0000000701400000| PB 0x0000000701400000| Untracked |  0
|   5|0x0000000701600000, 0x0000000701600000, 0x0000000701800000|  0%| F|  |TAMS 0x0000000701600000| PB 0x0000000701600000| Untracked |  0
|   6|0x0000000701800000, 0x0000000701800000, 0x0000000701a00000|  0%| F|  |TAMS 0x0000000701800000| PB 0x0000000701800000| Untracked |  0
|   7|0x0000000701a00000, 0x0000000701a00000, 0x0000000701c00000|  0%| F|  |TAMS 0x0000000701a00000| PB 0x0000000701a00000| Untracked |  0
|   8|0x0000000701c00000, 0x0000000701c00000, 0x0000000701e00000|  0%| F|  |TAMS 0x0000000701c00000| PB 0x0000000701c00000| Untracked |  0
|   9|0x0000000701e00000, 0x0000000701e00000, 0x0000000702000000|  0%| F|  |TAMS 0x0000000701e00000| PB 0x0000000701e00000| Untracked |  0
|  10|0x0000000702000000, 0x0000000702000000, 0x0000000702200000|  0%| F|  |TAMS 0x0000000702000000| PB 0x0000000702000000| Untracked |  0
|  11|0x0000000702200000, 0x0000000702200000, 0x0000000702400000|  0%| F|  |TAMS 0x0000000702200000| PB 0x0000000702200000| Untracked |  0
|  12|0x0000000702400000, 0x0000000702400000, 0x0000000702600000|  0%| F|  |TAMS 0x0000000702400000| PB 0x0000000702400000| Untracked |  0
|  13|0x0000000702600000, 0x0000000702600000, 0x0000000702800000|  0%| F|  |TAMS 0x0000000702600000| PB 0x0000000702600000| Untracked |  0
|  14|0x0000000702800000, 0x0000000702800000, 0x0000000702a00000|  0%| F|  |TAMS 0x0000000702800000| PB 0x0000000702800000| Untracked |  0
|  15|0x0000000702a00000, 0x0000000702a00000, 0x0000000702c00000|  0%| F|  |TAMS 0x0000000702a00000| PB 0x0000000702a00000| Untracked |  0
|  16|0x0000000702c00000, 0x0000000702c00000, 0x0000000702e00000|  0%| F|  |TAMS 0x0000000702c00000| PB 0x0000000702c00000| Untracked |  0
|  17|0x0000000702e00000, 0x0000000702e00000, 0x0000000703000000|  0%| F|  |TAMS 0x0000000702e00000| PB 0x0000000702e00000| Untracked |  0
|  18|0x0000000703000000, 0x0000000703000000, 0x0000000703200000|  0%| F|  |TAMS 0x0000000703000000| PB 0x0000000703000000| Untracked |  0
|  19|0x0000000703200000, 0x0000000703200000, 0x0000000703400000|  0%| F|  |TAMS 0x0000000703200000| PB 0x0000000703200000| Untracked |  0
|  20|0x0000000703400000, 0x0000000703400000, 0x0000000703600000|  0%| F|  |TAMS 0x0000000703400000| PB 0x0000000703400000| Untracked |  0
|  21|0x0000000703600000, 0x0000000703600000, 0x0000000703800000|  0%| F|  |TAMS 0x0000000703600000| PB 0x0000000703600000| Untracked |  0
|  22|0x0000000703800000, 0x0000000703800000, 0x0000000703a00000|  0%| F|  |TAMS 0x0000000703800000| PB 0x0000000703800000| Untracked |  0
|  23|0x0000000703a00000, 0x0000000703a00000, 0x0000000703c00000|  0%| F|  |TAMS 0x0000000703a00000| PB 0x0000000703a00000| Untracked |  0
|  24|0x0000000703c00000, 0x0000000703c00000, 0x0000000703e00000|  0%| F|  |TAMS 0x0000000703c00000| PB 0x0000000703c00000| Untracked |  0
|  25|0x0000000703e00000, 0x0000000703e00000, 0x0000000704000000|  0%| F|  |TAMS 0x0000000703e00000| PB 0x0000000703e00000| Untracked |  0
|  26|0x0000000704000000, 0x0000000704000000, 0x0000000704200000|  0%| F|  |TAMS 0x0000000704000000| PB 0x0000000704000000| Untracked |  0
|  27|0x0000000704200000, 0x0000000704200000, 0x0000000704400000|  0%| F|  |TAMS 0x0000000704200000| PB 0x0000000704200000| Untracked |  0
|  28|0x0000000704400000, 0x0000000704400000, 0x0000000704600000|  0%| F|  |TAMS 0x0000000704400000| PB 0x0000000704400000| Untracked |  0
|  29|0x0000000704600000, 0x0000000704600000, 0x0000000704800000|  0%| F|  |TAMS 0x0000000704600000| PB 0x0000000704600000| Untracked |  0
|  30|0x0000000704800000, 0x0000000704800000, 0x0000000704a00000|  0%| F|  |TAMS 0x0000000704800000| PB 0x0000000704800000| Untracked |  0
|  31|0x0000000704a00000, 0x0000000704a00000, 0x0000000704c00000|  0%| F|  |TAMS 0x0000000704a00000| PB 0x0000000704a00000| Untracked |  0
|  32|0x0000000704c00000, 0x0000000704c00000, 0x0000000704e00000|  0%| F|  |TAMS 0x0000000704c00000| PB 0x0000000704c00000| Untracked |  0
|  33|0x0000000704e00000, 0x0000000704e00000, 0x0000000705000000|  0%| F|  |TAMS 0x0000000704e00000| PB 0x0000000704e00000| Untracked |  0
|  34|0x0000000705000000, 0x0000000705000000, 0x0000000705200000|  0%| F|  |TAMS 0x0000000705000000| PB 0x0000000705000000| Untracked |  0
|  35|0x0000000705200000, 0x0000000705200000, 0x0000000705400000|  0%| F|  |TAMS 0x0000000705200000| PB 0x0000000705200000| Untracked |  0
|  36|0x0000000705400000, 0x0000000705400000, 0x0000000705600000|  0%| F|  |TAMS 0x0000000705400000| PB 0x0000000705400000| Untracked |  0
|  37|0x0000000705600000, 0x0000000705600000, 0x0000000705800000|  0%| F|  |TAMS 0x0000000705600000| PB 0x0000000705600000| Untracked |  0
|  38|0x0000000705800000, 0x0000000705800000, 0x0000000705a00000|  0%| F|  |TAMS 0x0000000705800000| PB 0x0000000705800000| Untracked |  0
|  39|0x0000000705a00000, 0x0000000705a00000, 0x0000000705c00000|  0%| F|  |TAMS 0x0000000705a00000| PB 0x0000000705a00000| Untracked |  0
|  40|0x0000000705c00000, 0x0000000705c00000, 0x0000000705e00000|  0%| F|  |TAMS 0x0000000705c00000| PB 0x0000000705c00000| Untracked |  0
|  41|0x0000000705e00000, 0x0000000705e00000, 0x0000000706000000|  0%| F|  |TAMS 0x0000000705e00000| PB 0x0000000705e00000| Untracked |  0
|  42|0x0000000706000000, 0x0000000706000000, 0x0000000706200000|  0%| F|  |TAMS 0x0000000706000000| PB 0x0000000706000000| Untracked |  0
|  43|0x0000000706200000, 0x0000000706200000, 0x0000000706400000|  0%| F|  |TAMS 0x0000000706200000| PB 0x0000000706200000| Untracked |  0
|  44|0x0000000706400000, 0x0000000706400000, 0x0000000706600000|  0%| F|  |TAMS 0x0000000706400000| PB 0x0000000706400000| Untracked |  0
|  45|0x0000000706600000, 0x0000000706600000, 0x0000000706800000|  0%| F|  |TAMS 0x0000000706600000| PB 0x0000000706600000| Untracked |  0
|  46|0x0000000706800000, 0x0000000706800000, 0x0000000706a00000|  0%| F|  |TAMS 0x0000000706800000| PB 0x0000000706800000| Untracked |  0
|  47|0x0000000706a00000, 0x0000000706a00000, 0x0000000706c00000|  0%| F|  |TAMS 0x0000000706a00000| PB 0x0000000706a00000| Untracked |  0
|  48|0x0000000706c00000, 0x0000000706c00000, 0x0000000706e00000|  0%| F|  |TAMS 0x0000000706c00000| PB 0x0000000706c00000| Untracked |  0
|  49|0x0000000706e00000, 0x0000000706e00000, 0x0000000707000000|  0%| F|  |TAMS 0x0000000706e00000| PB 0x0000000706e00000| Untracked |  0
|  50|0x0000000707000000, 0x0000000707000000, 0x0000000707200000|  0%| F|  |TAMS 0x0000000707000000| PB 0x0000000707000000| Untracked |  0
|  51|0x0000000707200000, 0x0000000707200000, 0x0000000707400000|  0%| F|  |TAMS 0x0000000707200000| PB 0x0000000707200000| Untracked |  0
|  52|0x0000000707400000, 0x0000000707400000, 0x0000000707600000|  0%| F|  |TAMS 0x0000000707400000| PB 0x0000000707400000| Untracked |  0
|  53|0x0000000707600000, 0x0000000707600000, 0x0000000707800000|  0%| F|  |TAMS 0x0000000707600000| PB 0x0000000707600000| Untracked |  0
|  54|0x0000000707800000, 0x0000000707800000, 0x0000000707a00000|  0%| F|  |TAMS 0x0000000707800000| PB 0x0000000707800000| Untracked |  0
|  55|0x0000000707a00000, 0x0000000707a00000, 0x0000000707c00000|  0%| F|  |TAMS 0x0000000707a00000| PB 0x0000000707a00000| Untracked |  0
|  56|0x0000000707c00000, 0x0000000707c00000, 0x0000000707e00000|  0%| F|  |TAMS 0x0000000707c00000| PB 0x0000000707c00000| Untracked |  0
|  57|0x0000000707e00000, 0x0000000707e00000, 0x0000000708000000|  0%| F|  |TAMS 0x0000000707e00000| PB 0x0000000707e00000| Untracked |  0
|  58|0x0000000708000000, 0x0000000708000000, 0x0000000708200000|  0%| F|  |TAMS 0x0000000708000000| PB 0x0000000708000000| Untracked |  0
|  59|0x0000000708200000, 0x0000000708200000, 0x0000000708400000|  0%| F|  |TAMS 0x0000000708200000| PB 0x0000000708200000| Untracked |  0
|  60|0x0000000708400000, 0x0000000708400000, 0x0000000708600000|  0%| F|  |TAMS 0x0000000708400000| PB 0x0000000708400000| Untracked |  0
|  61|0x0000000708600000, 0x0000000708600000, 0x0000000708800000|  0%| F|  |TAMS 0x0000000708600000| PB 0x0000000708600000| Untracked |  0
|  62|0x0000000708800000, 0x0000000708800000, 0x0000000708a00000|  0%| F|  |TAMS 0x0000000708800000| PB 0x0000000708800000| Untracked |  0
|  63|0x0000000708a00000, 0x0000000708a00000, 0x0000000708c00000|  0%| F|  |TAMS 0x0000000708a00000| PB 0x0000000708a00000| Untracked |  0
|  64|0x0000000708c00000, 0x0000000708c00000, 0x0000000708e00000|  0%| F|  |TAMS 0x0000000708c00000| PB 0x0000000708c00000| Untracked |  0
|  65|0x0000000708e00000, 0x0000000708e00000, 0x0000000709000000|  0%| F|  |TAMS 0x0000000708e00000| PB 0x0000000708e00000| Untracked |  0
|  66|0x0000000709000000, 0x0000000709000000, 0x0000000709200000|  0%| F|  |TAMS 0x0000000709000000| PB 0x0000000709000000| Untracked |  0
|  67|0x0000000709200000, 0x0000000709200000, 0x0000000709400000|  0%| F|  |TAMS 0x0000000709200000| PB 0x0000000709200000| Untracked |  0
|  68|0x0000000709400000, 0x0000000709400000, 0x0000000709600000|  0%| F|  |TAMS 0x0000000709400000| PB 0x0000000709400000| Untracked |  0
|  69|0x0000000709600000, 0x0000000709600000, 0x0000000709800000|  0%| F|  |TAMS 0x0000000709600000| PB 0x0000000709600000| Untracked |  0
|  70|0x0000000709800000, 0x0000000709800000, 0x0000000709a00000|  0%| F|  |TAMS 0x0000000709800000| PB 0x0000000709800000| Untracked |  0
|  71|0x0000000709a00000, 0x0000000709a00000, 0x0000000709c00000|  0%| F|  |TAMS 0x0000000709a00000| PB 0x0000000709a00000| Untracked |  0
|  72|0x0000000709c00000, 0x0000000709c00000, 0x0000000709e00000|  0%| F|  |TAMS 0x0000000709c00000| PB 0x0000000709c00000| Untracked |  0
|  73|0x0000000709e00000, 0x0000000709e00000, 0x000000070a000000|  0%| F|  |TAMS 0x0000000709e00000| PB 0x0000000709e00000| Untracked |  0
|  74|0x000000070a000000, 0x000000070a000000, 0x000000070a200000|  0%| F|  |TAMS 0x000000070a000000| PB 0x000000070a000000| Untracked |  0
|  75|0x000000070a200000, 0x000000070a200000, 0x000000070a400000|  0%| F|  |TAMS 0x000000070a200000| PB 0x000000070a200000| Untracked |  0
|  76|0x000000070a400000, 0x000000070a400000, 0x000000070a600000|  0%| F|  |TAMS 0x000000070a400000| PB 0x000000070a400000| Untracked |  0
|  77|0x000000070a600000, 0x000000070a600000, 0x000000070a800000|  0%| F|  |TAMS 0x000000070a600000| PB 0x000000070a600000| Untracked |  0
|  78|0x000000070a800000, 0x000000070a800000, 0x000000070aa00000|  0%| F|  |TAMS 0x000000070a800000| PB 0x000000070a800000| Untracked |  0
|  79|0x000000070aa00000, 0x000000070aa00000, 0x000000070ac00000|  0%| F|  |TAMS 0x000000070aa00000| PB 0x000000070aa00000| Untracked |  0
|  80|0x000000070ac00000, 0x000000070ac00000, 0x000000070ae00000|  0%| F|  |TAMS 0x000000070ac00000| PB 0x000000070ac00000| Untracked |  0
|  81|0x000000070ae00000, 0x000000070ae00000, 0x000000070b000000|  0%| F|  |TAMS 0x000000070ae00000| PB 0x000000070ae00000| Untracked |  0
|  82|0x000000070b000000, 0x000000070b000000, 0x000000070b200000|  0%| F|  |TAMS 0x000000070b000000| PB 0x000000070b000000| Untracked |  0
|  83|0x000000070b200000, 0x000000070b200000, 0x000000070b400000|  0%| F|  |TAMS 0x000000070b200000| PB 0x000000070b200000| Untracked |  0
|  84|0x000000070b400000, 0x000000070b400000, 0x000000070b600000|  0%| F|  |TAMS 0x000000070b400000| PB 0x000000070b400000| Untracked |  0
|  85|0x000000070b600000, 0x000000070b600000, 0x000000070b800000|  0%| F|  |TAMS 0x000000070b600000| PB 0x000000070b600000| Untracked |  0
|  86|0x000000070b800000, 0x000000070b800000, 0x000000070ba00000|  0%| F|  |TAMS 0x000000070b800000| PB 0x000000070b800000| Untracked |  0
|  87|0x000000070ba00000, 0x000000070ba00000, 0x000000070bc00000|  0%| F|  |TAMS 0x000000070ba00000| PB 0x000000070ba00000| Untracked |  0
|  88|0x000000070bc00000, 0x000000070bc00000, 0x000000070be00000|  0%| F|  |TAMS 0x000000070bc00000| PB 0x000000070bc00000| Untracked |  0
|  89|0x000000070be00000, 0x000000070be00000, 0x000000070c000000|  0%| F|  |TAMS 0x000000070be00000| PB 0x000000070be00000| Untracked |  0
|  90|0x000000070c000000, 0x000000070c000000, 0x000000070c200000|  0%| F|  |TAMS 0x000000070c000000| PB 0x000000070c000000| Untracked |  0
|  91|0x000000070c200000, 0x000000070c200000, 0x000000070c400000|  0%| F|  |TAMS 0x000000070c200000| PB 0x000000070c200000| Untracked |  0
|  92|0x000000070c400000, 0x000000070c400000, 0x000000070c600000|  0%| F|  |TAMS 0x000000070c400000| PB 0x000000070c400000| Untracked |  0
|  93|0x000000070c600000, 0x000000070c600000, 0x000000070c800000|  0%| F|  |TAMS 0x000000070c600000| PB 0x000000070c600000| Untracked |  0
|  94|0x000000070c800000, 0x000000070c800000, 0x000000070ca00000|  0%| F|  |TAMS 0x000000070c800000| PB 0x000000070c800000| Untracked |  0
|  95|0x000000070ca00000, 0x000000070ca00000, 0x000000070cc00000|  0%| F|  |TAMS 0x000000070ca00000| PB 0x000000070ca00000| Untracked |  0
|  96|0x000000070cc00000, 0x000000070cc00000, 0x000000070ce00000|  0%| F|  |TAMS 0x000000070cc00000| PB 0x000000070cc00000| Untracked |  0
|  97|0x000000070ce00000, 0x000000070ce00000, 0x000000070d000000|  0%| F|  |TAMS 0x000000070ce00000| PB 0x000000070ce00000| Untracked |  0
|  98|0x000000070d000000, 0x000000070d000000, 0x000000070d200000|  0%| F|  |TAMS 0x000000070d000000| PB 0x000000070d000000| Untracked |  0
|  99|0x000000070d200000, 0x000000070d200000, 0x000000070d400000|  0%| F|  |TAMS 0x000000070d200000| PB 0x000000070d200000| Untracked |  0
| 100|0x000000070d400000, 0x000000070d400000, 0x000000070d600000|  0%| F|  |TAMS 0x000000070d400000| PB 0x000000070d400000| Untracked |  0
| 101|0x000000070d600000, 0x000000070d600000, 0x000000070d800000|  0%| F|  |TAMS 0x000000070d600000| PB 0x000000070d600000| Untracked |  0
| 102|0x000000070d800000, 0x000000070d800000, 0x000000070da00000|  0%| F|  |TAMS 0x000000070d800000| PB 0x000000070d800000| Untracked |  0
| 103|0x000000070da00000, 0x000000070da00000, 0x000000070dc00000|  0%| F|  |TAMS 0x000000070da00000| PB 0x000000070da00000| Untracked |  0
| 104|0x000000070dc00000, 0x000000070dc00000, 0x000000070de00000|  0%| F|  |TAMS 0x000000070dc00000| PB 0x000000070dc00000| Untracked |  0
| 105|0x000000070de00000, 0x000000070de00000, 0x000000070e000000|  0%| F|  |TAMS 0x000000070de00000| PB 0x000000070de00000| Untracked |  0
| 106|0x000000070e000000, 0x000000070e000000, 0x000000070e200000|  0%| F|  |TAMS 0x000000070e000000| PB 0x000000070e000000| Untracked |  0
| 107|0x000000070e200000, 0x000000070e200000, 0x000000070e400000|  0%| F|  |TAMS 0x000000070e200000| PB 0x000000070e200000| Untracked |  0
| 108|0x000000070e400000, 0x000000070e400000, 0x000000070e600000|  0%| F|  |TAMS 0x000000070e400000| PB 0x000000070e400000| Untracked |  0
| 109|0x000000070e600000, 0x000000070e600000, 0x000000070e800000|  0%| F|  |TAMS 0x000000070e600000| PB 0x000000070e600000| Untracked |  0
| 110|0x000000070e800000, 0x000000070e800000, 0x000000070ea00000|  0%| F|  |TAMS 0x000000070e800000| PB 0x000000070e800000| Untracked |  0
| 111|0x000000070ea00000, 0x000000070ea00000, 0x000000070ec00000|  0%| F|  |TAMS 0x000000070ea00000| PB 0x000000070ea00000| Untracked |  0
| 112|0x000000070ec00000, 0x000000070ec00000, 0x000000070ee00000|  0%| F|  |TAMS 0x000000070ec00000| PB 0x000000070ec00000| Untracked |  0
| 113|0x000000070ee00000, 0x000000070ee00000, 0x000000070f000000|  0%| F|  |TAMS 0x000000070ee00000| PB 0x000000070ee00000| Untracked |  0
| 114|0x000000070f000000, 0x000000070f000000, 0x000000070f200000|  0%| F|  |TAMS 0x000000070f000000| PB 0x000000070f000000| Untracked |  0
| 115|0x000000070f200000, 0x000000070f200000, 0x000000070f400000|  0%| F|  |TAMS 0x000000070f200000| PB 0x000000070f200000| Untracked |  0
| 116|0x000000070f400000, 0x000000070f400000, 0x000000070f600000|  0%| F|  |TAMS 0x000000070f400000| PB 0x000000070f400000| Untracked |  0
| 117|0x000000070f600000, 0x000000070f600000, 0x000000070f800000|  0%| F|  |TAMS 0x000000070f600000| PB 0x000000070f600000| Untracked |  0
| 118|0x000000070f800000, 0x000000070f800000, 0x000000070fa00000|  0%| F|  |TAMS 0x000000070f800000| PB 0x000000070f800000| Untracked |  0
| 119|0x000000070fa00000, 0x000000070fa00000, 0x000000070fc00000|  0%| F|  |TAMS 0x000000070fa00000| PB 0x000000070fa00000| Untracked |  0
| 120|0x000000070fc00000, 0x000000070fc00000, 0x000000070fe00000|  0%| F|  |TAMS 0x000000070fc00000| PB 0x000000070fc00000| Untracked |  0
| 121|0x000000070fe00000, 0x000000070fe00000, 0x0000000710000000|  0%| F|  |TAMS 0x000000070fe00000| PB 0x000000070fe00000| Untracked |  0
| 122|0x0000000710000000, 0x0000000710000000, 0x0000000710200000|  0%| F|  |TAMS 0x0000000710000000| PB 0x0000000710000000| Untracked |  0
| 123|0x0000000710200000, 0x00000007103c29d8, 0x0000000710400000| 88%| E|  |TAMS 0x0000000710200000| PB 0x0000000710200000| Complete |  0
| 124|0x0000000710400000, 0x0000000710600000, 0x0000000710600000|100%| E|CS|TAMS 0x0000000710400000| PB 0x0000000710400000| Complete |  0
| 125|0x0000000710600000, 0x0000000710800000, 0x0000000710800000|100%| E|CS|TAMS 0x0000000710600000| PB 0x0000000710600000| Complete |  0
| 126|0x0000000710800000, 0x0000000710a00000, 0x0000000710a00000|100%| E|CS|TAMS 0x0000000710800000| PB 0x0000000710800000| Complete |  0
| 127|0x0000000710a00000, 0x0000000710c00000, 0x0000000710c00000|100%| E|CS|TAMS 0x0000000710a00000| PB 0x0000000710a00000| Complete |  0
|2041|0x00000007ffe00000, 0x00000007fff24ea8, 0x0000000800000000| 57%| O|  |TAMS 0x00000007ffe00000| PB 0x00000007ffe00000| Untracked |  0

Card table byte_map: [0x0000020476ee0000,0x00000204776e0000] _byte_map_base: 0x00000204736da000

Marking Bits: (CMBitMap*) 0x000002045eb3c960
 Bits: [0x00000204776e0000, 0x000002047b6b0000)

Polling page: 0x000002045e2b0000

Metaspace:
Metaspace        used 6557K, committed 6656K, reserved 1114112K
 class space     used 740K, committed 768K, reserved 1048576K

Usage:
  Non-class:      5.68 MB used.
      Class:    740.66 KB used.
       Both:      6.40 MB used.

Virtual space:
  Non-class space:       64.00 MB reserved,       5.75 MB (  9%) committed,  1 nodes.
      Class space:        1.00 GB reserved,     768.00 KB ( <1%) committed,  1 nodes.
             Both:        1.06 GB reserved,       6.50 MB ( <1%) committed. 

Chunk freelists:
   Non-Class:  10.17 MB
       Class:  15.25 MB
        Both:  25.42 MB

MaxMetaspaceSize: unlimited
CompressedClassSpaceSize: 1.00 GB
Initial GC threshold: 21.00 MB
Current GC threshold: 21.00 MB
CDS: on
 - commit_granule_bytes: 65536.
 - commit_granule_words: 8192.
 - virtual_space_node_default_size: 8388608.
 - enlarge_chunks_in_place: 1.
UseCompressedClassPointers 1, UseCompactObjectHeaders 0
Narrow klass pointer bits 32, Max shift 3
Narrow klass base: 0x0000000019000000, Narrow klass shift: 0
Encoding Range: [0x0000000019000000 - 0x0000000119000000), (4294967296 bytes)
Klass Range:    [0x0000000019010000 - 0x000000005a000000), (1090453504 bytes)
Klass ID Range:  [65536 - 1090519033) (1090453497)
Protection zone: [0x0000000019000000 - 0x0000000019010000), (65536 bytes)


Internal statistics:

num_allocs_failed_limit: 0.
num_arena_births: 64.
num_arena_deaths: 0.
num_vsnodes_births: 2.
num_vsnodes_deaths: 0.
num_space_committed: 104.
num_space_uncommitted: 0.
num_chunks_returned_to_freelist: 0.
num_chunks_taken_from_freelist: 77.
num_chunk_merges: 0.
num_chunk_splits: 52.
num_chunks_enlarged: 31.
num_inconsistent_stats: 0.

CodeHeap 'non-profiled nmethods': size=120064Kb used=147Kb max_used=147Kb free=119916Kb
 bounds [0x000002046f090000, 0x000002046f300000, 0x00000204765d0000]
CodeHeap 'profiled nmethods': size=120000Kb used=842Kb max_used=842Kb free=119157Kb
 bounds [0x00000204675d0000, 0x0000020467840000, 0x000002046eb00000]
CodeHeap 'non-nmethods': size=5696Kb used=1430Kb max_used=1444Kb free=4265Kb
 bounds [0x000002046eb00000, 0x000002046ed70000, 0x000002046f090000]
CodeCache: size=245760Kb, used=2419Kb, max_used=2433Kb, free=243338Kb
 total_blobs=1145, nmethods=583, adapters=466, full_count=0
Compilation: enabled, stopped_count=0, restarted_count=0

Compilation events (20 events):
Event: 0.193 Thread 0x000002047de849c0  560       3       java.util.concurrent.ConcurrentHashMap$ValueIterator::next (34 bytes)
Event: 0.193 Thread 0x000002047de849c0 nmethod 560 0x0000020467686988 code [0x0000020467686a80, 0x0000020467686d68]
Event: 0.226 Thread 0x000002047de849c0  561       3       java.lang.invoke.MemberName::getType (19 bytes)
Event: 0.226 Thread 0x000002047de849c0 nmethod 561 0x0000020467686d88 code [0x0000020467686e80, 0x00000204676872d0]
Event: 0.227 Thread 0x000002047de849c0  562       3       jdk.internal.constant.MethodTypeDescImpl::ofValidated (27 bytes)
Event: 0.227 Thread 0x000002047de849c0 nmethod 562 0x0000020467687308 code [0x0000020467687400, 0x0000020467687908]
Event: 0.227 Thread 0x000002047de849c0  563       3       jdk.internal.constant.MethodTypeDescImpl::<init> (15 bytes)
Event: 0.227 Thread 0x000002047de849c0 nmethod 563 0x0000020467687988 code [0x0000020467687a80, 0x0000020467687cb0]
Event: 0.228 Thread 0x000002047de849c0  565       3       jdk.internal.misc.Unsafe::putLongUnaligned (157 bytes)
Event: 0.228 Thread 0x000002047de849c0 nmethod 565 0x0000020467687d08 code [0x0000020467687e00, 0x0000020467688368]
Event: 0.253 Thread 0x000002047de849c0  566       3       sun.invoke.util.VerifyAccess::ensureTypeVisible (47 bytes)
Event: 0.253 Thread 0x000002047de849c0 nmethod 566 0x0000020467688388 code [0x0000020467688480, 0x00000204676889d8]
Event: 0.253 Thread 0x000002047de849c0  567       3       jdk.internal.loader.NativeLibraries$NativeLibraryImpl::find (9 bytes)
Event: 0.253 Thread 0x000002047de849c0 nmethod 567 0x0000020467688a08 code [0x0000020467688b00, 0x0000020467688c38]
Event: 0.254 Thread 0x000002047de83db0  568       4       java.util.concurrent.ConcurrentHashMap::tabAt (21 bytes)
Event: 0.254 Thread 0x000002047de83db0 nmethod 568 0x000002046f0b3f08 code [0x000002046f0b4000, 0x000002046f0b4078]
Event: 0.255 Thread 0x000002047de849c0  569       3       javax.swing.UIDefaults$TextAndMnemonicHashMap::get (358 bytes)
Event: 0.256 Thread 0x000002047de83db0  576       4       jdk.internal.constant.MethodTypeDescImpl::parameterCount (6 bytes)
Event: 0.256 Thread 0x000002047de83db0 nmethod 576 0x000002046f0b4208 code [0x000002046f0b4300, 0x000002046f0b4390]
Event: 0.258 Thread 0x000002047de83db0  586       4       java.lang.StringLatin1::equals (36 bytes)

GC Heap Usage History (0 events):
No events

Metaspace Usage History (0 events):
No events

Dll operation events (8 events):
Event: 0.006 Loaded shared library C:\Program Files\Apache NetBeans\jdk\bin\java.dll
Event: 0.043 Loaded shared library C:\Program Files\Apache NetBeans\jdk\bin\jimage.dll
Event: 0.046 Loaded shared library C:\Program Files\Apache NetBeans\jdk\bin\net.dll
Event: 0.048 Loaded shared library C:\Program Files\Apache NetBeans\jdk\bin\nio.dll
Event: 0.050 Loaded shared library C:\Program Files\Apache NetBeans\jdk\bin\zip.dll
Event: 0.056 Loaded shared library C:\Program Files\Apache NetBeans\jdk\bin\awt.dll
Event: 0.143 Loaded shared library C:\Program Files\Apache NetBeans\jdk\bin\freetype.dll
Event: 0.144 Loaded shared library C:\Program Files\Apache NetBeans\jdk\bin\fontmanager.dll

Deoptimization events (0 events):
No events

Classes loaded (20 events):
Event: 0.256 Loading class javax/swing/plaf/synth/SynthContext done
Event: 0.256 Loading class javax/swing/plaf/nimbus/NimbusStyle
Event: 0.256 Loading class javax/swing/plaf/nimbus/NimbusStyle done
Event: 0.256 Loading class javax/swing/plaf/nimbus/NimbusStyle$1
Event: 0.256 Loading class javax/swing/plaf/nimbus/NimbusStyle$1 done
Event: 0.256 Loading class javax/swing/plaf/nimbus/NimbusStyle$CacheKey
Event: 0.256 Loading class javax/swing/plaf/nimbus/NimbusStyle$CacheKey done
Event: 0.256 Loading class javax/swing/plaf/nimbus/SynthPainterImpl
Event: 0.256 Loading class javax/swing/plaf/synth/SynthPainter
Event: 0.257 Loading class javax/swing/plaf/synth/SynthPainter done
Event: 0.257 Loading class javax/swing/plaf/nimbus/SynthPainterImpl done
Event: 0.257 Loading class javax/swing/plaf/synth/SynthPainter$1
Event: 0.257 Loading class javax/swing/plaf/synth/SynthPainter$1 done
Event: 0.257 Loading class javax/swing/plaf/synth/SynthBorder
Event: 0.257 Loading class javax/swing/plaf/synth/SynthBorder done
Event: 0.257 Loading class javax/swing/plaf/nimbus/NimbusStyle$Values
Event: 0.257 Loading class javax/swing/plaf/nimbus/NimbusStyle$Values done
Event: 0.257 Loading class java/util/Hashtable$EntrySet
Event: 0.257 Loading class java/util/Hashtable$EntrySet done
Event: 0.259 Loading class javax/swing/plaf/nimbus/NimbusStyle$RuntimeState

Classes unloaded (0 events):
No events

Classes redefined (0 events):
No events

Internal exceptions (20 events):
Event: 0.180 Thread 0x000002045c76c570 Exception <a 'java/lang/ClassNotFoundException'{0x0000000710582968}: PasswordField> (0x0000000710582968) 
thrown [s\src\hotspot\share\classfile\systemDictionary.cpp, line 327]
Event: 0.180 Thread 0x000002045c76c570 Exception <a 'java/lang/ClassNotFoundException'{0x0000000710582ec8}: TextArea> (0x0000000710582ec8) 
thrown [s\src\hotspot\share\classfile\systemDictionary.cpp, line 327]
Event: 0.180 Thread 0x000002045c76c570 Exception <a 'java/lang/ClassNotFoundException'{0x0000000710583818}: TextPane> (0x0000000710583818) 
thrown [s\src\hotspot\share\classfile\systemDictionary.cpp, line 327]
Event: 0.180 Thread 0x000002045c76c570 Exception <a 'java/lang/ClassNotFoundException'{0x0000000710583c80}: EditorPane> (0x0000000710583c80) 
thrown [s\src\hotspot\share\classfile\systemDictionary.cpp, line 327]
Event: 0.181 Thread 0x000002045c76c570 Exception <a 'java/lang/ClassNotFoundException'{0x00000007105845e8}: ToolBar> (0x00000007105845e8) 
thrown [s\src\hotspot\share\classfile\systemDictionary.cpp, line 327]
Event: 0.181 Thread 0x000002045c76c570 Exception <a 'java/lang/ClassNotFoundException'{0x0000000710584ae0}: ToolBar> (0x0000000710584ae0) 
thrown [s\src\hotspot\share\classfile\systemDictionary.cpp, line 327]
Event: 0.181 Thread 0x000002045c76c570 Exception <a 'java/lang/ClassNotFoundException'{0x0000000710584e40}: Button> (0x0000000710584e40) 
thrown [s\src\hotspot\share\classfile\systemDictionary.cpp, line 327]
Event: 0.181 Thread 0x000002045c76c570 Exception <a 'java/lang/ClassNotFoundException'{0x0000000710585308}: ToolBar> (0x0000000710585308) 
thrown [s\src\hotspot\share\classfile\systemDictionary.cpp, line 327]
Event: 0.181 Thread 0x000002045c76c570 Exception <a 'java/lang/ClassNotFoundException'{0x0000000710585678}: ToggleButton> (0x0000000710585678) 
thrown [s\src\hotspot\share\classfile\systemDictionary.cpp, line 327]
Event: 0.181 Thread 0x000002045c76c570 Exception <a 'java/lang/ClassNotFoundException'{0x0000000710585ab8}: javax/swing/JToolBarSeparator> (0x0000000710585ab8) 
thrown [s\src\hotspot\share\classfile\systemDictionary.cpp, line 327]
Event: 0.181 Thread 0x000002045c76c570 Exception <a 'java/lang/ClassNotFoundException'{0x0000000710585dc8}: ToolBarSeparator> (0x0000000710585dc8) 
thrown [s\src\hotspot\share\classfile\systemDictionary.cpp, line 327]
Event: 0.181 Thread 0x000002045c76c570 Exception <a 'java/lang/ClassNotFoundException'{0x00000007105862e8}: ToolTip> (0x00000007105862e8) 
thrown [s\src\hotspot\share\classfile\systemDictionary.cpp, line 327]
Event: 0.181 Thread 0x000002045c76c570 Exception <a 'java/lang/ClassNotFoundException'{0x0000000710586c40}: Tree> (0x0000000710586c40) 
thrown [s\src\hotspot\share\classfile\systemDictionary.cpp, line 327]
Event: 0.181 Thread 0x000002045c76c570 Exception <a 'java/lang/ClassNotFoundException'{0x0000000710587138}: Tree> (0x0000000710587138) 
thrown [s\src\hotspot\share\classfile\systemDictionary.cpp, line 327]
Event: 0.181 Thread 0x000002045c76c570 Exception <a 'java/lang/ClassNotFoundException'{0x00000007105874a8}: javax/swing/JTreeCell> (0x00000007105874a8) 
thrown [s\src\hotspot\share\classfile\systemDictionary.cpp, line 327]
Event: 0.181 Thread 0x000002045c76c570 Exception <a 'java/lang/ClassNotFoundException'{0x00000007105877b0}: TreeCell> (0x00000007105877b0) 
thrown [s\src\hotspot\share\classfile\systemDictionary.cpp, line 327]
Event: 0.182 Thread 0x000002045c76c570 Exception <a 'java/lang/ClassNotFoundException'{0x0000000710587f50}: RootPane> (0x0000000710587f50) 
thrown [s\src\hotspot\share\classfile\systemDictionary.cpp, line 327]
Event: 0.183 Thread 0x000002045c76c570 Exception <a 'java/lang/ClassNotFoundException'{0x000000071058ad18}: com/sun/swing/internal/plaf/metal/resources/spi/metalProvider> (0x000000071058ad18) 
thrown [s\src\hotspot\share\classfile\systemDictionary.cpp, line 327]
Event: 0.184 Thread 0x000002045c76c570 Exception <a 'java/lang/ClassNotFoundException'{0x000000071058f490}: com/sun/swing/internal/plaf/basic/resources/spi/basicProvider> (0x000000071058f490) 
thrown [s\src\hotspot\share\classfile\systemDictionary.cpp, line 327]
Event: 0.254 Thread 0x000002047e6f9ee0 Exception <a 'java/lang/ClassNotFoundException'{0x000000071023ce20}: com/sun/swing/internal/plaf/synth/resources/spi/synthProvider> (0x000000071023ce20) 
thrown [s\src\hotspot\share\classfile\systemDictionary.cpp, line 327]

VM Operations (4 events):
Event: 0.141 Executing non-safepoint VM operation: HandshakeAllThreads (Deoptimize)
Event: 0.141 Executing non-safepoint VM operation: HandshakeAllThreads (Deoptimize) done
Event: 0.183 Executing non-safepoint VM operation: HandshakeAllThreads (Deoptimize)
Event: 0.183 Executing non-safepoint VM operation: HandshakeAllThreads (Deoptimize) done

Memory protections (0 events):
No events

Nmethod flushes (0 events):
No events

Events (17 events):
Event: 0.017 Thread 0x000002045c76c570 Thread added: 0x000002045c76c570
Event: 0.025 Thread 0x000002045c76c570 Thread added: 0x000002047de74ce0
Event: 0.025 Thread 0x000002045c76c570 Thread added: 0x000002047de76150
Event: 0.025 Thread 0x000002045c76c570 Thread added: 0x000002047de787c0
Event: 0.025 Thread 0x000002045c76c570 Thread added: 0x000002047de7b6a0
Event: 0.025 Thread 0x000002045c76c570 Thread added: 0x000002047de7ce10
Event: 0.025 Thread 0x000002045c76c570 Thread added: 0x000002047de7c640
Event: 0.025 Thread 0x000002045c76c570 Thread added: 0x000002047de83db0
Event: 0.025 Thread 0x000002045c76c570 Thread added: 0x000002047de849c0
Event: 0.028 Thread 0x000002045c76c570 Thread added: 0x000002047de7aed0
Event: 0.030 Thread 0x000002045c76c570 Thread added: 0x000002047de7e580
Event: 0.087 Thread 0x000002045c76c570 Thread added: 0x000002047de77ff0
Event: 0.088 Thread 0x000002045c76c570 Thread added: 0x000002047e6f6830
Event: 0.088 Thread 0x000002045c76c570 Thread added: 0x000002047e6f29b0
Event: 0.190 Thread 0x000002045c76c570 Thread added: 0x000002047e6f9ee0
Event: 0.190 Thread 0x000002045c76c570 Thread exited: 0x000002045c76c570
Event: 0.190 Thread 0x000002047e6f6060 Thread added: 0x000002047e6f6060


Dynamic libraries:
0x00007ff65bd00000 - 0x00007ff65bd0e000 	C:\Program Files\Apache NetBeans\jdk\bin\java.exe
0x00007ffed0910000 - 0x00007ffed0b08000 	C:\Windows\SYSTEM32\ntdll.dll
0x00007ffecfd40000 - 0x00007ffecfe02000 	C:\Windows\System32\KERNEL32.DLL
0x00007ffece220000 - 0x00007ffece516000 	C:\Windows\System32\KERNELBASE.dll
0x00007ffece830000 - 0x00007ffece930000 	C:\Windows\System32\ucrtbase.dll
0x00007ffebdde0000 - 0x00007ffebddf6000 	C:\Program Files\Apache NetBeans\jdk\bin\jli.dll
0x00007ffec6510000 - 0x00007ffec652e000 	C:\Program Files\Apache NetBeans\jdk\bin\VCRUNTIME140.dll
0x00007ffed0720000 - 0x00007ffed08c1000 	C:\Windows\System32\USER32.dll
0x00007ffece800000 - 0x00007ffece822000 	C:\Windows\System32\win32u.dll
0x00007ffeb7d70000 - 0x00007ffeb800b000 	C:\Windows\WinSxS\amd64_microsoft.windows.common-controls_6595b64144ccf1df_6.0.19041.6456_none_60b8a6cb71f64256\COMCTL32.dll
0x00007ffecf8f0000 - 0x00007ffecf91b000 	C:\Windows\System32\GDI32.dll
0x00007ffed05a0000 - 0x00007ffed063e000 	C:\Windows\System32\msvcrt.dll
0x00007ffece100000 - 0x00007ffece219000 	C:\Windows\System32\gdi32full.dll
0x00007ffece520000 - 0x00007ffece5bd000 	C:\Windows\System32\msvcp_win.dll
0x00007ffecf450000 - 0x00007ffecf47f000 	C:\Windows\System32\IMM32.DLL
0x00007ffecad80000 - 0x00007ffecad8c000 	C:\Program Files\Apache NetBeans\jdk\bin\vcruntime140_1.dll
0x00007ffe99510000 - 0x00007ffe9959d000 	C:\Program Files\Apache NetBeans\jdk\bin\msvcp140.dll
0x00007ffe5fb60000 - 0x00007ffe60a86000 	C:\Program Files\Apache NetBeans\jdk\bin\server\jvm.dll
0x00007ffecf390000 - 0x00007ffecf441000 	C:\Windows\System32\ADVAPI32.dll
0x00007ffecfbf0000 - 0x00007ffecfc8f000 	C:\Windows\System32\sechost.dll
0x00007ffed0090000 - 0x00007ffed01b0000 	C:\Windows\System32\RPCRT4.dll
0x00007ffece7d0000 - 0x00007ffece7f7000 	C:\Windows\System32\bcrypt.dll
0x00007ffecfe10000 - 0x00007ffecfe7b000 	C:\Windows\System32\WS2_32.dll
0x00007ffecd980000 - 0x00007ffecd9cb000 	C:\Windows\SYSTEM32\POWRPROF.dll
0x00007ffec6170000 - 0x00007ffec617a000 	C:\Windows\SYSTEM32\VERSION.dll
0x00007ffec1ab0000 - 0x00007ffec1ad7000 	C:\Windows\SYSTEM32\WINMM.dll
0x00007ffecd940000 - 0x00007ffecd952000 	C:\Windows\SYSTEM32\UMPDC.dll
0x00007ffecbe30000 - 0x00007ffecbe42000 	C:\Windows\SYSTEM32\kernel.appcore.dll
0x00007ffec6660000 - 0x00007ffec666a000 	C:\Program Files\Apache NetBeans\jdk\bin\jimage.dll
0x00007ffeb8190000 - 0x00007ffeb8391000 	C:\Windows\SYSTEM32\DBGHELP.DLL
0x00007ffea8a70000 - 0x00007ffea8aa4000 	C:\Windows\SYSTEM32\dbgcore.DLL
0x00007ffece5c0000 - 0x00007ffece642000 	C:\Windows\System32\bcryptPrimitives.dll
0x00007ffebde00000 - 0x00007ffebde1e000 	C:\Program Files\Apache NetBeans\jdk\bin\java.dll
0x00007ffeceaf0000 - 0x00007ffecec1b000 	C:\Windows\System32\ole32.dll
0x00007ffed01d0000 - 0x00007ffed0524000 	C:\Windows\System32\combase.dll
0x00007ffecec20000 - 0x00007ffecf390000 	C:\Windows\System32\SHELL32.dll
0x00007ffecc030000 - 0x00007ffecc7d5000 	C:\Windows\SYSTEM32\windows.storage.dll
0x00007ffecd9d0000 - 0x00007ffecd9fb000 	C:\Windows\SYSTEM32\Wldp.dll
0x00007ffecffc0000 - 0x00007ffed008d000 	C:\Windows\System32\OLEAUT32.dll
0x00007ffecfc90000 - 0x00007ffecfd3d000 	C:\Windows\System32\SHCORE.dll
0x00007ffecfe80000 - 0x00007ffecfedb000 	C:\Windows\System32\shlwapi.dll
0x00007ffecded0000 - 0x00007ffecdef4000 	C:\Windows\SYSTEM32\profapi.dll
0x00007ffebdda0000 - 0x00007ffebddb1000 	C:\Program Files\Apache NetBeans\jdk\bin\net.dll
0x00007ffecd650000 - 0x00007ffecd6ba000 	C:\Windows\system32\mswsock.dll
0x00007ffebdd80000 - 0x00007ffebdd96000 	C:\Program Files\Apache NetBeans\jdk\bin\nio.dll
0x00007ffebddc0000 - 0x00007ffebddd7000 	C:\Program Files\Apache NetBeans\jdk\bin\zip.dll
0x00007ffe72970000 - 0x00007ffe72af0000 	C:\Program Files\Apache NetBeans\jdk\bin\awt.dll
0x00007ffecb460000 - 0x00007ffecb4f4000 	C:\Windows\SYSTEM32\apphelp.dll
0x00007ffecb940000 - 0x00007ffecb9de000 	C:\Windows\system32\uxtheme.dll
0x00007ffecfac0000 - 0x00007ffecfbd5000 	C:\Windows\System32\MSCTF.dll
0x00007ffecbc50000 - 0x00007ffecbc7e000 	C:\Windows\system32\DWMAPI.DLL
0x00007ffe97050000 - 0x00007ffe970d7000 	C:\Program Files\Apache NetBeans\jdk\bin\freetype.dll
0x00007ffe88900000 - 0x00007ffe889ef000 	C:\Program Files\Apache NetBeans\jdk\bin\fontmanager.dll
0x00007ffea4110000 - 0x00007ffea4238000 	C:\Windows\system32\opengl32.dll
0x00007ffebdc30000 - 0x00007ffebdc5c000 	C:\Windows\SYSTEM32\GLU32.dll
0x00007ffec39e0000 - 0x00007ffec3bb1000 	C:\Windows\system32\d3d9.dll
0x00007ffec1e40000 - 0x00007ffec1f42000 	C:\Windows\System32\DriverStore\FileRepository\nv_dispi.inf_amd64_1c83a5d7cffd7bff\nvldumdx.dll
0x00007ffecdb60000 - 0x00007ffecdb72000 	C:\Windows\SYSTEM32\msasn1.dll
0x00007ffec6130000 - 0x00007ffec6161000 	C:\Windows\SYSTEM32\cryptnet.dll
0x00007ffecdfa0000 - 0x00007ffece0fd000 	C:\Windows\System32\CRYPT32.dll
0x00007ffecd8b0000 - 0x00007ffecd8bc000 	C:\Windows\SYSTEM32\cryptbase.dll
0x00007ffece650000 - 0x00007ffece6c3000 	C:\Windows\System32\WINTRUST.DLL
0x00007ffed01b0000 - 0x00007ffed01cd000 	C:\Windows\System32\imagehlp.dll
0x00007ffecd8c0000 - 0x00007ffecd8d8000 	C:\Windows\SYSTEM32\CRYPTSP.dll
0x00007ffeccf70000 - 0x00007ffeccfa8000 	C:\Windows\system32\rsaenh.dll
0x00007ffe47770000 - 0x00007ffe4918b000 	C:\Windows\System32\DriverStore\FileRepository\nv_dispi.inf_amd64_1c83a5d7cffd7bff\nvd3dumx.dll

JVMTI agents: none

dbghelp: loaded successfully - version: 4.0.5 - missing functions: none
symbol engine: initialized successfully - sym options: 0x614 - pdb path: .;C:\Program Files\Apache NetBeans\jdk\bin;C:\Windows\SYSTEM32;C:\Windows\WinSxS\amd64_microsoft.windows.common-controls_6595b64144ccf1df_6.0.19041.6456_none_60b8a6cb71f64256;C:\Program Files\Apache NetBeans\jdk\bin\server;C:\Windows\System32\DriverStore\FileRepository\nv_dispi.inf_amd64_1c83a5d7cffd7bff

VM Arguments:
java_command: fis.poo.cinefis.vista.VistaLogin
java_class_path (initial): H:\ProyectosJava\CineFis\target\classes;C:\Users\ksang\.m2\repository\org\netbeans\external\AbsoluteLayout\RELEASE290\AbsoluteLayout-RELEASE290.jar
Launcher Type: SUN_STANDARD

[Global flags]
     intx CICompilerCount                          = 3                                         {product} {ergonomic}
     uint ConcGCThreads                            = 2                                         {product} {ergonomic}
     uint G1ConcRefinementThreads                  = 6                                         {product} {ergonomic}
   size_t G1HeapRegionSize                         = 2097152                                   {product} {ergonomic}
   size_t InitialHeapSize                          = 268435456                                 {product} {ergonomic}
   size_t MarkStackSize                            = 4194304                                   {product} {ergonomic}
   size_t MarkStackSizeMax                         = 536870912                                 {product} {ergonomic}
   size_t MaxHeapSize                              = 4282384384                                {product} {ergonomic}
   size_t MaxNewSize                               = 2569011200                                {product} {ergonomic}
   size_t MinHeapDeltaBytes                        = 2097152                                   {product} {ergonomic}
   size_t MinHeapSize                              = 8388608                                   {product} {ergonomic}
    uintx NonNMethodCodeHeapSize                   = 5832704                                {pd product} {ergonomic}
    uintx NonProfiledCodeHeapSize                  = 122945536                              {pd product} {ergonomic}
    uintx ProfiledCodeHeapSize                     = 122880000                              {pd product} {ergonomic}
    uintx ReservedCodeCacheSize                    = 251658240                              {pd product} {ergonomic}
     bool SegmentedCodeCache                       = true                                      {product} {ergonomic}
   size_t SoftMaxHeapSize                          = 4282384384                             {manageable} {ergonomic}
     bool UseCompressedOops                        = true                           {product lp64_product} {ergonomic}
     bool UseG1GC                                  = true                                      {product} {ergonomic}
     bool UseLargePagesIndividualAllocation        = false                                  {pd product} {ergonomic}

Logging:
Log output configuration:
 #0: stdout all=warning uptime,level,tags foldmultilines=false
 #1: stderr all=off uptime,level,tags foldmultilines=false

Release file:
IMPLEMENTOR="Eclipse Adoptium" 
IMPLEMENTOR_VERSION="Temurin-25.0.2+10" 
JAVA_RUNTIME_VERSION="25.0.2+10-LTS" 
JAVA_VERSION="25.0.2" 
JAVA_VERSION_DATE="2026-01-20" 
LIBC="default" 
MODULES="java.base java.compiler java.datatransfer java.xml java.prefs java.desktop java.instrument java.logging java.management java.security.sasl java.naming java.rmi java.management.rmi java.net.http java.scripting java.security.jgss java.transaction.xa java.sql java.sql.rowset java.xml.crypto java.se java.smartcardio jdk.accessibility jdk.internal.jvmstat jdk.attach jdk.charsets jdk.internal.opt jdk.zipfs jdk.compiler jdk.crypto.cryptoki jdk.crypto.ec jdk.crypto.mscapi jdk.dynalink jdk.internal.ed jdk.editpad jdk.internal.vm.ci jdk.graal.compiler jdk.graal.compiler.management jdk.hotspot.agent jdk.httpserver jdk.incubator.vector jdk.internal.le jdk.internal.md jdk.jartool jdk.javadoc jdk.jcmd jdk.management jdk.management.agent jdk.jconsole jdk.jdeps jdk.jdwp.agent jdk.jdi jdk.jfr jdk.jlink jdk.jpackage jdk.jshell jdk.jsobject jdk.jstatd jdk.localedata jdk.management.jfr jdk.naming.dns jdk.naming.rmi jdk.net jdk.nio.mapmode jdk.sctp jdk.security.auth jdk.security.jgss jdk.unsupported jdk.unsupported.desktop jdk.xml.dom" 
OS_ARCH="x86_64" 
OS_NAME="Windows" 
SOURCE=".:git:9e3c947043a4" 
BUILD_SOURCE="git:458965074606f027bd5afce2cfd5c1055dea0438"
BUILD_SOURCE_REPO="https://github.com/adoptium/temurin-build.git"
SOURCE_REPO="https://github.com/adoptium/jdk25u.git"
FULL_VERSION="25.0.2+10-LTS"
SEMANTIC_VERSION="25.0.2+10"
BUILD_INFO="OS: Windows Server 2022 Version: 10.0"
JVM_VARIANT="Hotspot"
JVM_VERSION="25.0.2+10-LTS"
IMAGE_TYPE="JDK"

Environment Variables:
JAVA_HOME=C:\Program Files\Apache NetBeans\jdk
PATH=C:\Program Files\Common Files\Oracle\Java\javapath;C:\Program Files (x86)\VMware\VMware Workstation\bin\;C:\Windows\system32;C:\Windows;C:\Windows\System32\Wbem;C:\Windows\System32\WindowsPowerShell\v1.0\;C:\Windows\System32\OpenSSH\;C:\Program Files\dotnet\;C:\Program Files (x86)\Microsoft SQL Server\170\Tools\Binn\;C:\Program Files\Microsoft SQL Server\170\Tools\Binn\;C:\Program Files\Microsoft SQL Server\Client SDK\ODBC\180\Tools\Binn\;C:\Program Files\Microsoft SQL Server\170\DTS\Binn\;C:\Program Files\Git\cmd;C:\Users\ksang\AppData\Local\Microsoft\WindowsApps;C:\Users\ksang\AppData\Local\Programs\Microsoft VS Code\bin;C:\Users\ksang\.dotnet\tools;C:\Program Files\Apache NetBeans\bin\
USERNAME=ksang
OS=Windows_NT
PROCESSOR_IDENTIFIER=Intel64 Family 6 Model 158 Stepping 10, GenuineIntel
TMP=C:\Users\ksang\AppData\Local\Temp
TEMP=C:\Users\ksang\AppData\Local\Temp




Compilation memory statistics disabled.

Periodic native trim disabled

---------------  S Y S T E M  ---------------

OS:
 Windows 10 , 64 bit Build 19041 (10.0.19041.5915)
OS uptime: 12 days 6:38 hours

CPU: total 6 (initial active 6) (6 cores per cpu, 1 threads per core) family 6 model 158 stepping 10 microcode 0xca, cx8, cmov, fxsr, mmx, 3dnowpref, sse, sse2, sse3, ssse3, sse4.1, sse4.2, popcnt, lzcnt, tsc, tscinvbit, avx, avx2, aes, erms, clmul, bmi1, bmi2, adx, fma, vzeroupper, clflush, clflushopt, rdtscp, f16c
Processor Information for the first 6 processors :
  Max Mhz: 2904, Current Mhz: 2904, Mhz Limit: 2904

Memory: 4k page, system-wide physical 16328M (4808M free)
TotalPageFile size 20931M (AvailPageFile size 2M)
current process WorkingSet (physical memory assigned to process): 70M, peak: 70M
current process commit charge ("private bytes"): 361M, peak: 361M

vm_info: OpenJDK 64-Bit Server VM (25.0.2+10-LTS) for windows-amd64 JRE (25.0.2+10-LTS), built on 2026-01-20T00:00:00Z with MS VC++ 17.12 (VS2022)

END.
